H23Rx.c:880:22:btGetInfoCommand	8	static,ignoring_inline_asm
H23Rx.c:187:6:SystemClock_Config	128	static
H23Rx.c:234:9:SaveToRO	72	static
H23Rx.c:330:9:ClearROtopology	8	static
H23Rx.c:340:6:cleanListBtcDevices	16	static
H23Rx.c:354:6:copyDataToListBtcDevice	16	static
H23Rx.c:648:6:RegisterModuleCLICommands	8	static
H23Rx.c:664:6:btEnableHandshakeUart	8	static
H23Rx.c:674:6:btDisableHandshakeUart	8	static
H23Rx.c:684:6:btWaitEventFinishTransmission	24	static
H23Rx.c:1069:22:btScanCommand	24	static,ignoring_inline_asm
H23Rx.c:1097:22:btConnectCommand	32	static,ignoring_inline_asm
H23Rx.c:701:6:btSendMsgToTerminal	24	static
H23Rx.c:718:6:btSendMsgToModule	16	static
H23Rx.c:362:6:sendListBtcDevices	24	static
H23Rx.c:437:6:ControlBluetoothTask	80	static
H23Rx.c:731:19:btSendCommandToBtc	16	static
H23Rx.c:1035:22:btDeleteScriptCommand	8	static,ignoring_inline_asm
H23Rx.c:743:6:btResetBt900Module	16	static
H23Rx.c:902:22:btResetCommand	8	static,ignoring_inline_asm
H23Rx.c:755:15:btVspMode	8	static
H23Rx.c:989:22:btVspModeCommand	24	static,ignoring_inline_asm
H23Rx.c:784:15:btDownloadScript	32	static
H23Rx.c:921:22:btDownloadScriptCommand	32	static,ignoring_inline_asm
H23Rx.c:824:6:btRunScript	8	static
H23Rx.c:972:22:btRunScriptCommand	8	static,ignoring_inline_asm
H23Rx.c:385:6:Module_Init	32	static
H23Rx.c:561:15:Module_MessagingTask	24	static
H23Rx.c:837:6:btDevelopmentMode	8	static
H23Rx.c:851:9:GetPort	0	static
