H23Rx_uart.c:56:6:MX_USART1_UART_Init	8	static
H23Rx_uart.c:79:6:MX_USART2_UART_Init	8	static
H23Rx_uart.c:102:6:MX_USART3_UART_Init	8	static
H23Rx_uart.c:125:6:MX_USART4_UART_Init	8	static
H23Rx_uart.c:148:6:MX_USART5_UART_Init	8	static
H23Rx_uart.c:171:6:MX_USART6_UART_Init	8	static
H23Rx_uart.c:192:6:HAL_UART_MspInit	80	static
H23Rx_uart.c:464:21:GetUart	0	static
H23Rx_uart.c:356:19:readPxMutex	32	static
H23Rx_uart.c:376:19:writePxMutex	32	static
H23Rx_uart.c:396:19:readPxITMutex	32	static
H23Rx_uart.c:412:19:writePxITMutex	32	static
H23Rx_uart.c:428:19:writePxDMAMutex	32	static
H23Rx_uart.c:448:12:UpdateBaudrate	8	static
H23Rx_uart.c:517:6:SwapUartPins	16	static
