Component: ARM Compiler 5.06 update 7 (build 960) Tool: armlink [4d3601]

==============================================================================

Section Cross References

    main.o(i.main) refers to stm32f0xx_hal.o(i.HAL_Init) for HAL_Init
    main.o(i.main) refers to bos.o(i.SystemClock_Config) for SystemClock_Config
    main.o(i.main) refers to bos.o(i.BOS_Init) for BOS_Init
    main.o(i.main) refers to bos_freertos.o(i.MX_FREERTOS_Init) for MX_FREERTOS_Init
    main.o(i.main) refers to cmsis_os.o(i.osKernelStart) for osKernelStart
    system_stm32f0xx.o(i.SystemCoreClockUpdate) refers to uidiv.o(.text) for __aeabi_uidivmod
    system_stm32f0xx.o(i.SystemCoreClockUpdate) refers to system_stm32f0xx.o(.data) for SystemCoreClock
    stm32f0xx_hal.o(i.HAL_DeInit) refers to stm32f0xx_hal.o(i.HAL_MspDeInit) for HAL_MspDeInit
    stm32f0xx_hal.o(i.HAL_Delay) refers to stm32f0xx_hal.o(i.HAL_GetTick) for HAL_GetTick
    stm32f0xx_hal.o(i.HAL_GetTick) refers to stm32f0xx_hal.o(.data) for uwTick
    stm32f0xx_hal.o(i.HAL_IncTick) refers to stm32f0xx_hal.o(.data) for uwTick
    stm32f0xx_hal.o(i.HAL_Init) refers to stm32f0xx_hal.o(i.HAL_InitTick) for HAL_InitTick
    stm32f0xx_hal.o(i.HAL_Init) refers to stm32f0xx_hal.o(i.HAL_MspInit) for HAL_MspInit
    stm32f0xx_hal.o(i.HAL_InitTick) refers to stm32f0xx_hal_rcc.o(i.HAL_RCC_GetHCLKFreq) for HAL_RCC_GetHCLKFreq
    stm32f0xx_hal.o(i.HAL_InitTick) refers to uidiv.o(.text) for __aeabi_uidivmod
    stm32f0xx_hal.o(i.HAL_InitTick) refers to stm32f0xx_hal_cortex.o(i.HAL_SYSTICK_Config) for HAL_SYSTICK_Config
    stm32f0xx_hal.o(i.HAL_InitTick) refers to stm32f0xx_hal_cortex.o(i.HAL_NVIC_SetPriority) for HAL_NVIC_SetPriority
    stm32f0xx_hal_cortex.o(i.HAL_NVIC_SetPriority) refers to stm32f0xx_hal_cortex.o(i.NVIC_SetPriority) for NVIC_SetPriority
    stm32f0xx_hal_cortex.o(i.HAL_SYSTICK_Config) refers to stm32f0xx_hal_cortex.o(i.NVIC_SetPriority) for NVIC_SetPriority
    stm32f0xx_hal_cortex.o(i.HAL_SYSTICK_IRQHandler) refers to stm32f0xx_hal_cortex.o(i.HAL_SYSTICK_Callback) for HAL_SYSTICK_Callback
    stm32f0xx_hal_dma.o(i.HAL_DMA_Abort) refers to stm32f0xx_hal.o(i.HAL_GetTick) for HAL_GetTick
    stm32f0xx_hal_dma.o(i.HAL_DMA_PollForTransfer) refers to stm32f0xx_hal.o(i.HAL_GetTick) for HAL_GetTick
    stm32f0xx_hal_dma.o(i.HAL_DMA_Start) refers to stm32f0xx_hal_dma.o(i.DMA_SetConfig) for DMA_SetConfig
    stm32f0xx_hal_dma.o(i.HAL_DMA_Start_IT) refers to stm32f0xx_hal_dma.o(i.DMA_SetConfig) for DMA_SetConfig
    stm32f0xx_hal_flash.o(i.FLASH_Program_HalfWord) refers to stm32f0xx_hal_flash.o(.bss) for pFlash
    stm32f0xx_hal_flash.o(i.FLASH_SetErrorCode) refers to stm32f0xx_hal_flash.o(.bss) for pFlash
    stm32f0xx_hal_flash.o(i.FLASH_WaitForLastOperation) refers to stm32f0xx_hal.o(i.HAL_GetTick) for HAL_GetTick
    stm32f0xx_hal_flash.o(i.FLASH_WaitForLastOperation) refers to stm32f0xx_hal_flash.o(i.FLASH_SetErrorCode) for FLASH_SetErrorCode
    stm32f0xx_hal_flash.o(i.HAL_FLASH_GetError) refers to stm32f0xx_hal_flash.o(.bss) for pFlash
    stm32f0xx_hal_flash.o(i.HAL_FLASH_IRQHandler) refers to stm32f0xx_hal_flash.o(i.FLASH_SetErrorCode) for FLASH_SetErrorCode
    stm32f0xx_hal_flash.o(i.HAL_FLASH_IRQHandler) refers to stm32f0xx_hal_flash.o(i.HAL_FLASH_OperationErrorCallback) for HAL_FLASH_OperationErrorCallback
    stm32f0xx_hal_flash.o(i.HAL_FLASH_IRQHandler) refers to stm32f0xx_hal_flash.o(i.HAL_FLASH_EndOfOperationCallback) for HAL_FLASH_EndOfOperationCallback
    stm32f0xx_hal_flash.o(i.HAL_FLASH_IRQHandler) refers to stm32f0xx_hal_flash_ex.o(i.FLASH_PageErase) for FLASH_PageErase
    stm32f0xx_hal_flash.o(i.HAL_FLASH_IRQHandler) refers to stm32f0xx_hal_flash.o(i.FLASH_Program_HalfWord) for FLASH_Program_HalfWord
    stm32f0xx_hal_flash.o(i.HAL_FLASH_IRQHandler) refers to stm32f0xx_hal_flash.o(.bss) for pFlash
    stm32f0xx_hal_flash.o(i.HAL_FLASH_OB_Launch) refers to stm32f0xx_hal_flash.o(i.FLASH_WaitForLastOperation) for FLASH_WaitForLastOperation
    stm32f0xx_hal_flash.o(i.HAL_FLASH_Program) refers to stm32f0xx_hal_flash.o(i.FLASH_WaitForLastOperation) for FLASH_WaitForLastOperation
    stm32f0xx_hal_flash.o(i.HAL_FLASH_Program) refers to llushr.o(.text) for __aeabi_llsr
    stm32f0xx_hal_flash.o(i.HAL_FLASH_Program) refers to stm32f0xx_hal_flash.o(i.FLASH_Program_HalfWord) for FLASH_Program_HalfWord
    stm32f0xx_hal_flash.o(i.HAL_FLASH_Program) refers to stm32f0xx_hal_flash.o(.bss) for pFlash
    stm32f0xx_hal_flash.o(i.HAL_FLASH_Program_IT) refers to stm32f0xx_hal_flash.o(i.FLASH_Program_HalfWord) for FLASH_Program_HalfWord
    stm32f0xx_hal_flash.o(i.HAL_FLASH_Program_IT) refers to stm32f0xx_hal_flash.o(.bss) for pFlash
    stm32f0xx_hal_flash_ex.o(i.FLASH_MassErase) refers to stm32f0xx_hal_flash.o(.bss) for pFlash
    stm32f0xx_hal_flash_ex.o(i.FLASH_OB_DisableWRP) refers to stm32f0xx_hal_flash_ex.o(i.FLASH_OB_GetWRP) for FLASH_OB_GetWRP
[...]
    HAL_TIM_Base_Init                        0x080067cb   Thumb Code    56  stm32f0xx_hal_tim.o(i.HAL_TIM_Base_Init)
    HAL_TIM_Base_MspInit                     0x08006803   Thumb Code     2  stm32f0xx_hal_tim.o(i.HAL_TIM_Base_MspInit)
    HAL_TIM_Base_Start                       0x08006805   Thumb Code    30  stm32f0xx_hal_tim.o(i.HAL_TIM_Base_Start)
    HAL_TIM_Base_Stop                        0x08006825   Thumb Code    58  stm32f0xx_hal_tim.o(i.HAL_TIM_Base_Stop)
    HAL_UARTEx_WakeupCallback                0x08006865   Thumb Code     2  stm32f0xx_hal_uart_ex.o(i.HAL_UARTEx_WakeupCallback)
    HAL_UART_DeInit                          0x08006867   Thumb Code    72  stm32f0xx_hal_uart.o(i.HAL_UART_DeInit)
    HAL_UART_ErrorCallback                   0x080068b1   Thumb Code    22  h23rx_it.o(i.HAL_UART_ErrorCallback)
    HAL_UART_IRQHandler                      0x080068cd   Thumb Code   334  stm32f0xx_hal_uart_ex.o(i.HAL_UART_IRQHandler)
    HAL_UART_Init                            0x08006a1b   Thumb Code   130  stm32f0xx_hal_uart.o(i.HAL_UART_Init)
    HAL_UART_MspDeInit                       0x08006a9d   Thumb Code     2  stm32f0xx_hal_uart.o(i.HAL_UART_MspDeInit)
    HAL_UART_MspInit                         0x08006aa1   Thumb Code   706  h23rx_uart.o(i.HAL_UART_MspInit)
    HAL_UART_Receive                         0x08006d85   Thumb Code   326  stm32f0xx_hal_uart.o(i.HAL_UART_Receive)
    HAL_UART_Receive_DMA                     0x08006ed1   Thumb Code   158  stm32f0xx_hal_uart.o(i.HAL_UART_Receive_DMA)
    HAL_UART_Receive_IT                      0x08006f7d   Thumb Code   238  stm32f0xx_hal_uart.o(i.HAL_UART_Receive_IT)
    HAL_UART_RxCpltCallback                  0x08007071   Thumb Code   338  h23rx_it.o(i.HAL_UART_RxCpltCallback)
    HAL_UART_RxHalfCpltCallback              0x080071e9   Thumb Code     2  stm32f0xx_hal_uart.o(i.HAL_UART_RxHalfCpltCallback)
    HAL_UART_Transmit                        0x080071eb   Thumb Code   238  stm32f0xx_hal_uart.o(i.HAL_UART_Transmit)
    HAL_UART_Transmit_IT                     0x080072d9   Thumb Code   132  stm32f0xx_hal_uart.o(i.HAL_UART_Transmit_IT)
    HAL_UART_TxCpltCallback                  0x0800735d   Thumb Code    36  h23rx_it.o(i.HAL_UART_TxCpltCallback)
    HardFault_Handler                        0x08007389   Thumb Code     4  h23rx_it.o(i.HardFault_Handler)
    IND_LED_Init                             0x0800738d   Thumb Code    36  h23rx_gpio.o(i.IND_LED_Init)
    IsFactoryReset                           0x080073b1   Thumb Code   282  bos.o(i.IsFactoryReset)
    IsLowerCLIbaud                           0x080074d5   Thumb Code   152  bos.o(i.IsLowerCLIbaud)
    IsMathOperator                           0x0800756d   Thumb Code   116  bos.o(i.IsMathOperator)
    IsModuleParameter                        0x080075f9   Thumb Code    46  bos.o(i.IsModuleParameter)
    LoadEEalias                              0x0800762d   Thumb Code   106  bos.o(i.LoadEEalias)
    LoadEEbuttons                            0x080076a5   Thumb Code   420  bos.o(i.LoadEEbuttons)
    LoadEEgroup                              0x08007851   Thumb Code   144  bos.o(i.LoadEEgroup)
    LoadEEparams                             0x080078f1   Thumb Code   284  bos.o(i.LoadEEparams)
    LoadEEportsDir                           0x08007a19   Thumb Code    52  bos.o(i.LoadEEportsDir)
    LoadEEstreams                            0x08007a59   Thumb Code   290  bos.o(i.LoadEEstreams)
    LoadEEvars                               0x08007b99   Thumb Code    36  bos.o(i.LoadEEvars)
    LoadROsnippets                           0x08007bbd   Thumb Code   236  bos.o(i.LoadROsnippets)
    LoadROtopology                           0x08007cb5   Thumb Code   112  bos.o(i.LoadROtopology)
    MX_DMA_Init                              0x08007d39   Thumb Code    84  h23rx_dma.o(i.MX_DMA_Init)
    MX_FREERTOS_Init                         0x08007d91   Thumb Code   436  bos_freertos.o(i.MX_FREERTOS_Init)
    MX_GPIO_Init                             0x08007fe9   Thumb Code   160  h23rx_gpio.o(i.MX_GPIO_Init)
    MX_TIM_USEC_Init                         0x0800808d   Thumb Code    84  bos.o(i.MX_TIM_USEC_Init)
    MX_USART1_UART_Init                      0x080080f1   Thumb Code    50  h23rx_uart.o(i.MX_USART1_UART_Init)
    MX_USART2_UART_Init                      0x0800812d   Thumb Code    50  h23rx_uart.o(i.MX_USART2_UART_Init)
    MX_USART3_UART_Init                      0x08008169   Thumb Code    50  h23rx_uart.o(i.MX_USART3_UART_Init)
    MX_USART4_UART_Init                      0x080081a5   Thumb Code    50  h23rx_uart.o(i.MX_USART4_UART_Init)
    MX_USART5_UART_Init                      0x080081e1   Thumb Code    50  h23rx_uart.o(i.MX_USART5_UART_Init)
    MX_USART6_UART_Init                      0x0800821d   Thumb Code    50  h23rx_uart.o(i.MX_USART6_UART_Init)
    Module_Init                              0x08008259   Thumb Code   150  h23rx.o(i.Module_Init)
    Module_MessagingTask                     0x08008329   Thumb Code   380  h23rx.o(i.Module_MessagingTask)
    NameModule                               0x08008575   Thumb Code   194  bos.o(i.NameModule)
    NotifyMessagingTaskFromISR               0x08008651   Thumb Code   102  bos.o(i.NotifyMessagingTaskFromISR)
    ParseSnippetCommand                      0x080086d1   Thumb Code   142  bos_cli.o(i.ParseSnippetCommand)
    ParseSnippetCondition                    0x08008771   Thumb Code  1344  bos_cli.o(i.ParseSnippetCondition)
    PortMemDMA1_Init                         0x08008cb9   Thumb Code    42  h23rx_dma.o(i.PortMemDMA1_Init)
    PortMemDMA1_Setup                        0x08008ced   Thumb Code   380  h23rx_dma.o(i.PortMemDMA1_Setup)
    PortMemDMA2_Init                         0x08008e95   Thumb Code    42  h23rx_dma.o(i.PortMemDMA2_Init)
    PortMemDMA3_Init                         0x08008ec9   Thumb Code    42  h23rx_dma.o(i.PortMemDMA3_Init)
    PortMemDMA3_Setup                        0x08008efd   Thumb Code   348  h23rx_dma.o(i.PortMemDMA3_Setup)
    PortPortDMA1_Init                        0x08009085   Thumb Code    38  h23rx_dma.o(i.PortPortDMA1_Init)
    PortPortDMA1_Setup                       0x080090b5   Thumb Code   378  h23rx_dma.o(i.PortPortDMA1_Setup)
    PortPortDMA2_Init                        0x08009265   Thumb Code    38  h23rx_dma.o(i.PortPortDMA2_Init)
    PortPortDMA2_Setup                       0x08009295   Thumb Code   408  h23rx_dma.o(i.PortPortDMA2_Setup)
    PortPortDMA3_Init                        0x08009461   Thumb Code    38  h23rx_dma.o(i.PortPortDMA3_Init)
    PortPortDMA3_Setup                       0x08009491   Thumb Code   408  h23rx_dma.o(i.PortPortDMA3_Setup)
    PxMessagingTask                          0x0800965d   Thumb Code  8974  bos.o(i.PxMessagingTask)
    QnotEmpty                                0x0800b98d   Thumb Code    26  bos.o(i.QnotEmpty)
    RTC_Bcd2ToByte                           0x0800b9ad   Thumb Code    26  stm32f0xx_hal_rtc.o(i.RTC_Bcd2ToByte)
    RTC_ByteToBcd2                           0x0800b9c7   Thumb Code    26  stm32f0xx_hal_rtc.o(i.RTC_ByteToBcd2)
    RTC_CalendarConfig                       0x0800b9e1   Thumb Code   224  bos.o(i.RTC_CalendarConfig)
    RTC_EnterInitMode                        0x0800bae9   Thumb Code    66  stm32f0xx_hal_rtc.o(i.RTC_EnterInitMode)
    RTC_Init                                 0x0800bb2d   Thumb Code   134  bos.o(i.RTC_Init)
    ReadPortsDir                             0x0800bbcd   Thumb Code   122  bos.o(i.ReadPortsDir)
    RegisterModuleCLICommands                0x0800bc59   Thumb Code    52  h23rx.o(i.RegisterModuleCLICommands)
    RemovePortButton                         0x0800bcad   Thumb Code   306  bos.o(i.RemovePortButton)
    SVC_Handler                              0x0800be11   Thumb Code     2  port.o(i.SVC_Handler)
    SaveEEalias                              0x0800be15   Thumb Code   102  bos.o(i.SaveEEalias)
    SaveEEparams                             0x0800be89   Thumb Code   126  bos.o(i.SaveEEparams)
    SaveEEportsDir                           0x0800bf11   Thumb Code    64  bos.o(i.SaveEEportsDir)
    SaveEEstreams                            0x0800bf5d   Thumb Code   124  bos.o(i.SaveEEstreams)
    SaveToRO                                 0x0800bfdd   Thumb Code   474  bos.o(i.SaveToRO)
    SendMessageFromPort                      0x0800c1e1   Thumb Code   344  bos.o(i.SendMessageFromPort)
    SendMessageToModule                      0x0800c35d   Thumb Code    74  bos.o(i.SendMessageToModule)
    SetButtonEvents                          0x0800c3b1   Thumb Code   954  bos.o(i.SetButtonEvents)
    SetupDMAStreamsFromMessage               0x0800c775   Thumb Code   624  bos.o(i.SetupDMAStreamsFromMessage)
    SetupPortForRemoteBootloaderUpdate       0x0800ca01   Thumb Code    48  bos.o(i.SetupPortForRemoteBootloaderUpdate)
    StartDefaultTask                         0x0800ca31   Thumb Code   196  bos_freertos.o(i.StartDefaultTask)
    StartMicroDelay                          0x0800cb05   Thumb Code    70  bos.o(i.StartMicroDelay)
    StartMilliDelay                          0x0800cb55   Thumb Code    72  bos.o(i.StartMilliDelay)
    StartScastDMAStream                      0x0800cba1   Thumb Code   630  bos.o(i.StartScastDMAStream)
    StopPortPortDMA1                         0x0800ce41   Thumb Code    84  h23rx_dma.o(i.StopPortPortDMA1)
    StopPortPortDMA2                         0x0800cead   Thumb Code    84  h23rx_dma.o(i.StopPortPortDMA2)
    StopPortPortDMA3                         0x0800cf19   Thumb Code    84  h23rx_dma.o(i.StopPortPortDMA3)
    StreamTimerCallback                      0x0800cf85   Thumb Code    66  bos.o(i.StreamTimerCallback)
    StringToLowerCase                        0x0800cfc7   Thumb Code    26  bos_cli.o(i.StringToLowerCase)
    SwapUartPins                             0x0800cfe1   Thumb Code   124  bos.o(i.SwapUartPins)
    SysTick_Handler                          0x0800d065   Thumb Code    12  h23rx_it.o(i.SysTick_Handler)
    SystemClock_Config                       0x0800d071   Thumb Code   198  bos.o(i.SystemClock_Config)
    SystemInit                               0x0800d141   Thumb Code   102  system_stm32f0xx.o(i.SystemInit)
    TIM_Base_SetConfig                       0x0800d1b9   Thumb Code   140  stm32f0xx_hal_tim.o(i.TIM_Base_SetConfig)
    UART_AdvFeatureConfig                    0x0800d25d   Thumb Code   240  stm32f0xx_hal_uart.o(i.UART_AdvFeatureConfig)
    UART_CheckIdleState                      0x0800d34d   Thumb Code   120  stm32f0xx_hal_uart.o(i.UART_CheckIdleState)
    UART_EndTransmit_IT                      0x0800d447   Thumb Code    60  stm32f0xx_hal_uart.o(i.UART_EndTransmit_IT)
    UART_Receive_IT                          0x0800d483   Thumb Code   168  stm32f0xx_hal_uart.o(i.UART_Receive_IT)
    UART_SetConfig                           0x0800d52d   Thumb Code   584  stm32f0xx_hal_uart.o(i.UART_SetConfig)
    UART_Transmit_IT                         0x0800d7a9   Thumb Code   122  stm32f0xx_hal_uart.o(i.UART_Transmit_IT)
    UART_WaitOnFlagUntilTimeout              0x0800d823   Thumb Code   254  stm32f0xx_hal_uart.o(i.UART_WaitOnFlagUntilTimeout)
    USART1_IRQHandler                        0x0800d921   Thumb Code    24  h23rx_it.o(i.USART1_IRQHandler)
    USART2_IRQHandler                        0x0800d941   Thumb Code    24  h23rx_it.o(i.USART2_IRQHandler)
    USART3_8_IRQHandler                      0x0800d961   Thumb Code    42  h23rx_it.o(i.USART3_8_IRQHandler)
    UpdateBaudrate                           0x0800d9a1   Thumb Code    28  h23rx_uart.o(i.UpdateBaudrate)
    UpdateMyPortsDir                         0x0800d9bd   Thumb Code    76  bos.o(i.UpdateMyPortsDir)
    UserTask                                 0x0800da11   Thumb Code     4  main.o(i.UserTask)
    __0sprintf                               0x0800da15   Thumb Code    36  printfa.o(i.__0sprintf)
    __1sprintf                               0x0800da15   Thumb Code     0  printfa.o(i.__0sprintf)
    __2sprintf                               0x0800da15   Thumb Code     0  printfa.o(i.__0sprintf)
    __c89sprintf                             0x0800da15   Thumb Code     0  printfa.o(i.__0sprintf)
    sprintf                                  0x0800da15   Thumb Code     0  printfa.o(i.__0sprintf)
    __ARM_clz                                0x0800da3d   Thumb Code    46  depilogue.o(i.__ARM_clz)
    __ARM_common_switch8                     0x0800da6b   Thumb Code    28  stm32f0xx_hal_tim.o(i.__ARM_common_switch8)
    __aeabi_errno_addr                       0x0800da89   Thumb Code     4  errno.o(i.__aeabi_errno_addr)
    __rt_errno_addr                          0x0800da89   Thumb Code     0  errno.o(i.__aeabi_errno_addr)
    free                                     0x0800da91   Thumb Code    94  mallocr.o(i.__free$realloc)
    malloc                                   0x0800daf5   Thumb Code    54  mallocr.o(i.__malloc$realloc)
    __read_errno                             0x0800db3d   Thumb Code     6  errno.o(i.__read_errno)
    __scatterload_copy                       0x0800db49   Thumb Code    14  handlers.o(i.__scatterload_copy)
    __scatterload_null                       0x0800db57   Thumb Code     2  handlers.o(i.__scatterload_null)
    __scatterload_zeroinit                   0x0800db59   Thumb Code    14  handlers.o(i.__scatterload_zeroinit)
    __set_errno                              0x0800db69   Thumb Code     6  errno.o(i.__set_errno)
    _is_digit                                0x0800dce9   Thumb Code    14  scanf_fp.o(i._is_digit)
    atof                                     0x0800e5d1   Thumb Code    42  atof.o(i.atof)
    btDisableHandshakeUart                   0x0800e94d   Thumb Code    96  h23rx.o(i.btDisableHandshakeUart)
    btDownloadScript                         0x0800e9ad   Thumb Code   172  h23rx.o(i.btDownloadScript)
    btEnableHandshakeUart                    0x0800ec05   Thumb Code    96  h23rx.o(i.btEnableHandshakeUart)
    btResetBt900Module                       0x0800eca5   Thumb Code    36  h23rx.o(i.btResetBt900Module)
    btRunScript                              0x0800ed0d   Thumb Code    34  h23rx.o(i.btRunScript)
    btSendCommandToBtc                       0x0800ee41   Thumb Code    36  h23rx.o(i.btSendCommandToBtc)
    btSendMsgToModule                        0x0800ee65   Thumb Code    34  h23rx.o(i.btSendMsgToModule)
    btSendMsgToTerminal                      0x0800ee8d   Thumb Code    62  h23rx.o(i.btSendMsgToTerminal)
    btVspMode                                0x0800eed1   Thumb Code    82  h23rx.o(i.btVspMode)
    btWaitEventFinishTransmission            0x0800f009   Thumb Code    52  h23rx.o(i.btWaitEventFinishTransmission)
    btcDmaStreamDownloadScript               0x0800f049   Thumb Code    44  h23rx.o(i.btcDmaStreamDownloadScript)
    buttonClickedCallback                    0x0800f07d   Thumb Code     2  bos.o(i.buttonClickedCallback)
    buttonDblClickedCallback                 0x0800f07f   Thumb Code     2  bos.o(i.buttonDblClickedCallback)
    buttonPressedCallback                    0x0800f081   Thumb Code     2  bos.o(i.buttonPressedCallback)
    buttonPressedForXCallback                0x0800f083   Thumb Code     2  bos.o(i.buttonPressedForXCallback)
    buttonReleasedCallback                   0x0800f085   Thumb Code     2  bos.o(i.buttonReleasedCallback)
    buttonReleasedForYCallback               0x0800f087   Thumb Code     2  bos.o(i.buttonReleasedForYCallback)
    cleanListBtcDevices                      0x0800f089   Thumb Code    36  h23rx.o(i.cleanListBtcDevices)
    copyDataToListBtcDevice                  0x0800f0b5   Thumb Code    38  h23rx.o(i.copyDataToListBtcDevice)
    main                                     0x0800fb4d   Thumb Code    24  main.o(i.main)
    minArr                                   0x0800fb65   Thumb Code    50  bos.o(i.minArr)
    osDelay                                  0x0800fc4d   Thumb Code    26  cmsis_os.o(i.osDelay)
    osKernelStart                            0x0800fc67   Thumb Code    10  cmsis_os.o(i.osKernelStart)
    osSemaphoreCreate                        0x0800fc71   Thumb Code    52  cmsis_os.o(i.osSemaphoreCreate)
    osSemaphoreRelease                       0x0800fca5   Thumb Code    72  cmsis_os.o(i.osSemaphoreRelease)
    osSemaphoreWait                          0x0800fcf1   Thumb Code   108  cmsis_os.o(i.osSemaphoreWait)
    osSystickHandler                         0x0800fd61   Thumb Code    16  cmsis_os.o(i.osSystickHandler)
    prvUARTCommandConsoleTask                0x0801016d   Thumb Code   346  bos_cli.o(i.prvUARTCommandConsoleTask)
    pvTaskIncrementMutexHeldCount            0x08010349   Thumb Code    28  tasks.o(i.pvTaskIncrementMutexHeldCount)
    readPxITMutex                            0x08010369   Thumb Code    62  h23rx_uart.o(i.readPxITMutex)
    readPxMutex                              0x080103ad   Thumb Code    84  h23rx_uart.o(i.readPxMutex)
    realloc                                  0x08010405   Thumb Code   110  mallocr.o(i.realloc)
    remoteBootloaderUpdate                   0x08010479   Thumb Code   240  bos.o(i.remoteBootloaderUpdate)
    sendListBtcDevices                       0x080107d5   Thumb Code    92  h23rx.o(i.sendListBtcDevices)
    ulMainGetRunTimeCounterValue             0x080114d5   Thumb Code    78  bos_freertos.o(i.ulMainGetRunTimeCounterValue)
    ulTaskNotifyTake                         0x08011535   Thumb Code   144  tasks.o(i.ulTaskNotifyTake)
    uxListRemove                             0x08011631   Thumb Code    40  list.o(i.uxListRemove)
    uxTaskGetSystemState                     0x08011659   Thumb Code   130  tasks.o(i.uxTaskGetSystemState)
    vApplicationMallocFailedHook             0x080116f5   Thumb Code     6  h23rx_it.o(i.vApplicationMallocFailedHook)
    vApplicationStackOverflowHook            0x080116fb   Thumb Code     6  h23rx_it.o(i.vApplicationStackOverflowHook)
    vListInitialise                          0x08011701   Thumb Code    26  list.o(i.vListInitialise)
    vListInitialiseItem                      0x0801171b   Thumb Code     6  list.o(i.vListInitialiseItem)
    vListInsert                              0x08011721   Thumb Code    54  list.o(i.vListInsert)
    vListInsertEnd                           0x08011757   Thumb Code    24  list.o(i.vListInsertEnd)
    vMainConfigureTimerForRunTimeStats       0x08011771   Thumb Code    18  bos_freertos.o(i.vMainConfigureTimerForRunTimeStats)
    vPortEnterCritical                       0x08011791   Thumb Code    22  port.o(i.vPortEnterCritical)
    vPortExitCritical                        0x080117ad   Thumb Code    36  port.o(i.vPortExitCritical)
    vPortYield                               0x080117d5   Thumb Code    18  port.o(i.vPortYield)
    vRegisterCLICommands                     0x080117ed   Thumb Code   164  bos.o(i.vRegisterCLICommands)
    vTaskNotifyGiveFromISR                   0x080118f9   Thumb Code   150  tasks.o(i.vTaskNotifyGiveFromISR)
    writePxITMutex                           0x080119a5   Thumb Code    62  h23rx_uart.o(i.writePxITMutex)
    writePxMutex                             0x080119e9   Thumb Code    84  h23rx_uart.o(i.writePxMutex)
    xPortSysTickHandler                      0x08011a41   Thumb Code    32  port.o(i.xPortSysTickHandler)
    xEventGroupCreate                        0x08011a65   Thumb Code    28  event_groups.o(privileged_functions)
    xEventGroupSetBits                       0x08011a81   Thumb Code   200  event_groups.o(privileged_functions)
    xEventGroupSync                          0x08011b49   Thumb Code   234  event_groups.o(privileged_functions)
    xEventGroupWaitBits                      0x08011c33   Thumb Code   288  event_groups.o(privileged_functions)
    xEventGroupClearBits                     0x08011d53   Thumb Code    62  event_groups.o(privileged_functions)
    xQueueGenericReset                       0x08011d91   Thumb Code   126  queue.o(privileged_functions)
    xQueueGenericCreate                      0x08011e0f   Thumb Code   120  queue.o(privileged_functions)
    xQueueGenericSend                        0x08011fb3   Thumb Code   334  queue.o(privileged_functions)
    xQueueCreateMutex                        0x08012101   Thumb Code    88  queue.o(privileged_functions)
    xQueueGiveMutexRecursive                 0x08012159   Thumb Code    60  queue.o(privileged_functions)
    xQueueGenericReceive                     0x080121dd   Thumb Code   368  queue.o(privileged_functions)
    xQueueTakeMutexRecursive                 0x0801234d   Thumb Code    66  queue.o(privileged_functions)
    xQueueCreateCountingSemaphore            0x0801238f   Thumb Code    78  queue.o(privileged_functions)
    xQueueGenericSendFromISR                 0x080123dd   Thumb Code   178  queue.o(privileged_functions)
    xQueueGiveFromISR                        0x0801248f   Thumb Code   156  queue.o(privileged_functions)
    xQueueReceiveFromISR                     0x0801252b   Thumb Code   144  queue.o(privileged_functions)
    xQueuePeekFromISR                        0x080125bb   Thumb Code   108  queue.o(privileged_functions)
    uxQueueMessagesWaiting                   0x08012627   Thumb Code    28  queue.o(privileged_functions)
    uxQueueSpacesAvailable                   0x08012643   Thumb Code    34  queue.o(privileged_functions)
    uxQueueMessagesWaitingFromISR            0x08012665   Thumb Code    16  queue.o(privileged_functions)
    vQueueUnregisterQueue                    0x08012675   Thumb Code    40  queue.o(privileged_functions)
    vQueueDelete                             0x0801269d   Thumb Code    30  queue.o(privileged_functions)
    uxQueueGetQueueNumber                    0x080126bb   Thumb Code     6  queue.o(privileged_functions)
    vQueueSetQueueNumber                     0x080126c1   Thumb Code     4  queue.o(privileged_functions)
    ucQueueGetQueueType                      0x080126c5   Thumb Code     8  queue.o(privileged_functions)
    xQueueIsQueueEmptyFromISR                0x080126cd   Thumb Code    26  queue.o(privileged_functions)
    xQueueIsQueueFullFromISR                 0x080126e7   Thumb Code    28  queue.o(privileged_functions)
    vQueueAddToRegistry                      0x08012703   Thumb Code    40  queue.o(privileged_functions)
    vQueueWaitForMessageRestricted           0x0801272b   Thumb Code    60  queue.o(privileged_functions)
    xTaskGenericCreate                       0x08012855   Thumb Code   288  tasks.o(privileged_functions)
    vTaskDelete                              0x08012975   Thumb Code   134  tasks.o(privileged_functions)
    xTaskIncrementTick                       0x080129fb   Thumb Code   274  tasks.o(privileged_functions)
    xTaskResumeAll                           0x08012b0d   Thumb Code   284  tasks.o(privileged_functions)
    vTaskSuspendAll                          0x08012c67   Thumb Code    12  tasks.o(privileged_functions)
    vTaskDelay                               0x08012c73   Thumb Code    76  tasks.o(privileged_functions)
    uxTaskPriorityGet                        0x08012cbf   Thumb Code    32  tasks.o(privileged_functions)
    uxTaskPriorityGetFromISR                 0x08012cdf   Thumb Code    36  tasks.o(privileged_functions)
    vTaskPrioritySet                         0x08012d03   Thumb Code   214  tasks.o(privileged_functions)
    vTaskSwitchContext                       0x08012dd9   Thumb Code   232  tasks.o(privileged_functions)
    vTaskSuspend                             0x08012ec1   Thumb Code   148  tasks.o(privileged_functions)
    vTaskResume                              0x08012f9f   Thumb Code   172  tasks.o(privileged_functions)
    xTaskResumeFromISR                       0x0801304b   Thumb Code   116  tasks.o(privileged_functions)
    vTaskStartScheduler                      0x0801312b   Thumb Code    76  tasks.o(privileged_functions)
    vTaskEndScheduler                        0x08013177   Thumb Code    16  tasks.o(privileged_functions)
    xTaskGetTickCount                        0x08013187   Thumb Code     6  tasks.o(privileged_functions)
    xTaskGetTickCountFromISR                 0x0801318d   Thumb Code     8  tasks.o(privileged_functions)
    uxTaskGetNumberOfTasks                   0x08013195   Thumb Code     6  tasks.o(privileged_functions)
    vTaskPlaceOnEventList                    0x08013261   Thumb Code    72  tasks.o(privileged_functions)
    vTaskPlaceOnUnorderedEventList           0x080132a9   Thumb Code   110  tasks.o(privileged_functions)
    vTaskPlaceOnEventListRestricted          0x08013317   Thumb Code    52  tasks.o(privileged_functions)
    xTaskRemoveFromEventList                 0x0801334b   Thumb Code   112  tasks.o(privileged_functions)
    xTaskRemoveFromUnorderedEventList        0x080133bb   Thumb Code   182  tasks.o(privileged_functions)
    vTaskSetTimeOutState                     0x08013471   Thumb Code    24  tasks.o(privileged_functions)
    xTaskCheckForTimeOut                     0x08013489   Thumb Code   106  tasks.o(privileged_functions)
    vTaskMissedYield                         0x080134f3   Thumb Code     8  tasks.o(privileged_functions)
    uxTaskGetTaskNumber                      0x080134fb   Thumb Code    16  tasks.o(privileged_functions)
    vTaskSetTaskNumber                       0x0801350b   Thumb Code    10  tasks.o(privileged_functions)
    uxTaskGetStackHighWaterMark              0x08013515   Thumb Code    32  tasks.o(privileged_functions)
    xTaskGetCurrentTaskHandle                0x08013535   Thumb Code     6  tasks.o(privileged_functions)
    xTaskGetSchedulerState                   0x0801353b   Thumb Code    28  tasks.o(privileged_functions)
    vTaskPriorityInherit                     0x08013557   Thumb Code   128  tasks.o(privileged_functions)
    xTaskPriorityDisinherit                  0x080135d7   Thumb Code   124  tasks.o(privileged_functions)
    vTaskList                                0x08013653   Thumb Code   180  tasks.o(privileged_functions)
    vTaskGetRunTimeStats                     0x08013707   Thumb Code   166  tasks.o(privileged_functions)
    uxTaskResetEventItemValue                0x080137ad   Thumb Code    24  tasks.o(privileged_functions)
    xTimerGenericCommand                     0x0801385d   Thumb Code   100  timers.o(privileged_functions)
    xTimerCreateTimerTask                    0x08013b87   Thumb Code    58  timers.o(privileged_functions)
    xTimerCreate                             0x08013bc1   Thumb Code   124  timers.o(privileged_functions)
    xTimerIsTimerActive                      0x08013c3d   Thumb Code    36  timers.o(privileged_functions)
    pvTimerGetTimerID                        0x08013c61   Thumb Code    30  timers.o(privileged_functions)
    vTimerSetTimerID                         0x08013c7f   Thumb Code    30  timers.o(privileged_functions)
    pxPortInitialiseStack                    0x08013c9d   Thumb Code    26  port.o(privileged_functions)
    xPortStartScheduler                      0x08013cb7   Thumb Code    48  port.o(privileged_functions)
    vPortEndScheduler                        0x08013ce7   Thumb Code    30  port.o(privileged_functions)
    pvPortMalloc                             0x08013d11   Thumb Code   274  heap_4.o(privileged_functions)
    vPortFree                                0x08013e23   Thumb Code   120  heap_4.o(privileged_functions)
    xPortGetFreeHeapSize                     0x08013e9b   Thumb Code     6  heap_4.o(privileged_functions)
    xPortGetMinimumEverFreeHeapSize          0x08013ea1   Thumb Code     6  heap_4.o(privileged_functions)
    vPortInitialiseBlocks                    0x08013ea7   Thumb Code     2  heap_4.o(privileged_functions)
    aAPBAHBPrescTable                        0x08013ebc   Data          16  stm32f0xx_hal_rcc.o(.constdata)
    modulePNstring                           0x08013ecc   Data         114  bos.o(.constdata)
    setBaudrateCommandDefinition             0x08014080   Data          16  bos.o(.constdata)
    btGetInfoCommandDefinition               0x08014134   Data          16  h23rx.o(.constdata)
    btResetCommandDefinition                 0x08014144   Data          16  h23rx.o(.constdata)
    btDownloadScriptCommandDefinition        0x08014154   Data          16  h23rx.o(.constdata)
    btRunScriptCommandDefinition             0x08014164   Data          16  h23rx.o(.constdata)
    btVspModeCommandDefinition               0x08014174   Data          16  h23rx.o(.constdata)
    btDeleteScriptCommandDefinition          0x08014184   Data          16  h23rx.o(.constdata)
    btScanCommandDefinition                  0x08014194   Data          16  h23rx.o(.constdata)
    btConnectCommandDefinition               0x080141a4   Data          16  h23rx.o(.constdata)
    __ctype_table                            0x080141d8   Data         129  ctype_o.o(.constdata)
    Region$$Table$$Base                      0x080162ec   Number         0  anon$$obj.o(Region$$Table)
    Region$$Table$$Limit                     0x0801630c   Number         0  anon$$obj.o(Region$$Table)
    SystemCoreClock                          0x20000000   Data           4  system_stm32f0xx.o(.data)
    AHBPrescTable                            0x20000004   Data          16  system_stm32f0xx.o(.data)
    BOS_default                              0x20000018   Data          28  bos.o(.data)
    myPN                                     0x20000034   Data           2  bos.o(.data)
    indMode                                  0x20000036   Data           1  bos.o(.data)
    N                                        0x20000084   Data           1  bos.o(.data)
    myID                                     0x20000085   Data           1  bos.o(.data)
    portStatus                               0x20000086   Data           7  bos.o(.data)
    messageLength                            0x2000008d   Data           6  bos.o(.data)
    cRxedChar                                0x20000093   Data           1  bos.o(.data)
    longMessage                              0x20000094   Data           1  bos.o(.data)
    longMessageLastPtr                       0x20000096   Data           2  bos.o(.data)
    responseStatus                           0x20000098   Data           2  bos.o(.data)
    bcastID                                  0x2000009a   Data           1  bos.o(.data)
    PcPort                                   0x2000009b   Data           1  bos.o(.data)
    BOS_initialized                          0x2000009c   Data           1  bos.o(.data)
    remoteBuffer                             0x200000a0   Data           8  bos.o(.data)
    remoteVarFormat                          0x200000a8   Data           1  bos.o(.data)
    dblCounter                               0x200000a9   Data           7  bos.o(.data)
    needToDelayButtonStateReset              0x200000b0   Data           1  bos.o(.data)
    delayButtonStateReset                    0x200000b1   Data           1  bos.o(.data)
    bootStatus                               0x200000b2   Data           1  bos.o(.data)
    pcParamsHelpString                       0x200000b4   Data          28  bos.o(.data)
    numOfRecordedSnippets                    0x2000025c   Data           1  bos_cli.o(.data)
    DataVar                                  0x20000278   Data           2  bos_eeprom.o(.data)
    defaultTaskHandle                        0x20000280   Data           4  bos_freertos.o(.data)
    userTaskHandle                           0x20000284   Data           4  bos_freertos.o(.data)
    xCommandConsoleTaskHandle                0x20000288   Data           4  bos_freertos.o(.data)
    P1MsgTaskHandle                          0x2000028c   Data           4  bos_freertos.o(.data)
    P2MsgTaskHandle                          0x20000290   Data           4  bos_freertos.o(.data)
    P3MsgTaskHandle                          0x20000294   Data           4  bos_freertos.o(.data)
    P4MsgTaskHandle                          0x20000298   Data           4  bos_freertos.o(.data)
    P5MsgTaskHandle                          0x2000029c   Data           4  bos_freertos.o(.data)
    P6MsgTaskHandle                          0x200002a0   Data           4  bos_freertos.o(.data)
    modParam                                 0x200002a4   Data          12  h23rx.o(.data)
    handleUartTerminal                       0x200002b4   Data           4  h23rx.o(.data)
    ControlBluetoothTaskHandle               0x200002b8   Data           4  h23rx.o(.data)
    DMAStream1count                          0x200002d8   Data           4  h23rx_dma.o(.data)
    DMAStream2count                          0x200002dc   Data           4  h23rx_dma.o(.data)
    DMAStream3count                          0x200002e0   Data           4  h23rx_dma.o(.data)
    DMAStream1total                          0x200002e4   Data           4  h23rx_dma.o(.data)
    DMAStream2total                          0x200002e8   Data           4  h23rx_dma.o(.data)
    DMAStream3total                          0x200002ec   Data           4  h23rx_dma.o(.data)
    UartRxReady                              0x200002f1   Data           1  h23rx_uart.o(.data)
    UartTxReady                              0x200002f2   Data           1  h23rx_uart.o(.data)
    xRegisteredCommands                      0x200002f4   Data           8  freertos_cli.o(.data)
    __microlib_freelist                      0x20000330   Data           4  mvars.o(.data)
    __microlib_freelist_initialised          0x20000334   Data           4  mvars.o(.data)
    pxCurrentTCB                             0x2000033c   Data           4  tasks.o(privileged_data)
    pFlash                                   0x200004a8   Data          32  stm32f0xx_hal_flash.o(.bss)
    BOS                                      0x20000518   Data          28  bos.o(.bss)
    htim14                                   0x20000534   Data          60  bos.o(.bss)
    neighbors                                0x20000570   Data          24  bos.o(.bss)
    neighbors2                               0x20000588   Data          40  bos.o(.bss)
    bcastRoutes                              0x200005b0   Data          50  bos.o(.bss)
    groupAlias                               0x200005e2   Data         110  bos.o(.bss)
    array                                    0x20000650   Data         550  bos.o(.bss)
    arrayPortsDir                            0x20000876   Data          50  bos.o(.bss)
    routeDist                                0x200008a8   Data          25  bos.o(.bss)
    routePrev                                0x200008c1   Data          25  bos.o(.bss)
    route                                    0x200008da   Data          25  bos.o(.bss)
    moduleAlias                              0x200008f3   Data         286  bos.o(.bss)
    broadcastResponse                        0x20000a11   Data          25  bos.o(.bss)
    groupModules                             0x20000a2a   Data          50  bos.o(.bss)
    cMessage                                 0x20000a5c   Data         300  bos.o(.bss)
    messageParams                            0x20000b88   Data         900  bos.o(.bss)
    BOS_var_reg                              0x20001020   Data         400  bos.o(.bss)
    button                                   0x200011b0   Data          63  bos.o(.bss)
    pressCounter                             0x200011f0   Data          28  bos.o(.bss)
    releaseCounter                           0x2000120c   Data          28  bos.o(.bss)
    RtcHandle                                0x20001228   Data          32  bos.o(.bss)
    snippets                                 0x200012fc   Data         100  bos_cli.o(.bss)
    pcWelcomePortMessage                     0x20001360   Data          40  bos_cli.o(.bss)
    VirtAddVarTab                            0x200014a0   Data         622  bos_eeprom.o(.bss)
    PxRxSemaphoreHandle                      0x20001760   Data          28  bos_freertos.o(.bss)
    PxTxSemaphoreHandle                      0x2000177c   Data          28  bos_freertos.o(.bss)
    huart1                                   0x200017e8   Data         112  h23rx.o(.bss)
    huart2                                   0x20001858   Data         112  h23rx.o(.bss)
    huart3                                   0x200018c8   Data         112  h23rx.o(.bss)
    huart4                                   0x20001938   Data         112  h23rx.o(.bss)
    huart5                                   0x200019a8   Data         112  h23rx.o(.bss)
    huart6                                   0x20001a18   Data         112  h23rx.o(.bss)
    portMemDMA1                              0x20001ba0   Data          56  h23rx_dma.o(.bss)
    portMemDMA2                              0x20001bd8   Data          56  h23rx_dma.o(.bss)
    portMemDMA3                              0x20001c10   Data          56  h23rx_dma.o(.bss)
    portPortDMA1                             0x20001c48   Data          56  h23rx_dma.o(.bss)
    portPortDMA2                             0x20001c80   Data          56  h23rx_dma.o(.bss)
    portPortDMA3                             0x20001cb8   Data          56  h23rx_dma.o(.bss)
    dmaStreamDst                             0x20001cf0   Data          12  h23rx_dma.o(.bss)
    xQueueRegistry                           0x20001fb0   Data          64  queue.o(.bss)
    __heap_base                              0x20006640   Data           0  startup_stm32f091xc.o(HEAP)
    __heap_limit                             0x20006840   Data           0  startup_stm32f091xc.o(HEAP)
    __initial_sp                             0x20006c40   Data           0  startup_stm32f091xc.o(STACK)



==============================================================================

Memory Map of the image

  Image Entry point : 0x080000bd

  Load Region LR_IROM1 (Base: 0x08000000, Size: 0x000167b0, Max: 0x00040000, ABSOLUTE, COMPRESSED[0x00016484])

    Execution Region ER_IROM1 (Exec base: 0x08000000, Load base: 0x08000000, Size: 0x0001630c, Max: 0x00040000, ABSOLUTE)

    Exec Addr    Load Addr    Size         Type   Attr      Idx    E Section Name        Object

    0x08000000   0x08000000   0x000000bc   Data   RO         4765    RESET               startup_stm32f091xc.o
    0x080000bc   0x080000bc   0x00000000   Code   RO         4774  * .ARM.Collect$$$$00000000  mc_p.l(entry.o)
    0x080000bc   0x080000bc   0x00000004   Code   RO         5142    .ARM.Collect$$$$00000001  mc_p.l(entry2.o)
    0x080000c0   0x080000c0   0x00000004   Code   RO         5145    .ARM.Collect$$$$00000004  mc_p.l(entry5.o)
    0x080000c4   0x080000c4   0x00000000   Code   RO         5147    .ARM.Collect$$$$00000008  mc_p.l(entry7b.o)
    0x080000c4   0x080000c4   0x00000000   Code   RO         5149    .ARM.Collect$$$$0000000A  mc_p.l(entry8b.o)
    0x080000c4   0x080000c4   0x00000008   Code   RO         5150    .ARM.Collect$$$$0000000B  mc_p.l(entry9a.o)
    0x080000cc   0x080000cc   0x00000004   Code   RO         5157    .ARM.Collect$$$$0000000E  mc_p.l(entry12b.o)
    0x080000d0   0x080000d0   0x00000000   Code   RO         5152    .ARM.Collect$$$$0000000F  mc_p.l(entry10a.o)
    0x080000d0   0x080000d0   0x00000000   Code   RO         5154    .ARM.Collect$$$$00000011  mc_p.l(entry11a.o)
    0x080000d0   0x080000d0   0x00000004   Code   RO         5143    .ARM.Collect$$$$00002712  mc_p.l(entry2.o)
    0x080000d4   0x080000d4   0x00000070   Code   RO         4365    .emb_text           port.o
    0x08000144   0x08000144   0x00000058   Code   RO         4766    .text               startup_stm32f091xc.o
    0x0800019c   0x0800019c   0x0000002c   Code   RO         4777    .text               mc_p.l(uidiv.o)
    0x080001c8   0x080001c8   0x00000028   Code   RO         4779    .text               mc_p.l(idiv.o)
    0x080001f0   0x080001f0   0x00000022   Code   RO         4781    .text               mc_p.l(llushr.o)
    0x08000212   0x08000212   0x00000002   PAD
    0x08000214   0x08000214   0x00000008   Code   RO         4783    .text               mc_p.l(ctype_o.o)
    0x0800021c   0x0800021c   0x00000012   Code   RO         4805    .text               mc_p.l(isspace_o.o)
    0x0800022e   0x0800022e   0x0000000c   Code   RO         4811    .text               mc_p.l(tolower.o)
    0x0800023a   0x0800023a   0x00000024   Code   RO         4813    .text               mc_p.l(memcpya.o)
    0x0800025e   0x0800025e   0x00000024   Code   RO         4815    .text               mc_p.l(memseta.o)
    0x08000282   0x08000282   0x00000018   Code   RO         4817    .text               mc_p.l(strcat.o)
    0x0800029a   0x0800029a   0x0000001a   Code   RO         4819    .text               mc_p.l(strncpy.o)
    0x080002b4   0x080002b4   0x00000014   Code   RO         4821    .text               mc_p.l(strchr.o)
    0x080002c8   0x080002c8   0x0000000e   Code   RO         4823    .text               mc_p.l(strlen.o)
    0x080002d6   0x080002d6   0x0000001c   Code   RO         4825    .text               mc_p.l(strcmp.o)
    0x080002f2   0x080002f2   0x0000001a   Code   RO         4827    .text               mc_p.l(memcmp.o)
    0x0800030c   0x0800030c   0x00000012   Code   RO         4829    .text               mc_p.l(strcpy.o)
    0x0800031e   0x0800031e   0x0000001e   Code   RO         4831    .text               mc_p.l(strncmp.o)
    0x0800033c   0x0800033c   0x00000048   Code   RO         4833    .text               mc_p.l(strtok.o)
    0x08000384   0x08000384   0x0000001a   Code   RO         5130    .text               mc_p.l(atoi.o)
    0x0800039e   0x0800039e   0x0000001a   Code   RO         5132    .text               mc_p.l(atol.o)
    0x080003b8   0x080003b8   0x00000028   Code   RO         5134    .text               mf_p.l(f2d.o)
    0x080003e0   0x080003e0   0x00000038   Code   RO         5136    .text               mf_p.l(d2f.o)
    0x08000418   0x08000418   0x00000014   Code   RO         5138    .text               mf_p.l(cfcmple.o)
    0x0800042c   0x0800042c   0x00000014   Code   RO         5140    .text               mf_p.l(cfrcmple.o)
    0x08000440   0x08000440   0x00000060   Code   RO         5161    .text               mc_p.l(uldiv.o)
    0x080004a0   0x080004a0   0x000000a4   Code   RO         5172    .text               mc_p.l(strtod.o)
    0x08000544   0x08000544   0x00000070   Code   RO         5174    .text               mc_p.l(strtol.o)
    0x080005b4   0x080005b4   0x00000000   Code   RO         5176    .text               mc_p.l(iusefp.o)
    0x080005b4   0x080005b4   0x00000082   Code   RO         5177    .text               mf_p.l(fepilogue.o)
    0x08000636   0x08000636   0x00000002   PAD
    0x08000638   0x08000638   0x00000168   Code   RO         5179    .text               mf_p.l(dadd.o)
    0x080007a0   0x080007a0   0x000000d0   Code   RO         5181    .text               mf_p.l(dmul.o)
    0x08000870   0x08000870   0x000000f0   Code   RO         5183    .text               mf_p.l(ddiv.o)
    0x08000960   0x08000960   0x00000040   Code   RO         5185    .text               mf_p.l(dfixul.o)
    0x080009a0   0x080009a0   0x00000028   Code   RO         5187    .text               mf_p.l(cdrcmple.o)
    0x080009c8   0x080009c8   0x00000024   Code   RO         5189    .text               mc_p.l(init.o)
    0x080009ec   0x080009ec   0x00000020   Code   RO         5192    .text               mc_p.l(llshl.o)
    0x08000a0c   0x08000a0c   0x00000026   Code   RO         5194    .text               mc_p.l(llsshr.o)
    0x08000a32   0x08000a32   0x00000002   PAD
    0x08000a34   0x08000a34   0x00000374   Code   RO         5198    .text               mc_p.l(scanf_fp.o)
    0x08000da8   0x08000da8   0x00000044   Code   RO         5202    .text               mc_p.l(_sgetc.o)
    0x08000dec   0x08000dec   0x000000a6   Code   RO         5204    .text               mc_p.l(_strtoul.o)
    0x08000e92   0x08000e92   0x000000be   Code   RO         5207    .text               mf_p.l(depilogue.o)
    0x08000f50   0x08000f50   0x0000007a   Code   RO         5211    .text               mc_p.l(llmul.o)
    0x08000fca   0x08000fca   0x0000001e   Code   RO         5216    .text               mc_p.l(_chval.o)
    0x08000fe8   0x08000fe8   0x0000001c   Code   RO         5218    .text               mf_p.l(dfltul.o)
    0x08001004   0x08001004   0x00000056   Code   RO         5228    .text               mc_p.l(__dczerorl2.o)
    0x0800105a   0x0800105a   0x00000002   PAD
    0x0800105c   0x0800105c   0x00000128   Code   RO         2648    i.AddModuleToGroup  bos.o
    0x08001184   0x08001184   0x00000184   Code   RO         2649    i.AddPortButton     bos.o
    0x08001308   0x08001308   0x00000138   Code   RO         3324    i.AddSnippet        bos_cli.o
    0x08001440   0x08001440   0x000000c8   Code   RO         2650    i.BOS_CalendarConfig  bos.o
    0x08001508   0x08001508   0x0000011c   Code   RO         2651    i.BOS_Init          bos.o
    0x08001624   0x08001624   0x00000044   Code   RO         3813    i.BT_CTS_RTS_GPIO_Init  h23rx_gpio.o
    0x08001668   0x08001668   0x00000020   Code   RO         3814    i.BT_HOST_WKUP_GPIO_Init  h23rx_gpio.o
    0x08001688   0x08001688   0x00000022   Code   RO         3815    i.BT_MODE_GPIO_Init  h23rx_gpio.o
    0x080016aa   0x080016aa   0x00000002   PAD
    0x080016ac   0x080016ac   0x00000024   Code   RO         3816    i.BT_RST_GPIO_Init  h23rx_gpio.o
    0x080016d0   0x080016d0   0x00000028   Code   RO         3817    i.BT_VSP_GPIO_Init  h23rx_gpio.o
    0x080016f8   0x080016f8   0x00000144   Code   RO         2652    i.BroadcastMessage  bos.o
    0x0800183c   0x0800183c   0x000000d4   Code   RO         2653    i.BroadcastReceivedMessage  bos.o
    0x08001910   0x08001910   0x000004b8   Code   RO         3325    i.CLI_CommandParser  bos_cli.o
    0x08001dc8   0x08001dc8   0x000004cc   Code   RO         2654    i.CheckAttachedButtons  bos.o
    0x08002294   0x08002294   0x00000074   Code   RO         2655    i.CheckForTimedButtonPress  bos.o
    0x08002308   0x08002308   0x00000074   Code   RO         2656    i.CheckForTimedButtonRelease  bos.o
    0x0800237c   0x0800237c   0x00000124   Code   RO         3326    i.CheckSnippetCondition  bos_cli.o
    0x080024a0   0x080024a0   0x00000054   Code   RO         2657    i.ClearEEportsDir   bos.o
    0x080024f4   0x080024f4   0x0000002c   Code   RO         2658    i.ClearROtopology   bos.o
    0x08002520   0x08002520   0x0000023c   Code   RO         3508    i.ControlBluetoothTask  h23rx.o
    0x0800275c   0x0800275c   0x00000038   Code   RO         3871    i.DMA1_Ch1_IRQHandler  h23rx_it.o
    0x08002794   0x08002794   0x0000006c   Code   RO         3872    i.DMA1_Ch2_3_DMA2_Ch1_2_IRQHandler  h23rx_it.o
    0x08002800   0x08002800   0x00000088   Code   RO         3873    i.DMA1_Ch4_7_DMA2_Ch3_5_IRQHandler  h23rx_it.o
    0x08002888   0x08002888   0x00000020   Code   RO          476    i.DMA_SetConfig     stm32f0xx_hal_dma.o
    0x080028a8   0x080028a8   0x000004e0   Code   RO         2659    i.DisplayModuleStatus  bos.o
    0x08002d88   0x08002d88   0x00000100   Code   RO         2660    i.DisplayPortsDir   bos.o
    0x08002e88   0x08002e88   0x000001b8   Code   RO         2661    i.DisplayTopology   bos.o
    0x08003040   0x08003040   0x00000064   Code   RO         3395    i.EE_FindValidPage  bos_eeprom.o
    0x080030a4   0x080030a4   0x000000d8   Code   RO         3396    i.EE_Format         bos_eeprom.o
    0x0800317c   0x0800317c   0x00000024   Code   RO         2662    i.EE_FormatForFactoryReset  bos.o
    0x080031a0   0x080031a0   0x00000404   Code   RO         3397    i.EE_Init           bos_eeprom.o
    0x080035a4   0x080035a4   0x00000168   Code   RO         3398    i.EE_PageTransfer   bos_eeprom.o
    0x0800370c   0x0800370c   0x00000064   Code   RO         3399    i.EE_ReadVariable   bos_eeprom.o
    0x08003770   0x08003770   0x000000c0   Code   RO         3400    i.EE_VerifyPageFullWriteVariable  bos_eeprom.o
    0x08003830   0x08003830   0x0000002c   Code   RO         3401    i.EE_WriteVariable  bos_eeprom.o
    0x0800385c   0x0800385c   0x00000088   Code   RO         3327    i.ExecuteSnippet    bos_cli.o
    0x080038e4   0x080038e4   0x00000594   Code   RO         2663    i.Explore           bos.o
    0x08003e78   0x08003e78   0x0000004c   Code   RO         2664    i.ExploreNeighbors  bos.o
    0x08003ec4   0x08003ec4   0x00000028   Code   RO          648    i.FLASH_MassErase   stm32f0xx_hal_flash_ex.o
    0x08003eec   0x08003eec   0x0000002c   Code   RO          657    i.FLASH_PageErase   stm32f0xx_hal_flash_ex.o
    0x08003f18   0x08003f18   0x00000020   Code   RO          549    i.FLASH_Program_HalfWord  stm32f0xx_hal_flash.o
    0x08003f38   0x08003f38   0x00000040   Code   RO          550    i.FLASH_SetErrorCode  stm32f0xx_hal_flash.o
    0x08003f78   0x08003f78   0x00000068   Code   RO          551    i.FLASH_WaitForLastOperation  stm32f0xx_hal_flash.o
    0x08003fe0   0x08003fe0   0x00000140   Code   RO         2665    i.FindBroadcastRoutes  bos.o
    0x08004120   0x08004120   0x0000018c   Code   RO         2666    i.FindRoute         bos.o
    0x080042ac   0x080042ac   0x00000094   Code   RO         2667    i.ForwardReceivedMessage  bos.o
    0x08004340   0x08004340   0x00000008   Code   RO         4136    i.FreeRTOS_CLIGetOutputBuffer  freertos_cli.o
    0x08004348   0x08004348   0x00000066   Code   RO         4137    i.FreeRTOS_CLIGetParameter  freertos_cli.o
    0x080043ae   0x080043ae   0x00000002   PAD
    0x080043b0   0x080043b0   0x000000dc   Code   RO         4138    i.FreeRTOS_CLIProcessCommand  freertos_cli.o
    0x0800448c   0x0800448c   0x00000048   Code   RO         4139    i.FreeRTOS_CLIRegisterCommand  freertos_cli.o
    0x080044d4   0x080044d4   0x00000044   Code   RO         2668    i.GetDateString     bos.o
    0x08004518   0x08004518   0x000000d0   Code   RO         2669    i.GetID             bos.o
    0x080045e8   0x080045e8   0x00000068   Code   RO         3509    i.GetPort           h23rx.o
    0x08004650   0x08004650   0x000000e4   Code   RO         2670    i.GetPortGPIOs      bos.o
    0x08004734   0x08004734   0x00000078   Code   RO         2671    i.GetTimeDate       bos.o
    0x080047ac   0x080047ac   0x00000048   Code   RO         2673    i.GetUart           bos.o
    0x080047f4   0x080047f4   0x00000064   Code   RO          477    i.HAL_DMA_Abort     stm32f0xx_hal_dma.o
    0x08004858   0x08004858   0x0000091c   Code   RO          481    i.HAL_DMA_IRQHandler  stm32f0xx_hal_dma.o
    0x08005174   0x08005174   0x0000005c   Code   RO          482    i.HAL_DMA_Init      stm32f0xx_hal_dma.o
    0x080051d0   0x080051d0   0x00000072   Code   RO          485    i.HAL_DMA_Start_IT  stm32f0xx_hal_dma.o
    0x08005242   0x08005242   0x0000001a   Code   RO          269    i.HAL_Delay         stm32f0xx_hal.o
    0x0800525c   0x0800525c   0x000000ac   Code   RO          658    i.HAL_FLASHEx_Erase  stm32f0xx_hal_flash_ex.o
    0x08005308   0x08005308   0x00000014   Code   RO          555    i.HAL_FLASH_Lock    stm32f0xx_hal_flash.o
    0x0800531c   0x0800531c   0x000000bc   Code   RO          560    i.HAL_FLASH_Program  stm32f0xx_hal_flash.o
    0x080053d8   0x080053d8   0x0000002c   Code   RO          562    i.HAL_FLASH_Unlock  stm32f0xx_hal_flash.o
    0x08005404   0x08005404   0x000001fc   Code   RO          747    i.HAL_GPIO_Init     stm32f0xx_hal_gpio.o
    0x08005600   0x08005600   0x00000012   Code   RO          749    i.HAL_GPIO_ReadPin  stm32f0xx_hal_gpio.o
    0x08005612   0x08005612   0x00000008   Code   RO          750    i.HAL_GPIO_TogglePin  stm32f0xx_hal_gpio.o
    0x0800561a   0x0800561a   0x0000000c   Code   RO          751    i.HAL_GPIO_WritePin  stm32f0xx_hal_gpio.o
    0x08005626   0x08005626   0x00000002   PAD
    0x08005628   0x08005628   0x00000010   Code   RO          270    i.HAL_GetDEVID      stm32f0xx_hal.o
    0x08005638   0x08005638   0x0000000c   Code   RO          272    i.HAL_GetREVID      stm32f0xx_hal.o
    0x08005644   0x08005644   0x0000000c   Code   RO          273    i.HAL_GetTick       stm32f0xx_hal.o
    0x08005650   0x08005650   0x00000010   Code   RO          274    i.HAL_IncTick       stm32f0xx_hal.o
    0x08005660   0x08005660   0x00000020   Code   RO          275    i.HAL_Init          stm32f0xx_hal.o
    0x08005680   0x08005680   0x00000026   Code   RO          276    i.HAL_InitTick      stm32f0xx_hal.o
    0x080056a6   0x080056a6   0x00000002   Code   RO          278    i.HAL_MspInit       stm32f0xx_hal.o
    0x080056a8   0x080056a8   0x00000018   Code   RO          384    i.HAL_NVIC_EnableIRQ  stm32f0xx_hal_cortex.o
    0x080056c0   0x080056c0   0x00000012   Code   RO          388    i.HAL_NVIC_SetPriority  stm32f0xx_hal_cortex.o
    0x080056d2   0x080056d2   0x00000002   PAD
    0x080056d4   0x080056d4   0x00000014   Code   RO          811    i.HAL_PWR_EnableBkUpAccess  stm32f0xx_hal_pwr.o
    0x080056e8   0x080056e8   0x0000017c   Code   RO         1061    i.HAL_RCCEx_PeriphCLKConfig  stm32f0xx_hal_rcc_ex.o
    0x08005864   0x08005864   0x000002cc   Code   RO          961    i.HAL_RCC_ClockConfig  stm32f0xx_hal_rcc.o
    0x08005b30   0x08005b30   0x0000002c   Code   RO          966    i.HAL_RCC_GetHCLKFreq  stm32f0xx_hal_rcc.o
    0x08005b5c   0x08005b5c   0x00000024   Code   RO          968    i.HAL_RCC_GetPCLK1Freq  stm32f0xx_hal_rcc.o
    0x08005b80   0x08005b80   0x000000f0   Code   RO          969    i.HAL_RCC_GetSysClockFreq  stm32f0xx_hal_rcc.o
    0x08005c70   0x08005c70   0x0000065c   Code   RO          972    i.HAL_RCC_OscConfig  stm32f0xx_hal_rcc.o
    0x080062cc   0x080062cc   0x00000012   Code   RO         2435    i.HAL_RTCEx_BKUPRead  stm32f0xx_hal_rtc_ex.o
    0x080062de   0x080062de   0x00000012   Code   RO         2436    i.HAL_RTCEx_BKUPWrite  stm32f0xx_hal_rtc_ex.o
    0x080062f0   0x080062f0   0x0000005c   Code   RO         2306    i.HAL_RTC_GetDate   stm32f0xx_hal_rtc.o
    0x0800634c   0x0800634c   0x00000064   Code   RO         2308    i.HAL_RTC_GetTime   stm32f0xx_hal_rtc.o
    0x080063b0   0x080063b0   0x000000bc   Code   RO         2309    i.HAL_RTC_Init      stm32f0xx_hal_rtc.o
    0x0800646c   0x0800646c   0x00000002   Code   RO         2311    i.HAL_RTC_MspInit   stm32f0xx_hal_rtc.o
    0x0800646e   0x0800646e   0x00000002   PAD
    0x08006470   0x08006470   0x0000011c   Code   RO         2315    i.HAL_RTC_SetDate   stm32f0xx_hal_rtc.o
    0x0800658c   0x0800658c   0x00000144   Code   RO         2316    i.HAL_RTC_SetTime   stm32f0xx_hal_rtc.o
    0x080066d0   0x080066d0   0x0000003c   Code   RO         2317    i.HAL_RTC_WaitForSynchro  stm32f0xx_hal_rtc.o
    0x0800670c   0x0800670c   0x00000024   Code   RO          390    i.HAL_SYSTICK_CLKSourceConfig  stm32f0xx_hal_cortex.o
    0x08006730   0x08006730   0x00000038   Code   RO          392    i.HAL_SYSTICK_Config  stm32f0xx_hal_cortex.o
    0x08006768   0x08006768   0x00000062   Code   RO         1767    i.HAL_TIMEx_MasterConfigSynchronization  stm32f0xx_hal_tim_ex.o
    0x080067ca   0x080067ca   0x00000038   Code   RO         1113    i.HAL_TIM_Base_Init  stm32f0xx_hal_tim.o
    0x08006802   0x08006802   0x00000002   Code   RO         1115    i.HAL_TIM_Base_MspInit  stm32f0xx_hal_tim.o
    0x08006804   0x08006804   0x0000001e   Code   RO         1116    i.HAL_TIM_Base_Start  stm32f0xx_hal_tim.o
    0x08006822   0x08006822   0x00000002   PAD
    0x08006824   0x08006824   0x00000040   Code   RO         1119    i.HAL_TIM_Base_Stop  stm32f0xx_hal_tim.o
    0x08006864   0x08006864   0x00000002   Code   RO         2235    i.HAL_UARTEx_WakeupCallback  stm32f0xx_hal_uart_ex.o
    0x08006866   0x08006866   0x00000048   Code   RO         1995    i.HAL_UART_DeInit   stm32f0xx_hal_uart.o
    0x080068ae   0x080068ae   0x00000002   PAD
    0x080068b0   0x080068b0   0x0000001c   Code   RO         3874    i.HAL_UART_ErrorCallback  h23rx_it.o
    0x080068cc   0x080068cc   0x0000014e   Code   RO         2236    i.HAL_UART_IRQHandler  stm32f0xx_hal_uart_ex.o
    0x08006a1a   0x08006a1a   0x00000082   Code   RO         1999    i.HAL_UART_Init     stm32f0xx_hal_uart.o
    0x08006a9c   0x08006a9c   0x00000002   Code   RO         2000    i.HAL_UART_MspDeInit  stm32f0xx_hal_uart.o
    0x08006a9e   0x08006a9e   0x00000002   PAD
    0x08006aa0   0x08006aa0   0x000002e4   Code   RO         3967    i.HAL_UART_MspInit  h23rx_uart.o
    0x08006d84   0x08006d84   0x0000014c   Code   RO         2002    i.HAL_UART_Receive  stm32f0xx_hal_uart.o
    0x08006ed0   0x08006ed0   0x000000ac   Code   RO         2003    i.HAL_UART_Receive_DMA  stm32f0xx_hal_uart.o
    0x08006f7c   0x08006f7c   0x000000f4   Code   RO         2004    i.HAL_UART_Receive_IT  stm32f0xx_hal_uart.o
    0x08007070   0x08007070   0x00000178   Code   RO         3875    i.HAL_UART_RxCpltCallback  h23rx_it.o
    0x080071e8   0x080071e8   0x00000002   Code   RO         2006    i.HAL_UART_RxHalfCpltCallback  stm32f0xx_hal_uart.o
    0x080071ea   0x080071ea   0x000000ee   Code   RO         2007    i.HAL_UART_Transmit  stm32f0xx_hal_uart.o
    0x080072d8   0x080072d8   0x00000084   Code   RO         2009    i.HAL_UART_Transmit_IT  stm32f0xx_hal_uart.o
    0x0800735c   0x0800735c   0x0000002c   Code   RO         3876    i.HAL_UART_TxCpltCallback  h23rx_it.o
    0x08007388   0x08007388   0x00000004   Code   RO         3877    i.HardFault_Handler  h23rx_it.o
    0x0800738c   0x0800738c   0x00000024   Code   RO         3818    i.IND_LED_Init      h23rx_gpio.o
    0x080073b0   0x080073b0   0x00000124   Code   RO         2674    i.IsFactoryReset    bos.o
    0x080074d4   0x080074d4   0x00000098   Code   RO         2675    i.IsLowerCLIbaud    bos.o
    0x0800756c   0x0800756c   0x0000008c   Code   RO         2676    i.IsMathOperator    bos.o
    0x080075f8   0x080075f8   0x00000034   Code   RO         2677    i.IsModuleParameter  bos.o
    0x0800762c   0x0800762c   0x00000078   Code   RO         2678    i.LoadEEalias       bos.o
    0x080076a4   0x080076a4   0x000001ac   Code   RO         2679    i.LoadEEbuttons     bos.o
    0x08007850   0x08007850   0x000000a0   Code   RO         2680    i.LoadEEgroup       bos.o
    0x080078f0   0x080078f0   0x00000128   Code   RO         2681    i.LoadEEparams      bos.o
    0x08007a18   0x08007a18   0x00000040   Code   RO         2682    i.LoadEEportsDir    bos.o
    0x08007a58   0x08007a58   0x00000140   Code   RO         2683    i.LoadEEstreams     bos.o
    0x08007b98   0x08007b98   0x00000024   Code   RO         2684    i.LoadEEvars        bos.o
    0x08007bbc   0x08007bbc   0x000000f8   Code   RO         2685    i.LoadROsnippets    bos.o
    0x08007cb4   0x08007cb4   0x00000084   Code   RO         2686    i.LoadROtopology    bos.o
    0x08007d38   0x08007d38   0x00000058   Code   RO         3696    i.MX_DMA_Init       h23rx_dma.o
    0x08007d90   0x08007d90   0x00000258   Code   RO         3462    i.MX_FREERTOS_Init  bos_freertos.o
    0x08007fe8   0x08007fe8   0x000000a4   Code   RO         3819    i.MX_GPIO_Init      h23rx_gpio.o
    0x0800808c   0x0800808c   0x00000064   Code   RO         2687    i.MX_TIM_USEC_Init  bos.o
    0x080080f0   0x080080f0   0x0000003c   Code   RO         3968    i.MX_USART1_UART_Init  h23rx_uart.o
    0x0800812c   0x0800812c   0x0000003c   Code   RO         3969    i.MX_USART2_UART_Init  h23rx_uart.o
    0x08008168   0x08008168   0x0000003c   Code   RO         3970    i.MX_USART3_UART_Init  h23rx_uart.o
    0x080081a4   0x080081a4   0x0000003c   Code   RO         3971    i.MX_USART4_UART_Init  h23rx_uart.o
    0x080081e0   0x080081e0   0x0000003c   Code   RO         3972    i.MX_USART5_UART_Init  h23rx_uart.o
    0x0800821c   0x0800821c   0x0000003c   Code   RO         3973    i.MX_USART6_UART_Init  h23rx_uart.o
    0x08008258   0x08008258   0x000000d0   Code   RO         3510    i.Module_Init       h23rx.o
    0x08008328   0x08008328   0x000001a0   Code   RO         3511    i.Module_MessagingTask  h23rx.o
    0x080084c8   0x080084c8   0x00000078   Code   RO          394    i.NVIC_SetPriority  stm32f0xx_hal_cortex.o
    0x08008540   0x08008540   0x00000034   Code   RO         2688    i.NVIC_SystemReset  bos.o
    0x08008574   0x08008574   0x000000dc   Code   RO         2689    i.NameModule        bos.o
    0x08008650   0x08008650   0x00000080   Code   RO         2691    i.NotifyMessagingTaskFromISR  bos.o
    0x080086d0   0x080086d0   0x000000a0   Code   RO         3328    i.ParseSnippetCommand  bos_cli.o
    0x08008770   0x08008770   0x00000548   Code   RO         3329    i.ParseSnippetCondition  bos_cli.o
    0x08008cb8   0x08008cb8   0x00000034   Code   RO         3697    i.PortMemDMA1_Init  h23rx_dma.o
    0x08008cec   0x08008cec   0x000001a8   Code   RO         3698    i.PortMemDMA1_Setup  h23rx_dma.o
    0x08008e94   0x08008e94   0x00000034   Code   RO         3699    i.PortMemDMA2_Init  h23rx_dma.o
    0x08008ec8   0x08008ec8   0x00000034   Code   RO         3701    i.PortMemDMA3_Init  h23rx_dma.o
    0x08008efc   0x08008efc   0x00000188   Code   RO         3702    i.PortMemDMA3_Setup  h23rx_dma.o
    0x08009084   0x08009084   0x00000030   Code   RO         3703    i.PortPortDMA1_Init  h23rx_dma.o
    0x080090b4   0x080090b4   0x000001b0   Code   RO         3704    i.PortPortDMA1_Setup  h23rx_dma.o
    0x08009264   0x08009264   0x00000030   Code   RO         3705    i.PortPortDMA2_Init  h23rx_dma.o
    0x08009294   0x08009294   0x000001cc   Code   RO         3706    i.PortPortDMA2_Setup  h23rx_dma.o
    0x08009460   0x08009460   0x00000030   Code   RO         3707    i.PortPortDMA3_Init  h23rx_dma.o
    0x08009490   0x08009490   0x000001cc   Code   RO         3708    i.PortPortDMA3_Setup  h23rx_dma.o
    0x0800965c   0x0800965c   0x00002330   Code   RO         2692    i.PxMessagingTask   bos.o
    0x0800b98c   0x0800b98c   0x00000020   Code   RO         2693    i.QnotEmpty         bos.o
    0x0800b9ac   0x0800b9ac   0x0000001a   Code   RO         2318    i.RTC_Bcd2ToByte    stm32f0xx_hal_rtc.o
    0x0800b9c6   0x0800b9c6   0x0000001a   Code   RO         2319    i.RTC_ByteToBcd2    stm32f0xx_hal_rtc.o
    0x0800b9e0   0x0800b9e0   0x00000108   Code   RO         2694    i.RTC_CalendarConfig  bos.o
    0x0800bae8   0x0800bae8   0x00000042   Code   RO         2320    i.RTC_EnterInitMode  stm32f0xx_hal_rtc.o
    0x0800bb2a   0x0800bb2a   0x00000002   PAD
    0x0800bb2c   0x0800bb2c   0x000000a0   Code   RO         2695    i.RTC_Init          bos.o
    0x0800bbcc   0x0800bbcc   0x0000008c   Code   RO         2696    i.ReadPortsDir      bos.o
    0x0800bc58   0x0800bc58   0x00000054   Code   RO         3512    i.RegisterModuleCLICommands  h23rx.o
    0x0800bcac   0x0800bcac   0x00000164   Code   RO         2699    i.RemovePortButton  bos.o
    0x0800be10   0x0800be10   0x00000002   Code   RO         4366    i.SVC_Handler       port.o
    0x0800be12   0x0800be12   0x00000002   PAD
    0x0800be14   0x0800be14   0x00000074   Code   RO         2701    i.SaveEEalias       bos.o
    0x0800be88   0x0800be88   0x00000088   Code   RO         2703    i.SaveEEparams      bos.o
    0x0800bf10   0x0800bf10   0x0000004c   Code   RO         2704    i.SaveEEportsDir    bos.o
    0x0800bf5c   0x0800bf5c   0x00000080   Code   RO         2705    i.SaveEEstreams     bos.o
    0x0800bfdc   0x0800bfdc   0x00000204   Code   RO         2706    i.SaveToRO          bos.o
    0x0800c1e0   0x0800c1e0   0x0000017c   Code   RO         2707    i.SendMessageFromPort  bos.o
    0x0800c35c   0x0800c35c   0x00000054   Code   RO         2709    i.SendMessageToModule  bos.o
    0x0800c3b0   0x0800c3b0   0x000003c4   Code   RO         2710    i.SetButtonEvents   bos.o
    0x0800c774   0x0800c774   0x0000028c   Code   RO         2711    i.SetupDMAStreamsFromMessage  bos.o
    0x0800ca00   0x0800ca00   0x00000030   Code   RO         2712    i.SetupPortForRemoteBootloaderUpdate  bos.o
    0x0800ca30   0x0800ca30   0x000000d4   Code   RO         3463    i.StartDefaultTask  bos_freertos.o
    0x0800cb04   0x0800cb04   0x00000050   Code   RO         2713    i.StartMicroDelay   bos.o
    0x0800cb54   0x0800cb54   0x0000004c   Code   RO         2714    i.StartMilliDelay   bos.o
    0x0800cba0   0x0800cba0   0x000002a0   Code   RO         2715    i.StartScastDMAStream  bos.o
    0x0800ce40   0x0800ce40   0x0000006c   Code   RO         3709    i.StopPortPortDMA1  h23rx_dma.o
    0x0800ceac   0x0800ceac   0x0000006c   Code   RO         3710    i.StopPortPortDMA2  h23rx_dma.o
    0x0800cf18   0x0800cf18   0x0000006c   Code   RO         3711    i.StopPortPortDMA3  h23rx_dma.o
    0x0800cf84   0x0800cf84   0x00000042   Code   RO         2716    i.StreamTimerCallback  bos.o
    0x0800cfc6   0x0800cfc6   0x0000001a   Code   RO         3330    i.StringToLowerCase  bos_cli.o
    0x0800cfe0   0x0800cfe0   0x00000084   Code   RO         2717    i.SwapUartPins      bos.o
    0x0800d064   0x0800d064   0x0000000c   Code   RO         3878    i.SysTick_Handler   h23rx_it.o
    0x0800d070   0x0800d070   0x000000d0   Code   RO         2718    i.SystemClock_Config  bos.o
    0x0800d140   0x0800d140   0x00000078   Code   RO          229    i.SystemInit        system_stm32f0xx.o
    0x0800d1b8   0x0800d1b8   0x000000a4   Code   RO         1197    i.TIM_Base_SetConfig  stm32f0xx_hal_tim.o
    0x0800d25c   0x0800d25c   0x000000f0   Code   RO         2012    i.UART_AdvFeatureConfig  stm32f0xx_hal_uart.o
    0x0800d34c   0x0800d34c   0x00000084   Code   RO         2013    i.UART_CheckIdleState  stm32f0xx_hal_uart.o
    0x0800d3d0   0x0800d3d0   0x00000026   Code   RO         2014    i.UART_DMAError     stm32f0xx_hal_uart.o
    0x0800d3f6   0x0800d3f6   0x00000042   Code   RO         2015    i.UART_DMAReceiveCplt  stm32f0xx_hal_uart.o
    0x0800d438   0x0800d438   0x0000000e   Code   RO         2016    i.UART_DMARxHalfCplt  stm32f0xx_hal_uart.o
    0x0800d446   0x0800d446   0x0000003c   Code   RO         2019    i.UART_EndTransmit_IT  stm32f0xx_hal_uart.o
    0x0800d482   0x0800d482   0x000000a8   Code   RO         2020    i.UART_Receive_IT   stm32f0xx_hal_uart.o
    0x0800d52a   0x0800d52a   0x00000002   PAD
    0x0800d52c   0x0800d52c   0x0000027c   Code   RO         2021    i.UART_SetConfig    stm32f0xx_hal_uart.o
    0x0800d7a8   0x0800d7a8   0x0000007a   Code   RO         2022    i.UART_Transmit_IT  stm32f0xx_hal_uart.o
    0x0800d822   0x0800d822   0x000000fe   Code   RO         2023    i.UART_WaitOnFlagUntilTimeout  stm32f0xx_hal_uart.o
    0x0800d920   0x0800d920   0x00000020   Code   RO         3879    i.USART1_IRQHandler  h23rx_it.o
    0x0800d940   0x0800d940   0x00000020   Code   RO         3880    i.USART2_IRQHandler  h23rx_it.o
    0x0800d960   0x0800d960   0x00000040   Code   RO         3881    i.USART3_8_IRQHandler  h23rx_it.o
    0x0800d9a0   0x0800d9a0   0x0000001c   Code   RO         3974    i.UpdateBaudrate    h23rx_uart.o
    0x0800d9bc   0x0800d9bc   0x00000054   Code   RO         2719    i.UpdateMyPortsDir  bos.o
    0x0800da10   0x0800da10   0x00000004   Code   RO            3    i.UserTask          main.o
    0x0800da14   0x0800da14   0x00000028   Code   RO         5076    i.__0sprintf        mc_p.l(printfa.o)
    0x0800da3c   0x0800da3c   0x0000002e   Code   RO         5209    i.__ARM_clz         mf_p.l(depilogue.o)
    0x0800da6a   0x0800da6a   0x0000001c   Code   RO         1743    i.__ARM_common_switch8  stm32f0xx_hal_tim.o
    0x0800da86   0x0800da86   0x00000002   PAD
    0x0800da88   0x0800da88   0x00000008   Code   RO         5165    i.__aeabi_errno_addr  mc_p.l(errno.o)
    0x0800da90   0x0800da90   0x00000064   Code   RO         5106    i.__free$realloc    mc_p.l(mallocr.o)
    0x0800daf4   0x0800daf4   0x00000048   Code   RO         5107    i.__malloc$realloc  mc_p.l(mallocr.o)
    0x0800db3c   0x0800db3c   0x0000000c   Code   RO         5166    i.__read_errno      mc_p.l(errno.o)
    0x0800db48   0x0800db48   0x0000000e   Code   RO         5222    i.__scatterload_copy  mc_p.l(handlers.o)
    0x0800db56   0x0800db56   0x00000002   Code   RO         5223    i.__scatterload_null  mc_p.l(handlers.o)
    0x0800db58   0x0800db58   0x0000000e   Code   RO         5224    i.__scatterload_zeroinit  mc_p.l(handlers.o)
    0x0800db66   0x0800db66   0x00000002   PAD
    0x0800db68   0x0800db68   0x0000000c   Code   RO         5167    i.__set_errno       mc_p.l(errno.o)
    0x0800db74   0x0800db74   0x00000174   Code   RO         5081    i._fp_digits        mc_p.l(printfa.o)
    0x0800dce8   0x0800dce8   0x0000000e   Code   RO         5200    i._is_digit         mc_p.l(scanf_fp.o)
    0x0800dcf6   0x0800dcf6   0x00000002   PAD
    0x0800dcf8   0x0800dcf8   0x000006f0   Code   RO         5082    i._printf_core      mc_p.l(printfa.o)
    0x0800e3e8   0x0800e3e8   0x00000020   Code   RO         5083    i._printf_post_padding  mc_p.l(printfa.o)
    0x0800e408   0x0800e408   0x0000002c   Code   RO         5084    i._printf_pre_padding  mc_p.l(printfa.o)
    0x0800e434   0x0800e434   0x0000000a   Code   RO         5086    i._sputc            mc_p.l(printfa.o)
    0x0800e43e   0x0800e43e   0x00000002   PAD
    0x0800e440   0x0800e440   0x00000078   Code   RO         2723    i.actSnipCommand    bos.o
    0x0800e4b8   0x0800e4b8   0x00000118   Code   RO         2724    i.addbuttonCommand  bos.o
    0x0800e5d0   0x0800e5d0   0x0000002a   Code   RO         4771    i.atof              m_ps.l(atof.o)
    0x0800e5fa   0x0800e5fa   0x00000002   PAD
    0x0800e5fc   0x0800e5fc   0x00000198   Code   RO         2725    i.bootloaderUpdateCommand  bos.o
    0x0800e794   0x0800e794   0x00000134   Code   RO         3513    i.btConnectCommand  h23rx.o
    0x0800e8c8   0x0800e8c8   0x00000084   Code   RO         3514    i.btDeleteScriptCommand  h23rx.o
    0x0800e94c   0x0800e94c   0x00000060   Code   RO         3516    i.btDisableHandshakeUart  h23rx.o
    0x0800e9ac   0x0800e9ac   0x000000d8   Code   RO         3517    i.btDownloadScript  h23rx.o
    0x0800ea84   0x0800ea84   0x00000180   Code   RO         3518    i.btDownloadScriptCommand  h23rx.o
    0x0800ec04   0x0800ec04   0x00000060   Code   RO         3519    i.btEnableHandshakeUart  h23rx.o
    0x0800ec64   0x0800ec64   0x00000040   Code   RO         3520    i.btGetInfoCommand  h23rx.o
    0x0800eca4   0x0800eca4   0x0000002c   Code   RO         3521    i.btResetBt900Module  h23rx.o
    0x0800ecd0   0x0800ecd0   0x0000003c   Code   RO         3522    i.btResetCommand    h23rx.o
    0x0800ed0c   0x0800ed0c   0x00000028   Code   RO         3523    i.btRunScript       h23rx.o
    0x0800ed34   0x0800ed34   0x0000004c   Code   RO         3524    i.btRunScriptCommand  h23rx.o
    0x0800ed80   0x0800ed80   0x000000c0   Code   RO         3525    i.btScanCommand     h23rx.o
    0x0800ee40   0x0800ee40   0x00000024   Code   RO         3526    i.btSendCommandToBtc  h23rx.o
    0x0800ee64   0x0800ee64   0x00000028   Code   RO         3527    i.btSendMsgToModule  h23rx.o
    0x0800ee8c   0x0800ee8c   0x00000044   Code   RO         3528    i.btSendMsgToTerminal  h23rx.o
    0x0800eed0   0x0800eed0   0x00000058   Code   RO         3529    i.btVspMode         h23rx.o
    0x0800ef28   0x0800ef28   0x000000e0   Code   RO         3530    i.btVspModeCommand  h23rx.o
    0x0800f008   0x0800f008   0x00000040   Code   RO         3531    i.btWaitEventFinishTransmission  h23rx.o
    0x0800f048   0x0800f048   0x00000034   Code   RO         3532    i.btcDmaStreamDownloadScript  h23rx.o
    0x0800f07c   0x0800f07c   0x00000002   Code   RO         2726    i.buttonClickedCallback  bos.o
    0x0800f07e   0x0800f07e   0x00000002   Code   RO         2727    i.buttonDblClickedCallback  bos.o
    0x0800f080   0x0800f080   0x00000002   Code   RO         2728    i.buttonPressedCallback  bos.o
    0x0800f082   0x0800f082   0x00000002   Code   RO         2729    i.buttonPressedForXCallback  bos.o
    0x0800f084   0x0800f084   0x00000002   Code   RO         2730    i.buttonReleasedCallback  bos.o
    0x0800f086   0x0800f086   0x00000002   Code   RO         2731    i.buttonReleasedForYCallback  bos.o
    0x0800f088   0x0800f088   0x0000002c   Code   RO         3533    i.cleanListBtcDevices  h23rx.o
    0x0800f0b4   0x0800f0b4   0x00000030   Code   RO         3534    i.copyDataToListBtcDevice  h23rx.o
    0x0800f0e4   0x0800f0e4   0x00000030   Code   RO         2732    i.dateCommand       bos.o
    0x0800f114   0x0800f114   0x000000d0   Code   RO         2733    i.defaultCommand    bos.o
    0x0800f1e4   0x0800f1e4   0x00000114   Code   RO         2734    i.delSnipCommand    bos.o
    0x0800f2f8   0x0800f2f8   0x000000c8   Code   RO         2735    i.exploreCommand    bos.o
    0x0800f3c0   0x0800f3c0   0x00000030   Code   RO         2736    i.flashsizeCommand  bos.o
    0x0800f3f0   0x0800f3f0   0x00000334   Code   RO         2737    i.getCommand        bos.o
    0x0800f724   0x0800f724   0x000001e8   Code   RO         2738    i.groupCommand      bos.o
    0x0800f90c   0x0800f90c   0x000000ec   Code   RO         2739    i.idcodeCommand     bos.o
    0x0800f9f8   0x0800f9f8   0x00000012   Code   RO         4448    i.inHandlerMode     cmsis_os.o
    0x0800fa0a   0x0800fa0a   0x00000002   PAD
    0x0800fa0c   0x0800fa0c   0x000000f0   Code   RO         2740    i.infoCommand       bos.o
    0x0800fafc   0x0800fafc   0x00000050   Code   RO         5108    i.internal_alloc    mc_p.l(mallocr.o)
    0x0800fb4c   0x0800fb4c   0x00000018   Code   RO            4    i.main              main.o
    0x0800fb64   0x0800fb64   0x00000038   Code   RO         2742    i.minArr            bos.o
    0x0800fb9c   0x0800fb9c   0x000000b0   Code   RO         2743    i.nameCommand       bos.o
    0x0800fc4c   0x0800fc4c   0x0000001a   Code   RO         4451    i.osDelay           cmsis_os.o
    0x0800fc66   0x0800fc66   0x0000000a   Code   RO         4454    i.osKernelStart     cmsis_os.o
    0x0800fc70   0x0800fc70   0x00000034   Code   RO         4477    i.osSemaphoreCreate  cmsis_os.o
    0x0800fca4   0x0800fca4   0x0000004c   Code   RO         4479    i.osSemaphoreRelease  cmsis_os.o
    0x0800fcf0   0x0800fcf0   0x00000070   Code   RO         4480    i.osSemaphoreWait   cmsis_os.o
    0x0800fd60   0x0800fd60   0x00000010   Code   RO         4483    i.osSystickHandler  cmsis_os.o
    0x0800fd70   0x0800fd70   0x00000078   Code   RO         2744    i.pauseSnipCommand  bos.o
    0x0800fde8   0x0800fde8   0x00000080   Code   RO         2745    i.pingCommand       bos.o
    0x0800fe68   0x0800fe68   0x0000002e   Code   RO         4140    i.prvGetNumberOfParameters  freertos_cli.o
    0x0800fe96   0x0800fe96   0x00000002   PAD
    0x0800fe98   0x0800fe98   0x00000080   Code   RO         4423    i.prvHeapInit       heap_4.o
    0x0800ff18   0x0800ff18   0x000000d0   Code   RO         4141    i.prvHelpCommand    freertos_cli.o
    0x0800ffe8   0x0800ffe8   0x00000018   Code   RO         4265    i.prvIdleTask       tasks.o
    0x08010000   0x08010000   0x00000068   Code   RO         4424    i.prvInsertBlockIntoFreeList  heap_4.o
    0x08010068   0x08010068   0x00000038   Code   RO         4266    i.prvResetNextTaskUnblockTime  tasks.o
    0x080100a0   0x080100a0   0x00000030   Code   RO         2746    i.prvRunTimeStatsCommand  bos.o
    0x080100d0   0x080100d0   0x00000024   Code   RO         4367    i.prvSetupTimerInterrupt  port.o
    0x080100f4   0x080100f4   0x00000024   Code   RO         4368    i.prvTaskExitError  port.o
    0x08010118   0x08010118   0x00000030   Code   RO         2747    i.prvTaskStatsCommand  bos.o
    0x08010148   0x08010148   0x00000022   Code   RO         4078    i.prvTestWaitCondition  event_groups.o
    0x0801016a   0x0801016a   0x00000002   PAD
    0x0801016c   0x0801016c   0x000001b0   Code   RO         3331    i.prvUARTCommandConsoleTask  bos_cli.o
    0x0801031c   0x0801031c   0x0000002a   Code   RO         4267    i.prvWriteNameToBuffer  tasks.o
    0x08010346   0x08010346   0x00000002   PAD
    0x08010348   0x08010348   0x00000020   Code   RO         4268    i.pvTaskIncrementMutexHeldCount  tasks.o
    0x08010368   0x08010368   0x00000044   Code   RO         3975    i.readPxITMutex     h23rx_uart.o
    0x080103ac   0x080103ac   0x00000058   Code   RO         3976    i.readPxMutex       h23rx_uart.o
    0x08010404   0x08010404   0x00000074   Code   RO         5109    i.realloc           mc_p.l(mallocr.o)
    0x08010478   0x08010478   0x00000108   Code   RO         2748    i.remoteBootloaderUpdate  bos.o
    0x08010580   0x08010580   0x00000064   Code   RO         2749    i.removebuttonCommand  bos.o
    0x080105e4   0x080105e4   0x00000010   Code   RO         2750    i.resetCommand      bos.o
    0x080105f4   0x080105f4   0x000001e0   Code   RO         2751    i.scastCommand      bos.o
    0x080107d4   0x080107d4   0x00000064   Code   RO         3535    i.sendListBtcDevices  h23rx.o
    0x08010838   0x08010838   0x00000084   Code   RO         2752    i.setBaudrateCommand  bos.o
    0x080108bc   0x080108bc   0x000008e0   Code   RO         2753    i.setCommand        bos.o
    0x0801119c   0x0801119c   0x0000026c   Code   RO         2754    i.snipCommand       bos.o
    0x08011408   0x08011408   0x0000001c   Code   RO         2755    i.statusCommand     bos.o
    0x08011424   0x08011424   0x000000b0   Code   RO         2756    i.timeCommand       bos.o
    0x080114d4   0x080114d4   0x00000060   Code   RO         3464    i.ulMainGetRunTimeCounterValue  bos_freertos.o
    0x08011534   0x08011534   0x0000009c   Code   RO         4269    i.ulTaskNotifyTake  tasks.o
    0x080115d0   0x080115d0   0x00000060   Code   RO         2757    i.uuidCommand       bos.o
    0x08011630   0x08011630   0x00000028   Code   RO         4211    i.uxListRemove      list.o
    0x08011658   0x08011658   0x0000009c   Code   RO         4270    i.uxTaskGetSystemState  tasks.o
    0x080116f4   0x080116f4   0x00000006   Code   RO         3882    i.vApplicationMallocFailedHook  h23rx_it.o
    0x080116fa   0x080116fa   0x00000006   Code   RO         3883    i.vApplicationStackOverflowHook  h23rx_it.o
    0x08011700   0x08011700   0x0000001a   Code   RO         4212    i.vListInitialise   list.o
    0x0801171a   0x0801171a   0x00000006   Code   RO         4213    i.vListInitialiseItem  list.o
    0x08011720   0x08011720   0x00000036   Code   RO         4214    i.vListInsert       list.o
    0x08011756   0x08011756   0x00000018   Code   RO         4215    i.vListInsertEnd    list.o
    0x0801176e   0x0801176e   0x00000002   PAD
    0x08011770   0x08011770   0x00000020   Code   RO         3465    i.vMainConfigureTimerForRunTimeStats  bos_freertos.o
    0x08011790   0x08011790   0x0000001c   Code   RO         4369    i.vPortEnterCritical  port.o
    0x080117ac   0x080117ac   0x00000028   Code   RO         4370    i.vPortExitCritical  port.o
    0x080117d4   0x080117d4   0x00000018   Code   RO         4371    i.vPortYield        port.o
    0x080117ec   0x080117ec   0x0000010c   Code   RO         2758    i.vRegisterCLICommands  bos.o
    0x080118f8   0x080118f8   0x000000ac   Code   RO         4271    i.vTaskNotifyGiveFromISR  tasks.o
    0x080119a4   0x080119a4   0x00000044   Code   RO         3977    i.writePxITMutex    h23rx_uart.o
    0x080119e8   0x080119e8   0x00000058   Code   RO         3978    i.writePxMutex      h23rx_uart.o
    0x08011a40   0x08011a40   0x00000024   Code   RO         4372    i.xPortSysTickHandler  port.o
    0x08011a64   0x08011a64   0x0000032c   Code   RO         4084    privileged_functions  event_groups.o
    0x08011d90   0x08011d90   0x000009dc   Code   RO         4247    privileged_functions  queue.o
    0x0801276c   0x0801276c   0x000010a4   Code   RO         4275    privileged_functions  tasks.o
    0x08013810   0x08013810   0x0000048c   Code   RO         4346    privileged_functions  timers.o
    0x08013c9c   0x08013c9c   0x00000074   Code   RO         4373    privileged_functions  port.o
    0x08013d10   0x08013d10   0x000001ac   Code   RO         4425    privileged_functions  heap_4.o
    0x08013ebc   0x08013ebc   0x00000010   Data   RO          973    .constdata          stm32f0xx_hal_rcc.o
    0x08013ecc   0x08013ecc   0x00000266   Data   RO         2760    .constdata          bos.o
    0x08014132   0x08014132   0x00000002   PAD
    0x08014134   0x08014134   0x00000080   Data   RO         3537    .constdata          h23rx.o
    0x080141b4   0x080141b4   0x00000010   Data   RO         4143    .constdata          freertos_cli.o
    0x080141c4   0x080141c4   0x00000014   Data   RO         4276    .constdata          tasks.o
    0x080141d8   0x080141d8   0x00000081   Data   RO         4784    .constdata          mc_p.l(ctype_o.o)
    0x08014259   0x08014259   0x00000003   PAD
    0x0801425c   0x0801425c   0x00000004   Data   RO         4785    .constdata          mc_p.l(ctype_o.o)
    0x08014260   0x08014260   0x000017e5   Data   RO         2761    .conststring        bos.o
    0x08015a45   0x08015a45   0x00000003   PAD
    0x08015a48   0x08015a48   0x00000369   Data   RO         3333    .conststring        bos_cli.o
    0x08015db1   0x08015db1   0x00000003   PAD
    0x08015db4   0x08015db4   0x0000040a   Data   RO         3538    .conststring        h23rx.o
    0x080161be   0x080161be   0x00000002   PAD
    0x080161c0   0x080161c0   0x00000129   Data   RO         4144    .conststring        freertos_cli.o
    0x080162e9   0x080162e9   0x00000003   PAD
    0x080162ec   0x080162ec   0x00000020   Data   RO         5220    Region$$Table       anon$$obj.o


    Execution Region RW_IRAM1 (Exec base: 0x20000000, Load base: 0x0801630c, Size: 0x00006c40, Max: 0x00008000, ABSOLUTE, COMPRESSED[0x00000178])

    Exec Addr    Load Addr    Size         Type   Attr      Idx    E Section Name        Object

    0x20000000   COMPRESSED   0x00000014   Data   RW          230    .data               system_stm32f0xx.o
    0x20000014   COMPRESSED   0x00000004   Data   RW          281    .data               stm32f0xx_hal.o
    0x20000018   COMPRESSED   0x00000244   Data   RW         2762    .data               bos.o
    0x2000025c   COMPRESSED   0x0000001c   Data   RW         3334    .data               bos_cli.o
    0x20000278   COMPRESSED   0x00000002   Data   RW         3404    .data               bos_eeprom.o
    0x2000027a   COMPRESSED   0x00000002   PAD
    0x2000027c   COMPRESSED   0x00000028   Data   RW         3467    .data               bos_freertos.o
    0x200002a4   COMPRESSED   0x00000034   Data   RW         3539    .data               h23rx.o
    0x200002d8   COMPRESSED   0x00000018   Data   RW         3713    .data               h23rx_dma.o
    0x200002f0   COMPRESSED   0x00000001   Data   RW         3885    .data               h23rx_it.o
    0x200002f1   COMPRESSED   0x00000002   Data   RW         3980    .data               h23rx_uart.o
    0x200002f3   COMPRESSED   0x00000001   PAD
    0x200002f4   COMPRESSED   0x0000001c   Data   RW         4145    .data               freertos_cli.o
    0x20000310   COMPRESSED   0x00000004   Data   RW         4374    .data               port.o
    0x20000314   COMPRESSED   0x00000018   Data   RW         4427    .data               heap_4.o
    0x2000032c   COMPRESSED   0x00000004   Data   RW         4834    .data               mc_p.l(strtok.o)
    0x20000330   COMPRESSED   0x00000004   Data   RW         5163    .data               mc_p.l(mvars.o)
    0x20000334   COMPRESSED   0x00000004   Data   RW         5164    .data               mc_p.l(mvars.o)
    0x20000338   COMPRESSED   0x00000004   Data   RW         5168    .data               mc_p.l(errno.o)
    0x2000033c   COMPRESSED   0x00000130   Data   RW         4277    privileged_data     tasks.o
    0x2000046c   COMPRESSED   0x00000038   Data   RW         4347    privileged_data     timers.o
    0x200004a4   COMPRESSED   0x00000004   PAD
    0x200004a8        -       0x00000020   Zero   RW          563    .bss                stm32f0xx_hal_flash.o
    0x200004c8        -       0x00000de4   Zero   RW         2759    .bss                bos.o
    0x200012ac        -       0x000001a4   Zero   RW         3332    .bss                bos_cli.o
    0x20001450        -       0x000002be   Zero   RW         3403    .bss                bos_eeprom.o
    0x2000170e   COMPRESSED   0x00000002   PAD
    0x20001710        -       0x00000088   Zero   RW         3466    .bss                bos_freertos.o
    0x20001798        -       0x000003b8   Zero   RW         3536    .bss                h23rx.o
    0x20001b50        -       0x000001ac   Zero   RW         3712    .bss                h23rx_dma.o
    0x20001cfc        -       0x000002b4   Zero   RW         4142    .bss                freertos_cli.o
    0x20001fb0        -       0x00000040   Zero   RW         4248    .bss                queue.o
    0x20001ff0        -       0x00004650   Zero   RW         4426    .bss                heap_4.o
    0x20006640        -       0x00000200   Zero   RW         4764    HEAP                startup_stm32f091xc.o
    0x20006840        -       0x00000400   Zero   RW         4763    STACK               startup_stm32f091xc.o


==============================================================================

Image component sizes


      Code (inc. data)   RO Data    RW Data    ZI Data      Debug   Object Name

     34066       4024       6731        580       3556      95783   bos.o
      3918        538        873         28        420      15898   bos_cli.o
      2040        148          0          2        702       6932   bos_eeprom.o
       940        212          0         40        136      12132   bos_freertos.o
       310          8          0          0          0      10072   cmsis_os.o
       846          0          0          0          0       7372   event_groups.o
       656         54        313         28        692       6910   freertos_cli.o
      3856        954       1162         52        952      30115   h23rx.o
      2880        382          0         24        428       9449   h23rx_dma.o
       410         22          0          0          0       3984   h23rx_gpio.o
       904        156          0          1          0       7308   h23rx_it.o
      1440        114          0          2          0       8224   h23rx_uart.o
       660         58          0         24      18000       4504   heap_4.o
       150          0          0          0          0       3314   list.o
        28          0          0          0          0     342831   main.o
       430         56          0          4          0       6876   port.o
      2524          6          0          0         64      14037   queue.o
        88         34        188          0       1536        672   startup_stm32f091xc.o
       154         24          0          4          0       5026   stm32f0xx_hal.o
       254         30          0          0          0       9299   stm32f0xx_hal_cortex.o
      2670         32          0          0          0       5099   stm32f0xx_hal_dma.o
       452         52          0          0         32       4110   stm32f0xx_hal_flash.o
       256         30          0          0          0       2379   stm32f0xx_hal_flash_ex.o
       546         28          0          0          0       3496   stm32f0xx_hal_gpio.o
        20          4          0          0          0        503   stm32f0xx_hal_pwr.o
      2664        100         16          0          0       5605   stm32f0xx_hal_rcc.o
       380         12          0          0          0       1440   stm32f0xx_hal_rcc_ex.o
      1168         26          0          0          0       7500   stm32f0xx_hal_rtc.o
        36          0          0          0          0       1711   stm32f0xx_hal_rtc_ex.o
       344         30          0          0          0       3585   stm32f0xx_hal_tim.o
        98          0          0          0          0       1140   stm32f0xx_hal_tim_ex.o
      3054         90          0          0          0      14492   stm32f0xx_hal_uart.o
       336          0          0          0          0       1710   stm32f0xx_hal_uart_ex.o
       120         18          0         20          0       1317   system_stm32f0xx.o
      4898        364         20        304          0      23888   tasks.o
      1164         56          0         56          0       7237   timers.o

    ----------------------------------------------------------------------
     74794       7662       9348       1172      26524     685950   Object Totals
         0          0         32          0          0          0   (incl. Generated)
        34          0         13          3          6          0   (incl. Padding)

    ----------------------------------------------------------------------

      Code (inc. data)   RO Data    RW Data    ZI Data      Debug   Library Member Name

        42          0          0          0          0         76   atof.o
        86          0          0          0          0          0   __dczerorl2.o
        30          0          0          0          0         60   _chval.o
        68          0          0          0          0         76   _sgetc.o
       166          0          0          0          0         84   _strtoul.o
        26          0          0          0          0         72   atoi.o
        26          0          0          0          0         72   atol.o
         8          4        133          0          0         60   ctype_o.o
         0          0          0          0          0          0   entry.o
         0          0          0          0          0          0   entry10a.o
         0          0          0          0          0          0   entry11a.o
         4          0          0          0          0          0   entry12b.o
         8          4          0          0          0          0   entry2.o
         4          0          0          0          0          0   entry5.o
         0          0          0          0          0          0   entry7b.o
         0          0          0          0          0          0   entry8b.o
         8          4          0          0          0          0   entry9a.o
        32         16          0          4          0        180   errno.o
        30          0          0          0          0          0   handlers.o
        40          0          0          0          0         72   idiv.o
        36          8          0          0          0         68   init.o
        18          0          0          0          0         68   isspace_o.o
         0          0          0          0          0          0   iusefp.o
       122          0          0          0          0         84   llmul.o
        32          0          0          0          0         68   llshl.o
        38          0          0          0          0         68   llsshr.o
        34          0          0          0          0         68   llushr.o
       368         36          0          0          0        308   mallocr.o
        26          0          0          0          0         72   memcmp.o
        36          0          0          0          0         60   memcpya.o
        36          0          0          0          0        100   memseta.o
         0          0          0          8          0          0   mvars.o
      2274         94          0          0          0        472   printfa.o
       898         12          0          0          0        184   scanf_fp.o
        24          0          0          0          0         60   strcat.o
        20          0          0          0          0         60   strchr.o
        28          0          0          0          0         68   strcmp.o
        18          0          0          0          0         60   strcpy.o
        14          0          0          0          0         60   strlen.o
        30          0          0          0          0         72   strncmp.o
        26          0          0          0          0         68   strncpy.o
       164         16          0          0          0        120   strtod.o
        72          4          0          4          0         72   strtok.o
       112          4          0          0          0         76   strtol.o
        12          0          0          0          0         60   tolower.o
        44          0          0          0          0         72   uidiv.o
        96          0          0          0          0         84   uldiv.o
        40          2          0          0          0         68   cdrcmple.o
        20          0          0          0          0         68   cfcmple.o
        20          0          0          0          0         68   cfrcmple.o
        56          0          0          0          0         68   d2f.o
       360          6          0          0          0        140   dadd.o
       240          6          0          0          0         84   ddiv.o
       236          0          0          0          0        216   depilogue.o
        64         10          0          0          0         68   dfixul.o
        28          6          0          0          0         68   dfltul.o
       208          6          0          0          0         88   dmul.o
        40          0          0          0          0         60   f2d.o
       130          0          0          0          0        144   fepilogue.o

    ----------------------------------------------------------------------
      6614        238        136         16          0       4444   Library Totals
        16          0          3          0          0          0   (incl. Padding)

    ----------------------------------------------------------------------

      Code (inc. data)   RO Data    RW Data    ZI Data      Debug   Library Name

        42          0          0          0          0         76   m_ps.l
      5114        202        133         16          0       3228   mc_p.l
      1442         36          0          0          0       1140   mf_p.l

    ----------------------------------------------------------------------
      6614        238        136         16          0       4444   Library Totals

    ----------------------------------------------------------------------

==============================================================================


      Code (inc. data)   RO Data    RW Data    ZI Data      Debug   

     81408       7900       9484       1188      26524     674174   Grand Totals
     81408       7900       9484        376      26524     674174   ELF Image Totals (compressed)
     81408       7900       9484        376          0          0   ROM Totals

==============================================================================

    Total RO  Size (Code + RO Data)                90892 (  88.76kB)
    Total RW  Size (RW Data + ZI Data)             27712 (  27.06kB)
    Total ROM Size (Code + RO Data + RW Data)      91268 (  89.13kB)

==============================================================================

