<!doctype html public "-//w3c//dtd html 4.0 transitional//en">
<html><head>
<title>Static Call Graph - [.\Objects\Module 1.axf]</title></head>
<body><HR>
<H1>Static Call Graph for image .\Objects\Module 1.axf</H1><HR>
<BR><P>#&#060CALLGRAPH&#062# ARM Linker, 5060960: Last Updated: Mon Oct 11 16:05:28 2021
<BR><P>
<H3>Maximum Stack Usage =        568 bytes + Unknown(Cycles, Untraceable Function Pointers)</H3><H3>
Call chain for Maximum Stack Depth:</H3>
PxMessagingTask &rArr; remoteBootloaderUpdate &rArr; StartScastDMAStream &rArr; SendMessageToModule &rArr; BroadcastMessage &rArr; SendMessageFromPort &rArr;  SendMessageFromPort (Cycle)
<P>
<H3>
Mutually Recursive functions
</H3> <LI><a href="#[1]">NMI_Handler</a>&nbsp;&nbsp;&nbsp;&rArr;&nbsp;&nbsp;&nbsp;<a href="#[1]">NMI_Handler</a><BR>
 <LI><a href="#[12]">ADC1_COMP_IRQHandler</a>&nbsp;&nbsp;&nbsp;&rArr;&nbsp;&nbsp;&nbsp;<a href="#[12]">ADC1_COMP_IRQHandler</a><BR>
 <LI><a href="#[b5]">SendMessageFromPort</a>&nbsp;&nbsp;&nbsp;&rArr;&nbsp;&nbsp;&nbsp;<a href="#[b5]">SendMessageFromPort</a><BR>
</UL>
<P>
<H3>
Function Pointers
</H3><UL>
 <LI><a href="#[12]">ADC1_COMP_IRQHandler</a> from startup_stm32f091xc.o(.text) referenced from startup_stm32f091xc.o(RESET)
 <LI><a href="#[24]">CEC_CAN_IRQHandler</a> from startup_stm32f091xc.o(.text) referenced from startup_stm32f091xc.o(RESET)
 <LI><a href="#[32]">ControlBluetoothTask</a> from h23rx.o(i.ControlBluetoothTask) referenced from h23rx.o(i.Module_Init)
 <LI><a href="#[f]">DMA1_Ch1_IRQHandler</a> from h23rx_it.o(i.DMA1_Ch1_IRQHandler) referenced from startup_stm32f091xc.o(RESET)
 <LI><a href="#[10]">DMA1_Ch2_3_DMA2_Ch1_2_IRQHandler</a> from h23rx_it.o(i.DMA1_Ch2_3_DMA2_Ch1_2_IRQHandler) referenced from startup_stm32f091xc.o(RESET)
 <LI><a href="#[11]">DMA1_Ch4_7_DMA2_Ch3_5_IRQHandler</a> from h23rx_it.o(i.DMA1_Ch4_7_DMA2_Ch3_5_IRQHandler) referenced from startup_stm32f091xc.o(RESET)
 <LI><a href="#[b]">EXTI0_1_IRQHandler</a> from startup_stm32f091xc.o(.text) referenced from startup_stm32f091xc.o(RESET)
 <LI><a href="#[c]">EXTI2_3_IRQHandler</a> from startup_stm32f091xc.o(.text) referenced from startup_stm32f091xc.o(RESET)
 <LI><a href="#[d]">EXTI4_15_IRQHandler</a> from startup_stm32f091xc.o(.text) referenced from startup_stm32f091xc.o(RESET)
 <LI><a href="#[9]">FLASH_IRQHandler</a> from startup_stm32f091xc.o(.text) referenced from startup_stm32f091xc.o(RESET)
 <LI><a href="#[2]">HardFault_Handler</a> from h23rx_it.o(i.HardFault_Handler) referenced from startup_stm32f091xc.o(RESET)
 <LI><a href="#[1d]">I2C1_IRQHandler</a> from startup_stm32f091xc.o(.text) referenced from startup_stm32f091xc.o(RESET)
 <LI><a href="#[1e]">I2C2_IRQHandler</a> from startup_stm32f091xc.o(.text) referenced from startup_stm32f091xc.o(RESET)
 <LI><a href="#[1]">NMI_Handler</a> from startup_stm32f091xc.o(.text) referenced from startup_stm32f091xc.o(RESET)
 <LI><a href="#[7]">PVD_VDDIO2_IRQHandler</a> from startup_stm32f091xc.o(.text) referenced from startup_stm32f091xc.o(RESET)
 <LI><a href="#[4]">PendSV_Handler</a> from port.o(.emb_text) referenced from startup_stm32f091xc.o(RESET)
 <LI><a href="#[30]">PxMessagingTask</a> from bos.o(i.PxMessagingTask) referenced from bos_freertos.o(i.MX_FREERTOS_Init)
 <LI><a href="#[a]">RCC_CRS_IRQHandler</a> from startup_stm32f091xc.o(.text) referenced from startup_stm32f091xc.o(RESET)
 <LI><a href="#[8]">RTC_IRQHandler</a> from startup_stm32f091xc.o(.text) referenced from startup_stm32f091xc.o(RESET)
 <LI><a href="#[0]">Reset_Handler</a> from startup_stm32f091xc.o(.text) referenced from startup_stm32f091xc.o(RESET)
 <LI><a href="#[1f]">SPI1_IRQHandler</a> from startup_stm32f091xc.o(.text) referenced from startup_stm32f091xc.o(RESET)
 <LI><a href="#[20]">SPI2_IRQHandler</a> from startup_stm32f091xc.o(.text) referenced from startup_stm32f091xc.o(RESET)
 <LI><a href="#[3]">SVC_Handler</a> from port.o(i.SVC_Handler) referenced from startup_stm32f091xc.o(RESET)
 <LI><a href="#[2e]">StartDefaultTask</a> from bos_freertos.o(i.StartDefaultTask) referenced from bos_freertos.o(i.MX_FREERTOS_Init)
 <LI><a href="#[33]">StreamTimerCallback</a> from bos.o(i.StreamTimerCallback) referenced from bos.o(i.SetupDMAStreamsFromMessage)
 <LI><a href="#[33]">StreamTimerCallback</a> from bos.o(i.StreamTimerCallback) referenced from bos.o(i.StartScastDMAStream)
 <LI><a href="#[5]">SysTick_Handler</a> from h23rx_it.o(i.SysTick_Handler) referenced from startup_stm32f091xc.o(RESET)
 <LI><a href="#[26]">SystemInit</a> from system_stm32f0xx.o(i.SystemInit) referenced from startup_stm32f091xc.o(.text)
 <LI><a href="#[19]">TIM14_IRQHandler</a> from startup_stm32f091xc.o(.text) referenced from startup_stm32f091xc.o(RESET)
 <LI><a href="#[1a]">TIM15_IRQHandler</a> from startup_stm32f091xc.o(.text) referenced from startup_stm32f091xc.o(RESET)
 <LI><a href="#[1b]">TIM16_IRQHandler</a> from startup_stm32f091xc.o(.text) referenced from startup_stm32f091xc.o(RESET)
 <LI><a href="#[1c]">TIM17_IRQHandler</a> from startup_stm32f091xc.o(.text) referenced from startup_stm32f091xc.o(RESET)
 <LI><a href="#[13]">TIM1_BRK_UP_TRG_COM_IRQHandler</a> from startup_stm32f091xc.o(.text) referenced from startup_stm32f091xc.o(RESET)
 <LI><a href="#[14]">TIM1_CC_IRQHandler</a> from startup_stm32f091xc.o(.text) referenced from startup_stm32f091xc.o(RESET)
 <LI><a href="#[15]">TIM2_IRQHandler</a> from startup_stm32f091xc.o(.text) referenced from startup_stm32f091xc.o(RESET)
 <LI><a href="#[16]">TIM3_IRQHandler</a> from startup_stm32f091xc.o(.text) referenced from startup_stm32f091xc.o(RESET)
 <LI><a href="#[17]">TIM6_DAC_IRQHandler</a> from startup_stm32f091xc.o(.text) referenced from startup_stm32f091xc.o(RESET)
 <LI><a href="#[18]">TIM7_IRQHandler</a> from startup_stm32f091xc.o(.text) referenced from startup_stm32f091xc.o(RESET)
 <LI><a href="#[e]">TSC_IRQHandler</a> from startup_stm32f091xc.o(.text) referenced from startup_stm32f091xc.o(RESET)
 <LI><a href="#[2d]">UART_DMAError</a> from stm32f0xx_hal_uart.o(i.UART_DMAError) referenced from stm32f0xx_hal_uart.o(i.HAL_UART_Receive_DMA)
 <LI><a href="#[2b]">UART_DMAReceiveCplt</a> from stm32f0xx_hal_uart.o(i.UART_DMAReceiveCplt) referenced from stm32f0xx_hal_uart.o(i.HAL_UART_Receive_DMA)
 <LI><a href="#[2c]">UART_DMARxHalfCplt</a> from stm32f0xx_hal_uart.o(i.UART_DMARxHalfCplt) referenced from stm32f0xx_hal_uart.o(i.HAL_UART_Receive_DMA)
 <LI><a href="#[21]">USART1_IRQHandler</a> from h23rx_it.o(i.USART1_IRQHandler) referenced from startup_stm32f091xc.o(RESET)
 <LI><a href="#[22]">USART2_IRQHandler</a> from h23rx_it.o(i.USART2_IRQHandler) referenced from startup_stm32f091xc.o(RESET)
 <LI><a href="#[23]">USART3_8_IRQHandler</a> from h23rx_it.o(i.USART3_8_IRQHandler) referenced from startup_stm32f091xc.o(RESET)
 <LI><a href="#[2f]">UserTask</a> from main.o(i.UserTask) referenced from bos_freertos.o(i.MX_FREERTOS_Init)
 <LI><a href="#[6]">WWDG_IRQHandler</a> from startup_stm32f091xc.o(.text) referenced from startup_stm32f091xc.o(RESET)
 <LI><a href="#[27]">__main</a> from entry.o(.ARM.Collect$$$$00000000) referenced from startup_stm32f091xc.o(.text)
 <LI><a href="#[29]">_sbackspace</a> from _sgetc.o(.text) referenced from strtod.o(.text)
 <LI><a href="#[28]">_sgetc</a> from _sgetc.o(.text) referenced from strtod.o(.text)
 <LI><a href="#[34]">_sputc</a> from printfa.o(i._sputc) referenced from printfa.o(i.__0sprintf)
 <LI><a href="#[50]">actSnipCommand</a> from bos.o(i.actSnipCommand) referenced from bos.o(.constdata)
 <LI><a href="#[44]">addbuttonCommand</a> from bos.o(i.addbuttonCommand) referenced from bos.o(.constdata)
 <LI><a href="#[3c]">bootloaderUpdateCommand</a> from bos.o(i.bootloaderUpdateCommand) referenced from bos.o(.constdata)
 <LI><a href="#[5a]">btConnectCommand</a> from h23rx.o(i.btConnectCommand) referenced from h23rx.o(.constdata)
 <LI><a href="#[58]">btDeleteScriptCommand</a> from h23rx.o(i.btDeleteScriptCommand) referenced from h23rx.o(.constdata)
 <LI><a href="#[55]">btDownloadScriptCommand</a> from h23rx.o(i.btDownloadScriptCommand) referenced from h23rx.o(.constdata)
 <LI><a href="#[53]">btGetInfoCommand</a> from h23rx.o(i.btGetInfoCommand) referenced from h23rx.o(.constdata)
 <LI><a href="#[54]">btResetCommand</a> from h23rx.o(i.btResetCommand) referenced from h23rx.o(.constdata)
 <LI><a href="#[56]">btRunScriptCommand</a> from h23rx.o(i.btRunScriptCommand) referenced from h23rx.o(.constdata)
 <LI><a href="#[59]">btScanCommand</a> from h23rx.o(i.btScanCommand) referenced from h23rx.o(.constdata)
 <LI><a href="#[57]">btVspModeCommand</a> from h23rx.o(i.btVspModeCommand) referenced from h23rx.o(.constdata)
 <LI><a href="#[35]">btcDmaStreamDownloadScript</a> from h23rx.o(i.btcDmaStreamDownloadScript) referenced from h23rx.o(i.btDownloadScript)
 <LI><a href="#[4a]">dateCommand</a> from bos.o(i.dateCommand) referenced from bos.o(.constdata)
 <LI><a href="#[48]">defaultCommand</a> from bos.o(i.defaultCommand) referenced from bos.o(.constdata)
 <LI><a href="#[52]">delSnipCommand</a> from bos.o(i.delSnipCommand) referenced from bos.o(.constdata)
 <LI><a href="#[3d]">exploreCommand</a> from bos.o(i.exploreCommand) referenced from bos.o(.constdata)
 <LI><a href="#[4e]">flashsizeCommand</a> from bos.o(i.flashsizeCommand) referenced from bos.o(.constdata)
 <LI><a href="#[47]">getCommand</a> from bos.o(i.getCommand) referenced from bos.o(.constdata)
 <LI><a href="#[40]">groupCommand</a> from bos.o(i.groupCommand) referenced from bos.o(.constdata)
 <LI><a href="#[4d]">idcodeCommand</a> from bos.o(i.idcodeCommand) referenced from bos.o(.constdata)
 <LI><a href="#[42]">infoCommand</a> from bos.o(i.infoCommand) referenced from bos.o(.constdata)
 <LI><a href="#[2a]">isspace</a> from isspace_o.o(.text) referenced from strtod.o(.text)
 <LI><a href="#[25]">main</a> from main.o(i.main) referenced from entry9a.o(.ARM.Collect$$$$0000000B)
 <LI><a href="#[3f]">nameCommand</a> from bos.o(i.nameCommand) referenced from bos.o(.constdata)
 <LI><a href="#[51]">pauseSnipCommand</a> from bos.o(i.pauseSnipCommand) referenced from bos.o(.constdata)
 <LI><a href="#[3b]">pingCommand</a> from bos.o(i.pingCommand) referenced from bos.o(.constdata)
 <LI><a href="#[5b]">prvHelpCommand</a> from freertos_cli.o(i.prvHelpCommand) referenced from freertos_cli.o(.constdata)
 <LI><a href="#[36]">prvIdleTask</a> from tasks.o(i.prvIdleTask) referenced from tasks.o(privileged_functions)
 <LI><a href="#[39]">prvRunTimeStatsCommand</a> from bos.o(i.prvRunTimeStatsCommand) referenced from bos.o(.constdata)
 <LI><a href="#[38]">prvTaskExitError</a> from port.o(i.prvTaskExitError) referenced from port.o(privileged_functions)
 <LI><a href="#[3a]">prvTaskStatsCommand</a> from bos.o(i.prvTaskStatsCommand) referenced from bos.o(.constdata)
 <LI><a href="#[37]">prvTimerTask</a> from timers.o(privileged_functions) referenced from timers.o(privileged_functions)
 <LI><a href="#[31]">prvUARTCommandConsoleTask</a> from bos_cli.o(i.prvUARTCommandConsoleTask) referenced from bos_freertos.o(i.MX_FREERTOS_Init)
 <LI><a href="#[45]">removebuttonCommand</a> from bos.o(i.removebuttonCommand) referenced from bos.o(.constdata)
 <LI><a href="#[3e]">resetCommand</a> from bos.o(i.resetCommand) referenced from bos.o(.constdata)
 <LI><a href="#[43]">scastCommand</a> from bos.o(i.scastCommand) referenced from bos.o(.constdata)
 <LI><a href="#[4b]">setBaudrateCommand</a> from bos.o(i.setBaudrateCommand) referenced from bos.o(.constdata)
 <LI><a href="#[46]">setCommand</a> from bos.o(i.setCommand) referenced from bos.o(.constdata)
 <LI><a href="#[4f]">snipCommand</a> from bos.o(i.snipCommand) referenced from bos.o(.constdata)
 <LI><a href="#[41]">statusCommand</a> from bos.o(i.statusCommand) referenced from bos.o(.constdata)
 <LI><a href="#[49]">timeCommand</a> from bos.o(i.timeCommand) referenced from bos.o(.constdata)
 <LI><a href="#[4c]">uuidCommand</a> from bos.o(i.uuidCommand) referenced from bos.o(.constdata)
</UL>
<P>
<H3>
Global Symbols
</H3>
<P><STRONG><a name="[27]"></a>__main</STRONG> (Thumb, 0 bytes, Stack size unknown bytes, entry.o(.ARM.Collect$$$$00000000))
<BR>[Address Reference Count : 1]<UL><LI> startup_stm32f091xc.o(.text)
</UL>
<P><STRONG><a name="[1fb]"></a>_main_stk</STRONG> (Thumb, 0 bytes, Stack size unknown bytes, entry2.o(.ARM.Collect$$$$00000001))

<P><STRONG><a name="[5c]"></a>_main_scatterload</STRONG> (Thumb, 0 bytes, Stack size unknown bytes, entry5.o(.ARM.Collect$$$$00000004))
<BR><BR>[Calls]<UL><LI><a href="#[5d]">&gt;&gt;</a>&nbsp;&nbsp;&nbsp;__scatterload
</UL>

<P><STRONG><a name="[7e]"></a>__main_after_scatterload</STRONG> (Thumb, 0 bytes, Stack size unknown bytes, entry5.o(.ARM.Collect$$$$00000004))
<BR><BR>[Called By]<UL><LI><a href="#[5d]">&gt;&gt;</a>&nbsp;&nbsp;&nbsp;__scatterload
</UL>

<P><STRONG><a name="[1fc]"></a>_main_clock</STRONG> (Thumb, 0 bytes, Stack size unknown bytes, entry7b.o(.ARM.Collect$$$$00000008))

<P><STRONG><a name="[1fd]"></a>_main_cpp_init</STRONG> (Thumb, 0 bytes, Stack size unknown bytes, entry8b.o(.ARM.Collect$$$$0000000A))

<P><STRONG><a name="[1fe]"></a>_main_init</STRONG> (Thumb, 0 bytes, Stack size unknown bytes, entry9a.o(.ARM.Collect$$$$0000000B))

<P><STRONG><a name="[5e]"></a>__rt_lib_shutdown_fini</STRONG> (Thumb, 0 bytes, Stack size unknown bytes, entry12b.o(.ARM.Collect$$$$0000000E))
<BR><BR>[Calls]<UL><LI><a href="#[5f]">&gt;&gt;</a>&nbsp;&nbsp;&nbsp;__arm_fini_ (Weak Reference)
</UL>

<P><STRONG><a name="[1ff]"></a>__rt_final_cpp</STRONG> (Thumb, 0 bytes, Stack size unknown bytes, entry10a.o(.ARM.Collect$$$$0000000F))

<P><STRONG><a name="[200]"></a>__rt_final_exit</STRONG> (Thumb, 0 bytes, Stack size unknown bytes, entry11a.o(.ARM.Collect$$$$00000011))

<P><STRONG><a name="[1f7]"></a>__asm___6_port_c_39a90d8d__prvPortStartFirstTask</STRONG> (Thumb, 28 bytes, Stack size 0 bytes, port.o(.emb_text))
<BR><BR>[Called By]<UL><LI><a href="#[1e7]">&gt;&gt;</a>&nbsp;&nbsp;&nbsp;xPortStartScheduler
</UL>

<P><STRONG><a name="[1af]"></a>ulSetInterruptMaskFromISR</STRONG> (Thumb, 8 bytes, Stack size 0 bytes, port.o(.emb_text))
<BR><BR>[Called By]<UL><LI><a href="#[19c]">&gt;&gt;</a>&nbsp;&nbsp;&nbsp;xPortSysTickHandler
<LI><a href="#[1e4]">&gt;&gt;</a>&nbsp;&nbsp;&nbsp;xTaskResumeFromISR
<LI><a href="#[1de]">&gt;&gt;</a>&nbsp;&nbsp;&nbsp;uxTaskPriorityGetFromISR
<LI><a href="#[1cd]">&gt;&gt;</a>&nbsp;&nbsp;&nbsp;xQueuePeekFromISR
<LI><a href="#[199]">&gt;&gt;</a>&nbsp;&nbsp;&nbsp;xQueueReceiveFromISR
<LI><a href="#[1cc]">&gt;&gt;</a>&nbsp;&nbsp;&nbsp;xQueueGenericSendFromISR
<LI><a href="#[136]">&gt;&gt;</a>&nbsp;&nbsp;&nbsp;xQueueGiveFromISR
<LI><a href="#[133]">&gt;&gt;</a>&nbsp;&nbsp;&nbsp;vTaskNotifyGiveFromISR
</UL>

<P><STRONG><a name="[1b0]"></a>vClearInterruptMaskFromISR</STRONG> (Thumb, 6 bytes, Stack size 0 bytes, port.o(.emb_text))
<BR><BR>[Called By]<UL><LI><a href="#[19c]">&gt;&gt;</a>&nbsp;&nbsp;&nbsp;xPortSysTickHandler
<LI><a href="#[1e4]">&gt;&gt;</a>&nbsp;&nbsp;&nbsp;xTaskResumeFromISR
<LI><a href="#[1de]">&gt;&gt;</a>&nbsp;&nbsp;&nbsp;uxTaskPriorityGetFromISR
<LI><a href="#[1cd]">&gt;&gt;</a>&nbsp;&nbsp;&nbsp;xQueuePeekFromISR
<LI><a href="#[199]">&gt;&gt;</a>&nbsp;&nbsp;&nbsp;xQueueReceiveFromISR
<LI><a href="#[1cc]">&gt;&gt;</a>&nbsp;&nbsp;&nbsp;xQueueGenericSendFromISR
<LI><a href="#[136]">&gt;&gt;</a>&nbsp;&nbsp;&nbsp;xQueueGiveFromISR
<LI><a href="#[133]">&gt;&gt;</a>&nbsp;&nbsp;&nbsp;vTaskNotifyGiveFromISR
</UL>

<P><STRONG><a name="[4]"></a>PendSV_Handler</STRONG> (Thumb, 62 bytes, Stack size 0 bytes, port.o(.emb_text))
<BR><BR>[Stack]<UL><LI>Max Depth = 44<LI>Call Chain = PendSV_Handler &rArr; vTaskSwitchContext &rArr; ulMainGetRunTimeCounterValue &rArr; __aeabi_uidivmod
</UL>
<BR>[Calls]<UL><LI><a href="#[60]">&gt;&gt;</a>&nbsp;&nbsp;&nbsp;vTaskSwitchContext
</UL>
<BR>[Address Reference Count : 1]<UL><LI> startup_stm32f091xc.o(RESET)
</UL>
<P><STRONG><a name="[0]"></a>Reset_Handler</STRONG> (Thumb, 20 bytes, Stack size 0 bytes, startup_stm32f091xc.o(.text))
<BR><BR>[Calls]<UL><LI><a href="#[61]">&gt;&gt;</a>&nbsp;&nbsp;&nbsp;Reboot_Loader
</UL>
<BR>[Address Reference Count : 1]<UL><LI> startup_stm32f091xc.o(RESET)
</UL>
<P><STRONG><a name="[61]"></a>Reboot_Loader</STRONG> (Thumb, 22 bytes, Stack size 0 bytes, startup_stm32f091xc.o(.text))
<BR><BR>[Called By]<UL><LI><a href="#[0]">&gt;&gt;</a>&nbsp;&nbsp;&nbsp;Reset_Handler
</UL>

<P><STRONG><a name="[1]"></a>NMI_Handler</STRONG> (Thumb, 2 bytes, Stack size 0 bytes, startup_stm32f091xc.o(.text))
<BR><BR>[Calls]<UL><LI><a href="#[1]">&gt;&gt;</a>&nbsp;&nbsp;&nbsp;NMI_Handler
</UL>
<BR>[Called By]<UL><LI><a href="#[1]">&gt;&gt;</a>&nbsp;&nbsp;&nbsp;NMI_Handler
</UL>
<BR>[Address Reference Count : 1]<UL><LI> startup_stm32f091xc.o(RESET)
</UL>
<P><STRONG><a name="[12]"></a>ADC1_COMP_IRQHandler</STRONG> (Thumb, 0 bytes, Stack size 0 bytes, startup_stm32f091xc.o(.text))
<BR><BR>[Calls]<UL><LI><a href="#[12]">&gt;&gt;</a>&nbsp;&nbsp;&nbsp;ADC1_COMP_IRQHandler
</UL>
<BR>[Called By]<UL><LI><a href="#[12]">&gt;&gt;</a>&nbsp;&nbsp;&nbsp;ADC1_COMP_IRQHandler
</UL>
<BR>[Address Reference Count : 1]<UL><LI> startup_stm32f091xc.o(RESET)
</UL>
<P><STRONG><a name="[24]"></a>CEC_CAN_IRQHandler</STRONG> (Thumb, 0 bytes, Stack size 0 bytes, startup_stm32f091xc.o(.text))
<BR>[Address Reference Count : 1]<UL><LI> startup_stm32f091xc.o(RESET)
</UL>
<P><STRONG><a name="[b]"></a>EXTI0_1_IRQHandler</STRONG> (Thumb, 0 bytes, Stack size 0 bytes, startup_stm32f091xc.o(.text))
<BR>[Address Reference Count : 1]<UL><LI> startup_stm32f091xc.o(RESET)
</UL>
<P><STRONG><a name="[c]"></a>EXTI2_3_IRQHandler</STRONG> (Thumb, 0 bytes, Stack size 0 bytes, startup_stm32f091xc.o(.text))
<BR>[Address Reference Count : 1]<UL><LI> startup_stm32f091xc.o(RESET)
</UL>
<P><STRONG><a name="[d]"></a>EXTI4_15_IRQHandler</STRONG> (Thumb, 0 bytes, Stack size 0 bytes, startup_stm32f091xc.o(.text))
<BR>[Address Reference Count : 1]<UL><LI> startup_stm32f091xc.o(RESET)
</UL>
<P><STRONG><a name="[9]"></a>FLASH_IRQHandler</STRONG> (Thumb, 0 bytes, Stack size 0 bytes, startup_stm32f091xc.o(.text))
<BR>[Address Reference Count : 1]<UL><LI> startup_stm32f091xc.o(RESET)
</UL>
<P><STRONG><a name="[1d]"></a>I2C1_IRQHandler</STRONG> (Thumb, 0 bytes, Stack size 0 bytes, startup_stm32f091xc.o(.text))
<BR>[Address Reference Count : 1]<UL><LI> startup_stm32f091xc.o(RESET)
</UL>
<P><STRONG><a name="[1e]"></a>I2C2_IRQHandler</STRONG> (Thumb, 0 bytes, Stack size 0 bytes, startup_stm32f091xc.o(.text))
<BR>[Address Reference Count : 1]<UL><LI> startup_stm32f091xc.o(RESET)
</UL>
<P><STRONG><a name="[7]"></a>PVD_VDDIO2_IRQHandler</STRONG> (Thumb, 0 bytes, Stack size 0 bytes, startup_stm32f091xc.o(.text))
<BR>[Address Reference Count : 1]<UL><LI> startup_stm32f091xc.o(RESET)
</UL>
<P><STRONG><a name="[a]"></a>RCC_CRS_IRQHandler</STRONG> (Thumb, 0 bytes, Stack size 0 bytes, startup_stm32f091xc.o(.text))
<BR>[Address Reference Count : 1]<UL><LI> startup_stm32f091xc.o(RESET)
</UL>
<P><STRONG><a name="[8]"></a>RTC_IRQHandler</STRONG> (Thumb, 0 bytes, Stack size 0 bytes, startup_stm32f091xc.o(.text))
<BR>[Address Reference Count : 1]<UL><LI> startup_stm32f091xc.o(RESET)
</UL>
<P><STRONG><a name="[1f]"></a>SPI1_IRQHandler</STRONG> (Thumb, 0 bytes, Stack size 0 bytes, startup_stm32f091xc.o(.text))
<BR>[Address Reference Count : 1]<UL><LI> startup_stm32f091xc.o(RESET)
</UL>
<P><STRONG><a name="[20]"></a>SPI2_IRQHandler</STRONG> (Thumb, 0 bytes, Stack size 0 bytes, startup_stm32f091xc.o(.text))
<BR>[Address Reference Count : 1]<UL><LI> startup_stm32f091xc.o(RESET)
</UL>
<P><STRONG><a name="[19]"></a>TIM14_IRQHandler</STRONG> (Thumb, 0 bytes, Stack size 0 bytes, startup_stm32f091xc.o(.text))
<BR>[Address Reference Count : 1]<UL><LI> startup_stm32f091xc.o(RESET)
</UL>
<P><STRONG><a name="[1a]"></a>TIM15_IRQHandler</STRONG> (Thumb, 0 bytes, Stack size 0 bytes, startup_stm32f091xc.o(.text))
<BR>[Address Reference Count : 1]<UL><LI> startup_stm32f091xc.o(RESET)
</UL>
<P><STRONG><a name="[1b]"></a>TIM16_IRQHandler</STRONG> (Thumb, 0 bytes, Stack size 0 bytes, startup_stm32f091xc.o(.text))
<BR>[Address Reference Count : 1]<UL><LI> startup_stm32f091xc.o(RESET)
</UL>
<P><STRONG><a name="[1c]"></a>TIM17_IRQHandler</STRONG> (Thumb, 0 bytes, Stack size 0 bytes, startup_stm32f091xc.o(.text))
<BR>[Address Reference Count : 1]<UL><LI> startup_stm32f091xc.o(RESET)
</UL>
<P><STRONG><a name="[13]"></a>TIM1_BRK_UP_TRG_COM_IRQHandler</STRONG> (Thumb, 0 bytes, Stack size 0 bytes, startup_stm32f091xc.o(.text))
<BR>[Address Reference Count : 1]<UL><LI> startup_stm32f091xc.o(RESET)
</UL>
<P><STRONG><a name="[14]"></a>TIM1_CC_IRQHandler</STRONG> (Thumb, 0 bytes, Stack size 0 bytes, startup_stm32f091xc.o(.text))
<BR>[Address Reference Count : 1]<UL><LI> startup_stm32f091xc.o(RESET)
</UL>
<P><STRONG><a name="[15]"></a>TIM2_IRQHandler</STRONG> (Thumb, 0 bytes, Stack size 0 bytes, startup_stm32f091xc.o(.text))
<BR>[Address Reference Count : 1]<UL><LI> startup_stm32f091xc.o(RESET)
</UL>
<P><STRONG><a name="[16]"></a>TIM3_IRQHandler</STRONG> (Thumb, 0 bytes, Stack size 0 bytes, startup_stm32f091xc.o(.text))
<BR>[Address Reference Count : 1]<UL><LI> startup_stm32f091xc.o(RESET)
</UL>
<P><STRONG><a name="[17]"></a>TIM6_DAC_IRQHandler</STRONG> (Thumb, 0 bytes, Stack size 0 bytes, startup_stm32f091xc.o(.text))
<BR>[Address Reference Count : 1]<UL><LI> startup_stm32f091xc.o(RESET)
</UL>
<P><STRONG><a name="[18]"></a>TIM7_IRQHandler</STRONG> (Thumb, 0 bytes, Stack size 0 bytes, startup_stm32f091xc.o(.text))
<BR>[Address Reference Count : 1]<UL><LI> startup_stm32f091xc.o(RESET)
</UL>
<P><STRONG><a name="[e]"></a>TSC_IRQHandler</STRONG> (Thumb, 0 bytes, Stack size 0 bytes, startup_stm32f091xc.o(.text))
<BR>[Address Reference Count : 1]<UL><LI> startup_stm32f091xc.o(RESET)
</UL>
<P><STRONG><a name="[6]"></a>WWDG_IRQHandler</STRONG> (Thumb, 0 bytes, Stack size 0 bytes, startup_stm32f091xc.o(.text))
<BR>[Address Reference Count : 1]<UL><LI> startup_stm32f091xc.o(RESET)
</UL>
<P><STRONG><a name="[201]"></a>__aeabi_uidiv</STRONG> (Thumb, 0 bytes, Stack size 12 bytes, uidiv.o(.text), UNUSED)

<P><STRONG><a name="[63]"></a>__aeabi_uidivmod</STRONG> (Thumb, 44 bytes, Stack size 12 bytes, uidiv.o(.text))
<BR><BR>[Stack]<UL><LI>Max Depth = 12<LI>Call Chain = __aeabi_uidivmod
</UL>
<BR>[Called By]<UL><LI><a href="#[10d]">&gt;&gt;</a>&nbsp;&nbsp;&nbsp;HAL_InitTick
<LI><a href="#[17a]">&gt;&gt;</a>&nbsp;&nbsp;&nbsp;SystemClock_Config
<LI><a href="#[115]">&gt;&gt;</a>&nbsp;&nbsp;&nbsp;HAL_RCC_GetSysClockFreq
<LI><a href="#[12a]">&gt;&gt;</a>&nbsp;&nbsp;&nbsp;UART_SetConfig
<LI><a href="#[19f]">&gt;&gt;</a>&nbsp;&nbsp;&nbsp;prvSetupTimerInterrupt
<LI><a href="#[1ae]">&gt;&gt;</a>&nbsp;&nbsp;&nbsp;vMainConfigureTimerForRunTimeStats
<LI><a href="#[1a5]">&gt;&gt;</a>&nbsp;&nbsp;&nbsp;ulMainGetRunTimeCounterValue
<LI><a href="#[19e]">&gt;&gt;</a>&nbsp;&nbsp;&nbsp;vTaskGetRunTimeStats
<LI><a href="#[167]">&gt;&gt;</a>&nbsp;&nbsp;&nbsp;StartScastDMAStream
<LI><a href="#[a8]">&gt;&gt;</a>&nbsp;&nbsp;&nbsp;StartMilliDelay
<LI><a href="#[c6]">&gt;&gt;</a>&nbsp;&nbsp;&nbsp;StartMicroDelay
<LI><a href="#[143]">&gt;&gt;</a>&nbsp;&nbsp;&nbsp;SetupDMAStreamsFromMessage
<LI><a href="#[a3]">&gt;&gt;</a>&nbsp;&nbsp;&nbsp;MX_TIM_USEC_Init
<LI><a href="#[17f]">&gt;&gt;</a>&nbsp;&nbsp;&nbsp;_printf_core
<LI><a href="#[62]">&gt;&gt;</a>&nbsp;&nbsp;&nbsp;__aeabi_idivmod
</UL>

<P><STRONG><a name="[202]"></a>__aeabi_idiv</STRONG> (Thumb, 0 bytes, Stack size 16 bytes, idiv.o(.text), UNUSED)

<P><STRONG><a name="[62]"></a>__aeabi_idivmod</STRONG> (Thumb, 40 bytes, Stack size 16 bytes, idiv.o(.text))
<BR><BR>[Stack]<UL><LI>Max Depth = 28<LI>Call Chain = __aeabi_idivmod &rArr; __aeabi_uidivmod
</UL>
<BR>[Calls]<UL><LI><a href="#[63]">&gt;&gt;</a>&nbsp;&nbsp;&nbsp;__aeabi_uidivmod
</UL>
<BR>[Called By]<UL><LI><a href="#[b5]">&gt;&gt;</a>&nbsp;&nbsp;&nbsp;SendMessageFromPort
<LI><a href="#[30]">&gt;&gt;</a>&nbsp;&nbsp;&nbsp;PxMessagingTask
</UL>

<P><STRONG><a name="[6f]"></a>__aeabi_llsr</STRONG> (Thumb, 34 bytes, Stack size 8 bytes, llushr.o(.text))
<BR><BR>[Stack]<UL><LI>Max Depth = 8<LI>Call Chain = __aeabi_llsr
</UL>
<BR>[Called By]<UL><LI><a href="#[eb]">&gt;&gt;</a>&nbsp;&nbsp;&nbsp;HAL_FLASH_Program
<LI><a href="#[7d]">&gt;&gt;</a>&nbsp;&nbsp;&nbsp;__aeabi_d2ulz
<LI><a href="#[77]">&gt;&gt;</a>&nbsp;&nbsp;&nbsp;_double_epilogue
<LI><a href="#[6e]">&gt;&gt;</a>&nbsp;&nbsp;&nbsp;__aeabi_uldivmod
</UL>

<P><STRONG><a name="[203]"></a>_ll_ushift_r</STRONG> (Thumb, 0 bytes, Stack size 8 bytes, llushr.o(.text), UNUSED)

<P><STRONG><a name="[64]"></a>__rt_ctype_table</STRONG> (Thumb, 4 bytes, Stack size 0 bytes, ctype_o.o(.text))
<BR><BR>[Called By]<UL><LI><a href="#[b8]">&gt;&gt;</a>&nbsp;&nbsp;&nbsp;CLI_CommandParser
<LI><a href="#[2a]">&gt;&gt;</a>&nbsp;&nbsp;&nbsp;isspace
<LI><a href="#[6a]">&gt;&gt;</a>&nbsp;&nbsp;&nbsp;strtol
</UL>

<P><STRONG><a name="[2a]"></a>isspace</STRONG> (Thumb, 18 bytes, Stack size 8 bytes, isspace_o.o(.text))
<BR><BR>[Stack]<UL><LI>Max Depth = 8<LI>Call Chain = isspace
</UL>
<BR>[Calls]<UL><LI><a href="#[64]">&gt;&gt;</a>&nbsp;&nbsp;&nbsp;__rt_ctype_table
</UL>
<BR>[Address Reference Count : 1]<UL><LI> strtod.o(.text)
</UL>
<P><STRONG><a name="[177]"></a>tolower</STRONG> (Thumb, 12 bytes, Stack size 0 bytes, tolower.o(.text))
<BR><BR>[Called By]<UL><LI><a href="#[b9]">&gt;&gt;</a>&nbsp;&nbsp;&nbsp;StringToLowerCase
</UL>

<P><STRONG><a name="[b7]"></a>__aeabi_memcpy</STRONG> (Thumb, 36 bytes, Stack size 0 bytes, memcpya.o(.text))
<BR><BR>[Called By]<UL><LI><a href="#[1c8]">&gt;&gt;</a>&nbsp;&nbsp;&nbsp;prvCopyDataFromQueue
<LI><a href="#[1bf]">&gt;&gt;</a>&nbsp;&nbsp;&nbsp;prvCopyDataToQueue
<LI><a href="#[d8]">&gt;&gt;</a>&nbsp;&nbsp;&nbsp;copyDataToListBtcDevice
<LI><a href="#[d7]">&gt;&gt;</a>&nbsp;&nbsp;&nbsp;btSendMsgToTerminal
<LI><a href="#[da]">&gt;&gt;</a>&nbsp;&nbsp;&nbsp;btSendMsgToModule
<LI><a href="#[5a]">&gt;&gt;</a>&nbsp;&nbsp;&nbsp;btConnectCommand
<LI><a href="#[15a]">&gt;&gt;</a>&nbsp;&nbsp;&nbsp;Module_MessagingTask
<LI><a href="#[b5]">&gt;&gt;</a>&nbsp;&nbsp;&nbsp;SendMessageFromPort
<LI><a href="#[94]">&gt;&gt;</a>&nbsp;&nbsp;&nbsp;SaveToRO
<LI><a href="#[30]">&gt;&gt;</a>&nbsp;&nbsp;&nbsp;PxMessagingTask
<LI><a href="#[145]">&gt;&gt;</a>&nbsp;&nbsp;&nbsp;LoadROsnippets
<LI><a href="#[fc]">&gt;&gt;</a>&nbsp;&nbsp;&nbsp;ForwardReceivedMessage
<LI><a href="#[f2]">&gt;&gt;</a>&nbsp;&nbsp;&nbsp;Explore
<LI><a href="#[b6]">&gt;&gt;</a>&nbsp;&nbsp;&nbsp;BroadcastReceivedMessage
<LI><a href="#[180]">&gt;&gt;</a>&nbsp;&nbsp;&nbsp;internal_alloc
</UL>

<P><STRONG><a name="[18e]"></a>__aeabi_memcpy4</STRONG> (Thumb, 0 bytes, Stack size 0 bytes, memcpya.o(.text))
<BR><BR>[Called By]<UL><LI><a href="#[52]">&gt;&gt;</a>&nbsp;&nbsp;&nbsp;delSnipCommand
<LI><a href="#[48]">&gt;&gt;</a>&nbsp;&nbsp;&nbsp;defaultCommand
</UL>

<P><STRONG><a name="[204]"></a>__aeabi_memcpy8</STRONG> (Thumb, 0 bytes, Stack size 0 bytes, memcpya.o(.text), UNUSED)

<P><STRONG><a name="[66]"></a>__aeabi_memset</STRONG> (Thumb, 14 bytes, Stack size 0 bytes, memseta.o(.text))
<BR><BR>[Called By]<UL><LI><a href="#[1d8]">&gt;&gt;</a>&nbsp;&nbsp;&nbsp;prvAllocateTCBAndStack
<LI><a href="#[67]">&gt;&gt;</a>&nbsp;&nbsp;&nbsp;_memset$wrapper
<LI><a href="#[65]">&gt;&gt;</a>&nbsp;&nbsp;&nbsp;__aeabi_memclr
</UL>

<P><STRONG><a name="[205]"></a>__aeabi_memset4</STRONG> (Thumb, 0 bytes, Stack size 0 bytes, memseta.o(.text), UNUSED)

<P><STRONG><a name="[206]"></a>__aeabi_memset8</STRONG> (Thumb, 0 bytes, Stack size 0 bytes, memseta.o(.text), UNUSED)

<P><STRONG><a name="[65]"></a>__aeabi_memclr</STRONG> (Thumb, 4 bytes, Stack size 0 bytes, memseta.o(.text))
<BR><BR>[Calls]<UL><LI><a href="#[66]">&gt;&gt;</a>&nbsp;&nbsp;&nbsp;__aeabi_memset
</UL>
<BR>[Called By]<UL><LI><a href="#[4f]">&gt;&gt;</a>&nbsp;&nbsp;&nbsp;snipCommand
<LI><a href="#[131]">&gt;&gt;</a>&nbsp;&nbsp;&nbsp;HAL_UART_RxCpltCallback
<LI><a href="#[d7]">&gt;&gt;</a>&nbsp;&nbsp;&nbsp;btSendMsgToTerminal
<LI><a href="#[32]">&gt;&gt;</a>&nbsp;&nbsp;&nbsp;ControlBluetoothTask
<LI><a href="#[59]">&gt;&gt;</a>&nbsp;&nbsp;&nbsp;btScanCommand
<LI><a href="#[55]">&gt;&gt;</a>&nbsp;&nbsp;&nbsp;btDownloadScriptCommand
<LI><a href="#[5a]">&gt;&gt;</a>&nbsp;&nbsp;&nbsp;btConnectCommand
<LI><a href="#[f0]">&gt;&gt;</a>&nbsp;&nbsp;&nbsp;ExecuteSnippet
<LI><a href="#[b8]">&gt;&gt;</a>&nbsp;&nbsp;&nbsp;CLI_CommandParser
<LI><a href="#[a9]">&gt;&gt;</a>&nbsp;&nbsp;&nbsp;Module_Init
<LI><a href="#[30]">&gt;&gt;</a>&nbsp;&nbsp;&nbsp;PxMessagingTask
<LI><a href="#[145]">&gt;&gt;</a>&nbsp;&nbsp;&nbsp;LoadROsnippets
<LI><a href="#[102]">&gt;&gt;</a>&nbsp;&nbsp;&nbsp;GetDateString
<LI><a href="#[f5]">&gt;&gt;</a>&nbsp;&nbsp;&nbsp;FindRoute
<LI><a href="#[f2]">&gt;&gt;</a>&nbsp;&nbsp;&nbsp;Explore
<LI><a href="#[d6]">&gt;&gt;</a>&nbsp;&nbsp;&nbsp;ClearROtopology
<LI><a href="#[d5]">&gt;&gt;</a>&nbsp;&nbsp;&nbsp;ClearEEportsDir
</UL>

<P><STRONG><a name="[98]"></a>__aeabi_memclr4</STRONG> (Thumb, 0 bytes, Stack size 0 bytes, memseta.o(.text))
<BR><BR>[Called By]<UL><LI><a href="#[40]">&gt;&gt;</a>&nbsp;&nbsp;&nbsp;groupCommand
<LI><a href="#[52]">&gt;&gt;</a>&nbsp;&nbsp;&nbsp;delSnipCommand
<LI><a href="#[157]">&gt;&gt;</a>&nbsp;&nbsp;&nbsp;cleanListBtcDevices
<LI><a href="#[32]">&gt;&gt;</a>&nbsp;&nbsp;&nbsp;ControlBluetoothTask
<LI><a href="#[31]">&gt;&gt;</a>&nbsp;&nbsp;&nbsp;prvUARTCommandConsoleTask
<LI><a href="#[93]">&gt;&gt;</a>&nbsp;&nbsp;&nbsp;AddSnippet
<LI><a href="#[c0]">&gt;&gt;</a>&nbsp;&nbsp;&nbsp;SendMessageToModule
<LI><a href="#[b5]">&gt;&gt;</a>&nbsp;&nbsp;&nbsp;SendMessageFromPort
<LI><a href="#[94]">&gt;&gt;</a>&nbsp;&nbsp;&nbsp;SaveToRO
<LI><a href="#[30]">&gt;&gt;</a>&nbsp;&nbsp;&nbsp;PxMessagingTask
<LI><a href="#[145]">&gt;&gt;</a>&nbsp;&nbsp;&nbsp;LoadROsnippets
<LI><a href="#[f5]">&gt;&gt;</a>&nbsp;&nbsp;&nbsp;FindRoute
<LI><a href="#[b6]">&gt;&gt;</a>&nbsp;&nbsp;&nbsp;BroadcastReceivedMessage
<LI><a href="#[b3]">&gt;&gt;</a>&nbsp;&nbsp;&nbsp;BroadcastMessage
</UL>

<P><STRONG><a name="[207]"></a>__aeabi_memclr8</STRONG> (Thumb, 0 bytes, Stack size 0 bytes, memseta.o(.text), UNUSED)

<P><STRONG><a name="[67]"></a>_memset$wrapper</STRONG> (Thumb, 18 bytes, Stack size 8 bytes, memseta.o(.text), UNUSED)
<BR><BR>[Calls]<UL><LI><a href="#[66]">&gt;&gt;</a>&nbsp;&nbsp;&nbsp;__aeabi_memset
</UL>

<P><STRONG><a name="[bf]"></a>strcat</STRONG> (Thumb, 24 bytes, Stack size 0 bytes, strcat.o(.text))
<BR><BR>[Called By]<UL><LI><a href="#[4c]">&gt;&gt;</a>&nbsp;&nbsp;&nbsp;uuidCommand
<LI><a href="#[4f]">&gt;&gt;</a>&nbsp;&nbsp;&nbsp;snipCommand
<LI><a href="#[46]">&gt;&gt;</a>&nbsp;&nbsp;&nbsp;setCommand
<LI><a href="#[40]">&gt;&gt;</a>&nbsp;&nbsp;&nbsp;groupCommand
<LI><a href="#[3c]">&gt;&gt;</a>&nbsp;&nbsp;&nbsp;bootloaderUpdateCommand
<LI><a href="#[b8]">&gt;&gt;</a>&nbsp;&nbsp;&nbsp;CLI_CommandParser
<LI><a href="#[c2]">&gt;&gt;</a>&nbsp;&nbsp;&nbsp;remoteBootloaderUpdate
<LI><a href="#[e2]">&gt;&gt;</a>&nbsp;&nbsp;&nbsp;DisplayModuleStatus
</UL>

<P><STRONG><a name="[bc]"></a>strncpy</STRONG> (Thumb, 26 bytes, Stack size 8 bytes, strncpy.o(.text))
<BR><BR>[Stack]<UL><LI>Max Depth = 8<LI>Call Chain = strncpy
</UL>
<BR>[Called By]<UL><LI><a href="#[43]">&gt;&gt;</a>&nbsp;&nbsp;&nbsp;scastCommand
<LI><a href="#[40]">&gt;&gt;</a>&nbsp;&nbsp;&nbsp;groupCommand
<LI><a href="#[5b]">&gt;&gt;</a>&nbsp;&nbsp;&nbsp;prvHelpCommand
<LI><a href="#[b8]">&gt;&gt;</a>&nbsp;&nbsp;&nbsp;CLI_CommandParser
<LI><a href="#[f1]">&gt;&gt;</a>&nbsp;&nbsp;&nbsp;ParseSnippetCommand
<LI><a href="#[be]">&gt;&gt;</a>&nbsp;&nbsp;&nbsp;FreeRTOS_CLIProcessCommand
<LI><a href="#[e6]">&gt;&gt;</a>&nbsp;&nbsp;&nbsp;DisplayTopology
</UL>

<P><STRONG><a name="[bb]"></a>strchr</STRONG> (Thumb, 20 bytes, Stack size 0 bytes, strchr.o(.text))
<BR><BR>[Called By]<UL><LI><a href="#[b8]">&gt;&gt;</a>&nbsp;&nbsp;&nbsp;CLI_CommandParser
<LI><a href="#[f1]">&gt;&gt;</a>&nbsp;&nbsp;&nbsp;ParseSnippetCommand
</UL>

<P><STRONG><a name="[88]"></a>strlen</STRONG> (Thumb, 14 bytes, Stack size 0 bytes, strlen.o(.text))
<BR><BR>[Called By]<UL><LI><a href="#[4f]">&gt;&gt;</a>&nbsp;&nbsp;&nbsp;snipCommand
<LI><a href="#[3a]">&gt;&gt;</a>&nbsp;&nbsp;&nbsp;prvTaskStatsCommand
<LI><a href="#[39]">&gt;&gt;</a>&nbsp;&nbsp;&nbsp;prvRunTimeStatsCommand
<LI><a href="#[42]">&gt;&gt;</a>&nbsp;&nbsp;&nbsp;infoCommand
<LI><a href="#[3d]">&gt;&gt;</a>&nbsp;&nbsp;&nbsp;exploreCommand
<LI><a href="#[3c]">&gt;&gt;</a>&nbsp;&nbsp;&nbsp;bootloaderUpdateCommand
<LI><a href="#[1a3]">&gt;&gt;</a>&nbsp;&nbsp;&nbsp;prvWriteNameToBuffer
<LI><a href="#[db]">&gt;&gt;</a>&nbsp;&nbsp;&nbsp;sendListBtcDevices
<LI><a href="#[d7]">&gt;&gt;</a>&nbsp;&nbsp;&nbsp;btSendMsgToTerminal
<LI><a href="#[189]">&gt;&gt;</a>&nbsp;&nbsp;&nbsp;btSendCommandToBtc
<LI><a href="#[32]">&gt;&gt;</a>&nbsp;&nbsp;&nbsp;ControlBluetoothTask
<LI><a href="#[59]">&gt;&gt;</a>&nbsp;&nbsp;&nbsp;btScanCommand
<LI><a href="#[55]">&gt;&gt;</a>&nbsp;&nbsp;&nbsp;btDownloadScriptCommand
<LI><a href="#[5a]">&gt;&gt;</a>&nbsp;&nbsp;&nbsp;btConnectCommand
<LI><a href="#[31]">&gt;&gt;</a>&nbsp;&nbsp;&nbsp;prvUARTCommandConsoleTask
<LI><a href="#[f0]">&gt;&gt;</a>&nbsp;&nbsp;&nbsp;ExecuteSnippet
<LI><a href="#[b8]">&gt;&gt;</a>&nbsp;&nbsp;&nbsp;CLI_CommandParser
<LI><a href="#[93]">&gt;&gt;</a>&nbsp;&nbsp;&nbsp;AddSnippet
<LI><a href="#[1a0]">&gt;&gt;</a>&nbsp;&nbsp;&nbsp;vTaskList
<LI><a href="#[19e]">&gt;&gt;</a>&nbsp;&nbsp;&nbsp;vTaskGetRunTimeStats
<LI><a href="#[f1]">&gt;&gt;</a>&nbsp;&nbsp;&nbsp;ParseSnippetCommand
<LI><a href="#[15a]">&gt;&gt;</a>&nbsp;&nbsp;&nbsp;Module_MessagingTask
<LI><a href="#[be]">&gt;&gt;</a>&nbsp;&nbsp;&nbsp;FreeRTOS_CLIProcessCommand
<LI><a href="#[c2]">&gt;&gt;</a>&nbsp;&nbsp;&nbsp;remoteBootloaderUpdate
<LI><a href="#[94]">&gt;&gt;</a>&nbsp;&nbsp;&nbsp;SaveToRO
<LI><a href="#[30]">&gt;&gt;</a>&nbsp;&nbsp;&nbsp;PxMessagingTask
<LI><a href="#[15d]">&gt;&gt;</a>&nbsp;&nbsp;&nbsp;NameModule
<LI><a href="#[e6]">&gt;&gt;</a>&nbsp;&nbsp;&nbsp;DisplayTopology
<LI><a href="#[e5]">&gt;&gt;</a>&nbsp;&nbsp;&nbsp;DisplayPortsDir
<LI><a href="#[e2]">&gt;&gt;</a>&nbsp;&nbsp;&nbsp;DisplayModuleStatus
<LI><a href="#[86]">&gt;&gt;</a>&nbsp;&nbsp;&nbsp;AddModuleToGroup
</UL>

<P><STRONG><a name="[87]"></a>strcmp</STRONG> (Thumb, 28 bytes, Stack size 8 bytes, strcmp.o(.text))
<BR><BR>[Stack]<UL><LI>Max Depth = 8<LI>Call Chain = strcmp
</UL>
<BR>[Called By]<UL><LI><a href="#[40]">&gt;&gt;</a>&nbsp;&nbsp;&nbsp;groupCommand
<LI><a href="#[47]">&gt;&gt;</a>&nbsp;&nbsp;&nbsp;getCommand
<LI><a href="#[168]">&gt;&gt;</a>&nbsp;&nbsp;&nbsp;RTC_CalendarConfig
<LI><a href="#[15d]">&gt;&gt;</a>&nbsp;&nbsp;&nbsp;NameModule
<LI><a href="#[13b]">&gt;&gt;</a>&nbsp;&nbsp;&nbsp;IsModuleParameter
<LI><a href="#[13a]">&gt;&gt;</a>&nbsp;&nbsp;&nbsp;IsMathOperator
<LI><a href="#[bd]">&gt;&gt;</a>&nbsp;&nbsp;&nbsp;GetID
<LI><a href="#[86]">&gt;&gt;</a>&nbsp;&nbsp;&nbsp;AddModuleToGroup
</UL>

<P><STRONG><a name="[1e0]"></a>memcmp</STRONG> (Thumb, 26 bytes, Stack size 12 bytes, memcmp.o(.text))
<BR><BR>[Stack]<UL><LI>Max Depth = 12<LI>Call Chain = memcmp
</UL>
<BR>[Called By]<UL><LI><a href="#[60]">&gt;&gt;</a>&nbsp;&nbsp;&nbsp;vTaskSwitchContext
</UL>

<P><STRONG><a name="[8a]"></a>strcpy</STRONG> (Thumb, 18 bytes, Stack size 0 bytes, strcpy.o(.text))
<BR><BR>[Called By]<UL><LI><a href="#[4f]">&gt;&gt;</a>&nbsp;&nbsp;&nbsp;snipCommand
<LI><a href="#[46]">&gt;&gt;</a>&nbsp;&nbsp;&nbsp;setCommand
<LI><a href="#[4b]">&gt;&gt;</a>&nbsp;&nbsp;&nbsp;setBaudrateCommand
<LI><a href="#[3a]">&gt;&gt;</a>&nbsp;&nbsp;&nbsp;prvTaskStatsCommand
<LI><a href="#[39]">&gt;&gt;</a>&nbsp;&nbsp;&nbsp;prvRunTimeStatsCommand
<LI><a href="#[51]">&gt;&gt;</a>&nbsp;&nbsp;&nbsp;pauseSnipCommand
<LI><a href="#[40]">&gt;&gt;</a>&nbsp;&nbsp;&nbsp;groupCommand
<LI><a href="#[47]">&gt;&gt;</a>&nbsp;&nbsp;&nbsp;getCommand
<LI><a href="#[3d]">&gt;&gt;</a>&nbsp;&nbsp;&nbsp;exploreCommand
<LI><a href="#[52]">&gt;&gt;</a>&nbsp;&nbsp;&nbsp;delSnipCommand
<LI><a href="#[48]">&gt;&gt;</a>&nbsp;&nbsp;&nbsp;defaultCommand
<LI><a href="#[3c]">&gt;&gt;</a>&nbsp;&nbsp;&nbsp;bootloaderUpdateCommand
<LI><a href="#[50]">&gt;&gt;</a>&nbsp;&nbsp;&nbsp;actSnipCommand
<LI><a href="#[1a3]">&gt;&gt;</a>&nbsp;&nbsp;&nbsp;prvWriteNameToBuffer
<LI><a href="#[57]">&gt;&gt;</a>&nbsp;&nbsp;&nbsp;btVspModeCommand
<LI><a href="#[58]">&gt;&gt;</a>&nbsp;&nbsp;&nbsp;btDeleteScriptCommand
<LI><a href="#[31]">&gt;&gt;</a>&nbsp;&nbsp;&nbsp;prvUARTCommandConsoleTask
<LI><a href="#[95]">&gt;&gt;</a>&nbsp;&nbsp;&nbsp;ParseSnippetCondition
<LI><a href="#[93]">&gt;&gt;</a>&nbsp;&nbsp;&nbsp;AddSnippet
<LI><a href="#[f1]">&gt;&gt;</a>&nbsp;&nbsp;&nbsp;ParseSnippetCommand
<LI><a href="#[15d]">&gt;&gt;</a>&nbsp;&nbsp;&nbsp;NameModule
<LI><a href="#[86]">&gt;&gt;</a>&nbsp;&nbsp;&nbsp;AddModuleToGroup
</UL>

<P><STRONG><a name="[89]"></a>strncmp</STRONG> (Thumb, 30 bytes, Stack size 12 bytes, strncmp.o(.text))
<BR><BR>[Stack]<UL><LI>Max Depth = 12<LI>Call Chain = strncmp
</UL>
<BR>[Called By]<UL><LI><a href="#[46]">&gt;&gt;</a>&nbsp;&nbsp;&nbsp;setCommand
<LI><a href="#[43]">&gt;&gt;</a>&nbsp;&nbsp;&nbsp;scastCommand
<LI><a href="#[47]">&gt;&gt;</a>&nbsp;&nbsp;&nbsp;getCommand
<LI><a href="#[48]">&gt;&gt;</a>&nbsp;&nbsp;&nbsp;defaultCommand
<LI><a href="#[3c]">&gt;&gt;</a>&nbsp;&nbsp;&nbsp;bootloaderUpdateCommand
<LI><a href="#[44]">&gt;&gt;</a>&nbsp;&nbsp;&nbsp;addbuttonCommand
<LI><a href="#[5b]">&gt;&gt;</a>&nbsp;&nbsp;&nbsp;prvHelpCommand
<LI><a href="#[57]">&gt;&gt;</a>&nbsp;&nbsp;&nbsp;btVspModeCommand
<LI><a href="#[55]">&gt;&gt;</a>&nbsp;&nbsp;&nbsp;btDownloadScriptCommand
<LI><a href="#[95]">&gt;&gt;</a>&nbsp;&nbsp;&nbsp;ParseSnippetCondition
<LI><a href="#[b8]">&gt;&gt;</a>&nbsp;&nbsp;&nbsp;CLI_CommandParser
<LI><a href="#[be]">&gt;&gt;</a>&nbsp;&nbsp;&nbsp;FreeRTOS_CLIProcessCommand
<LI><a href="#[15d]">&gt;&gt;</a>&nbsp;&nbsp;&nbsp;NameModule
<LI><a href="#[86]">&gt;&gt;</a>&nbsp;&nbsp;&nbsp;AddModuleToGroup
</UL>

<P><STRONG><a name="[15f]"></a>strtok</STRONG> (Thumb, 68 bytes, Stack size 16 bytes, strtok.o(.text))
<BR><BR>[Stack]<UL><LI>Max Depth = 16<LI>Call Chain = strtok
</UL>
<BR>[Called By]<UL><LI><a href="#[95]">&gt;&gt;</a>&nbsp;&nbsp;&nbsp;ParseSnippetCondition
</UL>

<P><STRONG><a name="[68]"></a>atoi</STRONG> (Thumb, 26 bytes, Stack size 16 bytes, atoi.o(.text))
<BR><BR>[Stack]<UL><LI>Max Depth = 88<LI>Call Chain = atoi &rArr; strtol &rArr; _strtoul
</UL>
<BR>[Calls]<UL><LI><a href="#[6a]">&gt;&gt;</a>&nbsp;&nbsp;&nbsp;strtol
<LI><a href="#[69]">&gt;&gt;</a>&nbsp;&nbsp;&nbsp;__aeabi_errno_addr
</UL>
<BR>[Called By]<UL><LI><a href="#[46]">&gt;&gt;</a>&nbsp;&nbsp;&nbsp;setCommand
<LI><a href="#[51]">&gt;&gt;</a>&nbsp;&nbsp;&nbsp;pauseSnipCommand
<LI><a href="#[52]">&gt;&gt;</a>&nbsp;&nbsp;&nbsp;delSnipCommand
<LI><a href="#[50]">&gt;&gt;</a>&nbsp;&nbsp;&nbsp;actSnipCommand
<LI><a href="#[95]">&gt;&gt;</a>&nbsp;&nbsp;&nbsp;ParseSnippetCondition
<LI><a href="#[168]">&gt;&gt;</a>&nbsp;&nbsp;&nbsp;RTC_CalendarConfig
</UL>

<P><STRONG><a name="[6b]"></a>atol</STRONG> (Thumb, 26 bytes, Stack size 16 bytes, atol.o(.text))
<BR><BR>[Stack]<UL><LI>Max Depth = 88<LI>Call Chain = atol &rArr; strtol &rArr; _strtoul
</UL>
<BR>[Calls]<UL><LI><a href="#[6a]">&gt;&gt;</a>&nbsp;&nbsp;&nbsp;strtol
<LI><a href="#[69]">&gt;&gt;</a>&nbsp;&nbsp;&nbsp;__aeabi_errno_addr
</UL>
<BR>[Called By]<UL><LI><a href="#[4b]">&gt;&gt;</a>&nbsp;&nbsp;&nbsp;setBaudrateCommand
<LI><a href="#[43]">&gt;&gt;</a>&nbsp;&nbsp;&nbsp;scastCommand
<LI><a href="#[45]">&gt;&gt;</a>&nbsp;&nbsp;&nbsp;removebuttonCommand
<LI><a href="#[3c]">&gt;&gt;</a>&nbsp;&nbsp;&nbsp;bootloaderUpdateCommand
<LI><a href="#[44]">&gt;&gt;</a>&nbsp;&nbsp;&nbsp;addbuttonCommand
<LI><a href="#[bd]">&gt;&gt;</a>&nbsp;&nbsp;&nbsp;GetID
</UL>

<P><STRONG><a name="[1a4]"></a>__aeabi_f2d</STRONG> (Thumb, 40 bytes, Stack size 0 bytes, f2d.o(.text))
<BR><BR>[Called By]<UL><LI><a href="#[4f]">&gt;&gt;</a>&nbsp;&nbsp;&nbsp;snipCommand
</UL>

<P><STRONG><a name="[6c]"></a>__aeabi_d2f</STRONG> (Thumb, 56 bytes, Stack size 8 bytes, d2f.o(.text))
<BR><BR>[Stack]<UL><LI>Max Depth = 8<LI>Call Chain = __aeabi_d2f
</UL>
<BR>[Calls]<UL><LI><a href="#[6d]">&gt;&gt;</a>&nbsp;&nbsp;&nbsp;_float_round
</UL>
<BR>[Called By]<UL><LI><a href="#[95]">&gt;&gt;</a>&nbsp;&nbsp;&nbsp;ParseSnippetCondition
<LI><a href="#[82]">&gt;&gt;</a>&nbsp;&nbsp;&nbsp;_scanf_really_real
</UL>

<P><STRONG><a name="[d2]"></a>__aeabi_cfcmpeq</STRONG> (Thumb, 0 bytes, Stack size 0 bytes, cfcmple.o(.text))
<BR><BR>[Called By]<UL><LI><a href="#[d1]">&gt;&gt;</a>&nbsp;&nbsp;&nbsp;CheckSnippetCondition
</UL>

<P><STRONG><a name="[d4]"></a>__aeabi_cfcmple</STRONG> (Thumb, 20 bytes, Stack size 0 bytes, cfcmple.o(.text))
<BR><BR>[Called By]<UL><LI><a href="#[d1]">&gt;&gt;</a>&nbsp;&nbsp;&nbsp;CheckSnippetCondition
</UL>

<P><STRONG><a name="[d3]"></a>__aeabi_cfrcmple</STRONG> (Thumb, 20 bytes, Stack size 0 bytes, cfrcmple.o(.text))
<BR><BR>[Called By]<UL><LI><a href="#[d1]">&gt;&gt;</a>&nbsp;&nbsp;&nbsp;CheckSnippetCondition
</UL>

<P><STRONG><a name="[6e]"></a>__aeabi_uldivmod</STRONG> (Thumb, 96 bytes, Stack size 48 bytes, uldiv.o(.text), UNUSED)
<BR><BR>[Calls]<UL><LI><a href="#[6f]">&gt;&gt;</a>&nbsp;&nbsp;&nbsp;__aeabi_llsr
<LI><a href="#[70]">&gt;&gt;</a>&nbsp;&nbsp;&nbsp;__aeabi_llsl
</UL>
<BR>[Called By]<UL><LI><a href="#[17f]">&gt;&gt;</a>&nbsp;&nbsp;&nbsp;_printf_core
<LI><a href="#[181]">&gt;&gt;</a>&nbsp;&nbsp;&nbsp;_fp_digits
</UL>

<P><STRONG><a name="[73]"></a>__strtod_int</STRONG> (Thumb, 94 bytes, Stack size 40 bytes, strtod.o(.text))
<BR><BR>[Stack]<UL><LI>Max Depth = 200<LI>Call Chain = __strtod_int &rArr; _local_sscanf &rArr; _scanf_real
</UL>
<BR>[Calls]<UL><LI><a href="#[71]">&gt;&gt;</a>&nbsp;&nbsp;&nbsp;_local_sscanf
</UL>
<BR>[Called By]<UL><LI><a href="#[160]">&gt;&gt;</a>&nbsp;&nbsp;&nbsp;atof
</UL>

<P><STRONG><a name="[6a]"></a>strtol</STRONG> (Thumb, 108 bytes, Stack size 32 bytes, strtol.o(.text))
<BR><BR>[Stack]<UL><LI>Max Depth = 72<LI>Call Chain = strtol &rArr; _strtoul
</UL>
<BR>[Calls]<UL><LI><a href="#[64]">&gt;&gt;</a>&nbsp;&nbsp;&nbsp;__rt_ctype_table
<LI><a href="#[74]">&gt;&gt;</a>&nbsp;&nbsp;&nbsp;_strtoul
<LI><a href="#[69]">&gt;&gt;</a>&nbsp;&nbsp;&nbsp;__aeabi_errno_addr
</UL>
<BR>[Called By]<UL><LI><a href="#[6b]">&gt;&gt;</a>&nbsp;&nbsp;&nbsp;atol
<LI><a href="#[68]">&gt;&gt;</a>&nbsp;&nbsp;&nbsp;atoi
</UL>

<P><STRONG><a name="[208]"></a>__I$use$fp</STRONG> (Thumb, 0 bytes, Stack size 0 bytes, iusefp.o(.text), UNUSED)

<P><STRONG><a name="[6d]"></a>_float_round</STRONG> (Thumb, 16 bytes, Stack size 0 bytes, fepilogue.o(.text))
<BR><BR>[Called By]<UL><LI><a href="#[6c]">&gt;&gt;</a>&nbsp;&nbsp;&nbsp;__aeabi_d2f
</UL>

<P><STRONG><a name="[209]"></a>_float_epilogue</STRONG> (Thumb, 114 bytes, Stack size 12 bytes, fepilogue.o(.text), UNUSED)

<P><STRONG><a name="[75]"></a>__aeabi_dadd</STRONG> (Thumb, 330 bytes, Stack size 48 bytes, dadd.o(.text), UNUSED)
<BR><BR>[Calls]<UL><LI><a href="#[76]">&gt;&gt;</a>&nbsp;&nbsp;&nbsp;__aeabi_lasr
<LI><a href="#[70]">&gt;&gt;</a>&nbsp;&nbsp;&nbsp;__aeabi_llsl
<LI><a href="#[78]">&gt;&gt;</a>&nbsp;&nbsp;&nbsp;_double_round
<LI><a href="#[77]">&gt;&gt;</a>&nbsp;&nbsp;&nbsp;_double_epilogue
</UL>
<BR>[Called By]<UL><LI><a href="#[181]">&gt;&gt;</a>&nbsp;&nbsp;&nbsp;_fp_digits
<LI><a href="#[7a]">&gt;&gt;</a>&nbsp;&nbsp;&nbsp;__aeabi_drsub
<LI><a href="#[79]">&gt;&gt;</a>&nbsp;&nbsp;&nbsp;__aeabi_dsub
</UL>

<P><STRONG><a name="[79]"></a>__aeabi_dsub</STRONG> (Thumb, 12 bytes, Stack size 8 bytes, dadd.o(.text), UNUSED)
<BR><BR>[Calls]<UL><LI><a href="#[75]">&gt;&gt;</a>&nbsp;&nbsp;&nbsp;__aeabi_dadd
</UL>

<P><STRONG><a name="[7a]"></a>__aeabi_drsub</STRONG> (Thumb, 12 bytes, Stack size 8 bytes, dadd.o(.text), UNUSED)
<BR><BR>[Calls]<UL><LI><a href="#[75]">&gt;&gt;</a>&nbsp;&nbsp;&nbsp;__aeabi_dadd
</UL>

<P><STRONG><a name="[7b]"></a>__aeabi_dmul</STRONG> (Thumb, 202 bytes, Stack size 72 bytes, dmul.o(.text), UNUSED)
<BR><BR>[Calls]<UL><LI><a href="#[77]">&gt;&gt;</a>&nbsp;&nbsp;&nbsp;_double_epilogue
</UL>
<BR>[Called By]<UL><LI><a href="#[181]">&gt;&gt;</a>&nbsp;&nbsp;&nbsp;_fp_digits
<LI><a href="#[7f]">&gt;&gt;</a>&nbsp;&nbsp;&nbsp;_fp_value
</UL>

<P><STRONG><a name="[7c]"></a>__aeabi_ddiv</STRONG> (Thumb, 234 bytes, Stack size 40 bytes, ddiv.o(.text), UNUSED)
<BR><BR>[Calls]<UL><LI><a href="#[78]">&gt;&gt;</a>&nbsp;&nbsp;&nbsp;_double_round
</UL>
<BR>[Called By]<UL><LI><a href="#[181]">&gt;&gt;</a>&nbsp;&nbsp;&nbsp;_fp_digits
<LI><a href="#[7f]">&gt;&gt;</a>&nbsp;&nbsp;&nbsp;_fp_value
</UL>

<P><STRONG><a name="[7d]"></a>__aeabi_d2ulz</STRONG> (Thumb, 54 bytes, Stack size 8 bytes, dfixul.o(.text), UNUSED)
<BR><BR>[Calls]<UL><LI><a href="#[6f]">&gt;&gt;</a>&nbsp;&nbsp;&nbsp;__aeabi_llsr
<LI><a href="#[70]">&gt;&gt;</a>&nbsp;&nbsp;&nbsp;__aeabi_llsl
</UL>
<BR>[Called By]<UL><LI><a href="#[181]">&gt;&gt;</a>&nbsp;&nbsp;&nbsp;_fp_digits
</UL>

<P><STRONG><a name="[182]"></a>__aeabi_cdrcmple</STRONG> (Thumb, 38 bytes, Stack size 0 bytes, cdrcmple.o(.text), UNUSED)
<BR><BR>[Called By]<UL><LI><a href="#[181]">&gt;&gt;</a>&nbsp;&nbsp;&nbsp;_fp_digits
</UL>

<P><STRONG><a name="[5d]"></a>__scatterload</STRONG> (Thumb, 28 bytes, Stack size 0 bytes, init.o(.text))
<BR><BR>[Calls]<UL><LI><a href="#[7e]">&gt;&gt;</a>&nbsp;&nbsp;&nbsp;__main_after_scatterload
</UL>
<BR>[Called By]<UL><LI><a href="#[5c]">&gt;&gt;</a>&nbsp;&nbsp;&nbsp;_main_scatterload
</UL>

<P><STRONG><a name="[20a]"></a>__scatterload_rt2</STRONG> (Thumb, 0 bytes, Stack size 0 bytes, init.o(.text), UNUSED)

<P><STRONG><a name="[70]"></a>__aeabi_llsl</STRONG> (Thumb, 32 bytes, Stack size 8 bytes, llshl.o(.text), UNUSED)
<BR><BR>[Called By]<UL><LI><a href="#[75]">&gt;&gt;</a>&nbsp;&nbsp;&nbsp;__aeabi_dadd
<LI><a href="#[7d]">&gt;&gt;</a>&nbsp;&nbsp;&nbsp;__aeabi_d2ulz
<LI><a href="#[80]">&gt;&gt;</a>&nbsp;&nbsp;&nbsp;__aeabi_lmul
<LI><a href="#[77]">&gt;&gt;</a>&nbsp;&nbsp;&nbsp;_double_epilogue
<LI><a href="#[6e]">&gt;&gt;</a>&nbsp;&nbsp;&nbsp;__aeabi_uldivmod
</UL>

<P><STRONG><a name="[20b]"></a>_ll_shift_l</STRONG> (Thumb, 0 bytes, Stack size 8 bytes, llshl.o(.text), UNUSED)

<P><STRONG><a name="[76]"></a>__aeabi_lasr</STRONG> (Thumb, 38 bytes, Stack size 8 bytes, llsshr.o(.text), UNUSED)
<BR><BR>[Called By]<UL><LI><a href="#[75]">&gt;&gt;</a>&nbsp;&nbsp;&nbsp;__aeabi_dadd
</UL>

<P><STRONG><a name="[20c]"></a>_ll_sshift_r</STRONG> (Thumb, 0 bytes, Stack size 8 bytes, llsshr.o(.text), UNUSED)

<P><STRONG><a name="[72]"></a>_scanf_real</STRONG> (Thumb, 0 bytes, Stack size 104 bytes, scanf_fp.o(.text))
<BR><BR>[Stack]<UL><LI>Max Depth = 104<LI>Call Chain = _scanf_real
</UL>
<BR>[Called By]<UL><LI><a href="#[71]">&gt;&gt;</a>&nbsp;&nbsp;&nbsp;_local_sscanf
</UL>

<P><STRONG><a name="[82]"></a>_scanf_really_real</STRONG> (Thumb, 586 bytes, Stack size 104 bytes, scanf_fp.o(.text), UNUSED)
<BR><BR>[Calls]<UL><LI><a href="#[6c]">&gt;&gt;</a>&nbsp;&nbsp;&nbsp;__aeabi_d2f
<LI><a href="#[83]">&gt;&gt;</a>&nbsp;&nbsp;&nbsp;_is_digit
<LI><a href="#[7f]">&gt;&gt;</a>&nbsp;&nbsp;&nbsp;_fp_value
</UL>

<P><STRONG><a name="[28]"></a>_sgetc</STRONG> (Thumb, 32 bytes, Stack size 0 bytes, _sgetc.o(.text))
<BR>[Address Reference Count : 1]<UL><LI> strtod.o(.text)
</UL>
<P><STRONG><a name="[29]"></a>_sbackspace</STRONG> (Thumb, 36 bytes, Stack size 0 bytes, _sgetc.o(.text))
<BR>[Address Reference Count : 1]<UL><LI> strtod.o(.text)
</UL>
<P><STRONG><a name="[74]"></a>_strtoul</STRONG> (Thumb, 166 bytes, Stack size 40 bytes, _strtoul.o(.text))
<BR><BR>[Stack]<UL><LI>Max Depth = 40<LI>Call Chain = _strtoul
</UL>
<BR>[Calls]<UL><LI><a href="#[84]">&gt;&gt;</a>&nbsp;&nbsp;&nbsp;_chval
<LI><a href="#[69]">&gt;&gt;</a>&nbsp;&nbsp;&nbsp;__aeabi_errno_addr
</UL>
<BR>[Called By]<UL><LI><a href="#[6a]">&gt;&gt;</a>&nbsp;&nbsp;&nbsp;strtol
</UL>

<P><STRONG><a name="[78]"></a>_double_round</STRONG> (Thumb, 26 bytes, Stack size 8 bytes, depilogue.o(.text), UNUSED)
<BR><BR>[Called By]<UL><LI><a href="#[7c]">&gt;&gt;</a>&nbsp;&nbsp;&nbsp;__aeabi_ddiv
<LI><a href="#[75]">&gt;&gt;</a>&nbsp;&nbsp;&nbsp;__aeabi_dadd
<LI><a href="#[77]">&gt;&gt;</a>&nbsp;&nbsp;&nbsp;_double_epilogue
</UL>

<P><STRONG><a name="[77]"></a>_double_epilogue</STRONG> (Thumb, 164 bytes, Stack size 48 bytes, depilogue.o(.text), UNUSED)
<BR><BR>[Calls]<UL><LI><a href="#[6f]">&gt;&gt;</a>&nbsp;&nbsp;&nbsp;__aeabi_llsr
<LI><a href="#[85]">&gt;&gt;</a>&nbsp;&nbsp;&nbsp;__ARM_clz
<LI><a href="#[70]">&gt;&gt;</a>&nbsp;&nbsp;&nbsp;__aeabi_llsl
<LI><a href="#[78]">&gt;&gt;</a>&nbsp;&nbsp;&nbsp;_double_round
</UL>
<BR>[Called By]<UL><LI><a href="#[7b]">&gt;&gt;</a>&nbsp;&nbsp;&nbsp;__aeabi_dmul
<LI><a href="#[75]">&gt;&gt;</a>&nbsp;&nbsp;&nbsp;__aeabi_dadd
<LI><a href="#[81]">&gt;&gt;</a>&nbsp;&nbsp;&nbsp;__aeabi_ul2d
</UL>

<P><STRONG><a name="[80]"></a>__aeabi_lmul</STRONG> (Thumb, 122 bytes, Stack size 64 bytes, llmul.o(.text), UNUSED)
<BR><BR>[Calls]<UL><LI><a href="#[70]">&gt;&gt;</a>&nbsp;&nbsp;&nbsp;__aeabi_llsl
</UL>
<BR>[Called By]<UL><LI><a href="#[7f]">&gt;&gt;</a>&nbsp;&nbsp;&nbsp;_fp_value
</UL>

<P><STRONG><a name="[20d]"></a>_ll_mul</STRONG> (Thumb, 0 bytes, Stack size 64 bytes, llmul.o(.text), UNUSED)

<P><STRONG><a name="[84]"></a>_chval</STRONG> (Thumb, 30 bytes, Stack size 0 bytes, _chval.o(.text))
<BR><BR>[Called By]<UL><LI><a href="#[74]">&gt;&gt;</a>&nbsp;&nbsp;&nbsp;_strtoul
</UL>

<P><STRONG><a name="[81]"></a>__aeabi_ul2d</STRONG> (Thumb, 22 bytes, Stack size 16 bytes, dfltul.o(.text), UNUSED)
<BR><BR>[Calls]<UL><LI><a href="#[77]">&gt;&gt;</a>&nbsp;&nbsp;&nbsp;_double_epilogue
</UL>
<BR>[Called By]<UL><LI><a href="#[7f]">&gt;&gt;</a>&nbsp;&nbsp;&nbsp;_fp_value
</UL>

<P><STRONG><a name="[20e]"></a>__decompress</STRONG> (Thumb, 0 bytes, Stack size unknown bytes, __dczerorl2.o(.text), UNUSED)

<P><STRONG><a name="[20f]"></a>__decompress1</STRONG> (Thumb, 86 bytes, Stack size unknown bytes, __dczerorl2.o(.text), UNUSED)

<P><STRONG><a name="[86]"></a>AddModuleToGroup</STRONG> (Thumb, 266 bytes, Stack size 40 bytes, bos.o(i.AddModuleToGroup))
<BR><BR>[Stack]<UL><LI>Max Depth = 52<LI>Call Chain = AddModuleToGroup &rArr; strncmp
</UL>
<BR>[Calls]<UL><LI><a href="#[89]">&gt;&gt;</a>&nbsp;&nbsp;&nbsp;strncmp
<LI><a href="#[8a]">&gt;&gt;</a>&nbsp;&nbsp;&nbsp;strcpy
<LI><a href="#[87]">&gt;&gt;</a>&nbsp;&nbsp;&nbsp;strcmp
<LI><a href="#[88]">&gt;&gt;</a>&nbsp;&nbsp;&nbsp;strlen
</UL>
<BR>[Called By]<UL><LI><a href="#[40]">&gt;&gt;</a>&nbsp;&nbsp;&nbsp;groupCommand
</UL>

<P><STRONG><a name="[8b]"></a>AddPortButton</STRONG> (Thumb, 364 bytes, Stack size 72 bytes, bos.o(i.AddPortButton))
<BR><BR>[Stack]<UL><LI>Max Depth = 248<LI>Call Chain = AddPortButton &rArr; EE_WriteVariable &rArr; EE_PageTransfer &rArr; EE_VerifyPageFullWriteVariable &rArr; HAL_FLASH_Program &rArr; FLASH_WaitForLastOperation
</UL>
<BR>[Calls]<UL><LI><a href="#[90]">&gt;&gt;</a>&nbsp;&nbsp;&nbsp;HAL_GPIO_Init
<LI><a href="#[8e]">&gt;&gt;</a>&nbsp;&nbsp;&nbsp;HAL_UART_DeInit
<LI><a href="#[8c]">&gt;&gt;</a>&nbsp;&nbsp;&nbsp;osSemaphoreRelease
<LI><a href="#[92]">&gt;&gt;</a>&nbsp;&nbsp;&nbsp;EE_WriteVariable
<LI><a href="#[91]">&gt;&gt;</a>&nbsp;&nbsp;&nbsp;EE_ReadVariable
<LI><a href="#[8d]">&gt;&gt;</a>&nbsp;&nbsp;&nbsp;GetUart
<LI><a href="#[8f]">&gt;&gt;</a>&nbsp;&nbsp;&nbsp;GetPortGPIOs
</UL>
<BR>[Called By]<UL><LI><a href="#[44]">&gt;&gt;</a>&nbsp;&nbsp;&nbsp;addbuttonCommand
<LI><a href="#[13d]">&gt;&gt;</a>&nbsp;&nbsp;&nbsp;LoadEEbuttons
</UL>

<P><STRONG><a name="[93]"></a>AddSnippet</STRONG> (Thumb, 302 bytes, Stack size 24 bytes, bos_cli.o(i.AddSnippet))
<BR><BR>[Stack]<UL><LI>Max Depth = 304<LI>Call Chain = AddSnippet &rArr; ParseSnippetCondition &rArr; SetButtonEvents &rArr; EE_WriteVariable &rArr; EE_PageTransfer &rArr; EE_VerifyPageFullWriteVariable &rArr; HAL_FLASH_Program &rArr; FLASH_WaitForLastOperation
</UL>
<BR>[Calls]<UL><LI><a href="#[95]">&gt;&gt;</a>&nbsp;&nbsp;&nbsp;ParseSnippetCondition
<LI><a href="#[94]">&gt;&gt;</a>&nbsp;&nbsp;&nbsp;SaveToRO
<LI><a href="#[8a]">&gt;&gt;</a>&nbsp;&nbsp;&nbsp;strcpy
<LI><a href="#[88]">&gt;&gt;</a>&nbsp;&nbsp;&nbsp;strlen
<LI><a href="#[98]">&gt;&gt;</a>&nbsp;&nbsp;&nbsp;__aeabi_memclr4
<LI><a href="#[96]">&gt;&gt;</a>&nbsp;&nbsp;&nbsp;realloc
<LI><a href="#[97]">&gt;&gt;</a>&nbsp;&nbsp;&nbsp;malloc
</UL>
<BR>[Called By]<UL><LI><a href="#[b8]">&gt;&gt;</a>&nbsp;&nbsp;&nbsp;CLI_CommandParser
</UL>

<P><STRONG><a name="[99]"></a>BOS_CalendarConfig</STRONG> (Thumb, 184 bytes, Stack size 48 bytes, bos.o(i.BOS_CalendarConfig))
<BR><BR>[Stack]<UL><LI>Max Depth = 224<LI>Call Chain = BOS_CalendarConfig &rArr; EE_WriteVariable &rArr; EE_PageTransfer &rArr; EE_VerifyPageFullWriteVariable &rArr; HAL_FLASH_Program &rArr; FLASH_WaitForLastOperation
</UL>
<BR>[Calls]<UL><LI><a href="#[9c]">&gt;&gt;</a>&nbsp;&nbsp;&nbsp;HAL_RTCEx_BKUPWrite
<LI><a href="#[9b]">&gt;&gt;</a>&nbsp;&nbsp;&nbsp;HAL_RTC_SetTime
<LI><a href="#[9a]">&gt;&gt;</a>&nbsp;&nbsp;&nbsp;HAL_RTC_SetDate
<LI><a href="#[92]">&gt;&gt;</a>&nbsp;&nbsp;&nbsp;EE_WriteVariable
</UL>
<BR>[Called By]<UL><LI><a href="#[46]">&gt;&gt;</a>&nbsp;&nbsp;&nbsp;setCommand
</UL>

<P><STRONG><a name="[9d]"></a>BOS_Init</STRONG> (Thumb, 272 bytes, Stack size 8 bytes, bos.o(i.BOS_Init))
<BR><BR>[Stack]<UL><LI>Max Depth = 320<LI>Call Chain = BOS_Init &rArr; LoadEEvars &rArr; LoadEEbuttons &rArr; AddPortButton &rArr; EE_WriteVariable &rArr; EE_PageTransfer &rArr; EE_VerifyPageFullWriteVariable &rArr; HAL_FLASH_Program &rArr; FLASH_WaitForLastOperation
</UL>
<BR>[Calls]<UL><LI><a href="#[ad]">&gt;&gt;</a>&nbsp;&nbsp;&nbsp;HAL_GPIO_WritePin
<LI><a href="#[a6]">&gt;&gt;</a>&nbsp;&nbsp;&nbsp;NVIC_SystemReset
<LI><a href="#[aa]">&gt;&gt;</a>&nbsp;&nbsp;&nbsp;UpdateBaudrate
<LI><a href="#[a9]">&gt;&gt;</a>&nbsp;&nbsp;&nbsp;Module_Init
<LI><a href="#[a1]">&gt;&gt;</a>&nbsp;&nbsp;&nbsp;MX_GPIO_Init
<LI><a href="#[a2]">&gt;&gt;</a>&nbsp;&nbsp;&nbsp;MX_DMA_Init
<LI><a href="#[a0]">&gt;&gt;</a>&nbsp;&nbsp;&nbsp;EE_Init
<LI><a href="#[ac]">&gt;&gt;</a>&nbsp;&nbsp;&nbsp;UpdateMyPortsDir
<LI><a href="#[a8]">&gt;&gt;</a>&nbsp;&nbsp;&nbsp;StartMilliDelay
<LI><a href="#[9e]">&gt;&gt;</a>&nbsp;&nbsp;&nbsp;RTC_Init
<LI><a href="#[a3]">&gt;&gt;</a>&nbsp;&nbsp;&nbsp;MX_TIM_USEC_Init
<LI><a href="#[ab]">&gt;&gt;</a>&nbsp;&nbsp;&nbsp;LoadEEvars
<LI><a href="#[a7]">&gt;&gt;</a>&nbsp;&nbsp;&nbsp;IsLowerCLIbaud
<LI><a href="#[a4]">&gt;&gt;</a>&nbsp;&nbsp;&nbsp;IsFactoryReset
<LI><a href="#[9f]">&gt;&gt;</a>&nbsp;&nbsp;&nbsp;GetTimeDate
<LI><a href="#[a5]">&gt;&gt;</a>&nbsp;&nbsp;&nbsp;EE_FormatForFactoryReset
</UL>
<BR>[Called By]<UL><LI><a href="#[25]">&gt;&gt;</a>&nbsp;&nbsp;&nbsp;main
</UL>

<P><STRONG><a name="[ae]"></a>BT_CTS_RTS_GPIO_Init</STRONG> (Thumb, 64 bytes, Stack size 24 bytes, h23rx_gpio.o(i.BT_CTS_RTS_GPIO_Init))
<BR><BR>[Stack]<UL><LI>Max Depth = 44<LI>Call Chain = BT_CTS_RTS_GPIO_Init &rArr; HAL_GPIO_Init
</UL>
<BR>[Calls]<UL><LI><a href="#[90]">&gt;&gt;</a>&nbsp;&nbsp;&nbsp;HAL_GPIO_Init
</UL>
<BR>[Called By]<UL><LI><a href="#[a9]">&gt;&gt;</a>&nbsp;&nbsp;&nbsp;Module_Init
</UL>

<P><STRONG><a name="[af]"></a>BT_HOST_WKUP_GPIO_Init</STRONG> (Thumb, 28 bytes, Stack size 24 bytes, h23rx_gpio.o(i.BT_HOST_WKUP_GPIO_Init))
<BR><BR>[Stack]<UL><LI>Max Depth = 44<LI>Call Chain = BT_HOST_WKUP_GPIO_Init &rArr; HAL_GPIO_Init
</UL>
<BR>[Calls]<UL><LI><a href="#[90]">&gt;&gt;</a>&nbsp;&nbsp;&nbsp;HAL_GPIO_Init
</UL>
<BR>[Called By]<UL><LI><a href="#[a9]">&gt;&gt;</a>&nbsp;&nbsp;&nbsp;Module_Init
</UL>

<P><STRONG><a name="[b0]"></a>BT_MODE_GPIO_Init</STRONG> (Thumb, 34 bytes, Stack size 24 bytes, h23rx_gpio.o(i.BT_MODE_GPIO_Init))
<BR><BR>[Stack]<UL><LI>Max Depth = 44<LI>Call Chain = BT_MODE_GPIO_Init &rArr; HAL_GPIO_Init
</UL>
<BR>[Calls]<UL><LI><a href="#[90]">&gt;&gt;</a>&nbsp;&nbsp;&nbsp;HAL_GPIO_Init
</UL>
<BR>[Called By]<UL><LI><a href="#[a9]">&gt;&gt;</a>&nbsp;&nbsp;&nbsp;Module_Init
</UL>

<P><STRONG><a name="[b1]"></a>BT_RST_GPIO_Init</STRONG> (Thumb, 32 bytes, Stack size 24 bytes, h23rx_gpio.o(i.BT_RST_GPIO_Init))
<BR><BR>[Stack]<UL><LI>Max Depth = 44<LI>Call Chain = BT_RST_GPIO_Init &rArr; HAL_GPIO_Init
</UL>
<BR>[Calls]<UL><LI><a href="#[90]">&gt;&gt;</a>&nbsp;&nbsp;&nbsp;HAL_GPIO_Init
</UL>
<BR>[Called By]<UL><LI><a href="#[a9]">&gt;&gt;</a>&nbsp;&nbsp;&nbsp;Module_Init
</UL>

<P><STRONG><a name="[b2]"></a>BT_VSP_GPIO_Init</STRONG> (Thumb, 34 bytes, Stack size 24 bytes, h23rx_gpio.o(i.BT_VSP_GPIO_Init))
<BR><BR>[Stack]<UL><LI>Max Depth = 44<LI>Call Chain = BT_VSP_GPIO_Init &rArr; HAL_GPIO_Init
</UL>
<BR>[Calls]<UL><LI><a href="#[90]">&gt;&gt;</a>&nbsp;&nbsp;&nbsp;HAL_GPIO_Init
</UL>
<BR>[Called By]<UL><LI><a href="#[a9]">&gt;&gt;</a>&nbsp;&nbsp;&nbsp;Module_Init
</UL>

<P><STRONG><a name="[b3]"></a>BroadcastMessage</STRONG> (Thumb, 298 bytes, Stack size 48 bytes, bos.o(i.BroadcastMessage))
<BR><BR>[Stack]<UL><LI>Max Depth = 296<LI>Call Chain = BroadcastMessage &rArr; SendMessageFromPort &rArr;  SendMessageFromPort (Cycle)
</UL>
<BR>[Calls]<UL><LI><a href="#[b5]">&gt;&gt;</a>&nbsp;&nbsp;&nbsp;SendMessageFromPort
<LI><a href="#[b4]">&gt;&gt;</a>&nbsp;&nbsp;&nbsp;FindBroadcastRoutes
<LI><a href="#[98]">&gt;&gt;</a>&nbsp;&nbsp;&nbsp;__aeabi_memclr4
</UL>
<BR>[Called By]<UL><LI><a href="#[b8]">&gt;&gt;</a>&nbsp;&nbsp;&nbsp;CLI_CommandParser
<LI><a href="#[c0]">&gt;&gt;</a>&nbsp;&nbsp;&nbsp;SendMessageToModule
</UL>

<P><STRONG><a name="[b6]"></a>BroadcastReceivedMessage</STRONG> (Thumb, 192 bytes, Stack size 40 bytes, bos.o(i.BroadcastReceivedMessage))
<BR><BR>[Stack]<UL><LI>Max Depth = 288<LI>Call Chain = BroadcastReceivedMessage &rArr; SendMessageFromPort &rArr;  SendMessageFromPort (Cycle)
</UL>
<BR>[Calls]<UL><LI><a href="#[b5]">&gt;&gt;</a>&nbsp;&nbsp;&nbsp;SendMessageFromPort
<LI><a href="#[b4]">&gt;&gt;</a>&nbsp;&nbsp;&nbsp;FindBroadcastRoutes
<LI><a href="#[98]">&gt;&gt;</a>&nbsp;&nbsp;&nbsp;__aeabi_memclr4
<LI><a href="#[b7]">&gt;&gt;</a>&nbsp;&nbsp;&nbsp;__aeabi_memcpy
</UL>
<BR>[Called By]<UL><LI><a href="#[30]">&gt;&gt;</a>&nbsp;&nbsp;&nbsp;PxMessagingTask
</UL>

<P><STRONG><a name="[b8]"></a>CLI_CommandParser</STRONG> (Thumb, 908 bytes, Stack size 56 bytes, bos_cli.o(i.CLI_CommandParser))
<BR><BR>[Stack]<UL><LI>Max Depth = 512<LI>Call Chain = CLI_CommandParser &rArr; remoteBootloaderUpdate &rArr; StartScastDMAStream &rArr; SendMessageToModule &rArr; BroadcastMessage &rArr; SendMessageFromPort &rArr;  SendMessageFromPort (Cycle)
</UL>
<BR>[Calls]<UL><LI><a href="#[b9]">&gt;&gt;</a>&nbsp;&nbsp;&nbsp;StringToLowerCase
<LI><a href="#[93]">&gt;&gt;</a>&nbsp;&nbsp;&nbsp;AddSnippet
<LI><a href="#[c3]">&gt;&gt;</a>&nbsp;&nbsp;&nbsp;writePxMutex
<LI><a href="#[c4]">&gt;&gt;</a>&nbsp;&nbsp;&nbsp;ulTaskNotifyTake
<LI><a href="#[c1]">&gt;&gt;</a>&nbsp;&nbsp;&nbsp;osDelay
<LI><a href="#[be]">&gt;&gt;</a>&nbsp;&nbsp;&nbsp;FreeRTOS_CLIProcessCommand
<LI><a href="#[c2]">&gt;&gt;</a>&nbsp;&nbsp;&nbsp;remoteBootloaderUpdate
<LI><a href="#[c0]">&gt;&gt;</a>&nbsp;&nbsp;&nbsp;SendMessageToModule
<LI><a href="#[bd]">&gt;&gt;</a>&nbsp;&nbsp;&nbsp;GetID
<LI><a href="#[b3]">&gt;&gt;</a>&nbsp;&nbsp;&nbsp;BroadcastMessage
<LI><a href="#[ba]">&gt;&gt;</a>&nbsp;&nbsp;&nbsp;__2sprintf
<LI><a href="#[89]">&gt;&gt;</a>&nbsp;&nbsp;&nbsp;strncmp
<LI><a href="#[88]">&gt;&gt;</a>&nbsp;&nbsp;&nbsp;strlen
<LI><a href="#[bb]">&gt;&gt;</a>&nbsp;&nbsp;&nbsp;strchr
<LI><a href="#[bc]">&gt;&gt;</a>&nbsp;&nbsp;&nbsp;strncpy
<LI><a href="#[bf]">&gt;&gt;</a>&nbsp;&nbsp;&nbsp;strcat
<LI><a href="#[65]">&gt;&gt;</a>&nbsp;&nbsp;&nbsp;__aeabi_memclr
<LI><a href="#[64]">&gt;&gt;</a>&nbsp;&nbsp;&nbsp;__rt_ctype_table
</UL>
<BR>[Called By]<UL><LI><a href="#[31]">&gt;&gt;</a>&nbsp;&nbsp;&nbsp;prvUARTCommandConsoleTask
<LI><a href="#[f0]">&gt;&gt;</a>&nbsp;&nbsp;&nbsp;ExecuteSnippet
</UL>

<P><STRONG><a name="[c5]"></a>CheckAttachedButtons</STRONG> (Thumb, 1218 bytes, Stack size 40 bytes, bos.o(i.CheckAttachedButtons))
<BR><BR>[Stack]<UL><LI>Max Depth = 132<LI>Call Chain = CheckAttachedButtons &rArr; StartMicroDelay &rArr; HAL_RCC_GetHCLKFreq &rArr; HAL_RCC_GetSysClockFreq &rArr; __aeabi_uidivmod
</UL>
<BR>[Calls]<UL><LI><a href="#[c7]">&gt;&gt;</a>&nbsp;&nbsp;&nbsp;HAL_GPIO_ReadPin
<LI><a href="#[ad]">&gt;&gt;</a>&nbsp;&nbsp;&nbsp;HAL_GPIO_WritePin
<LI><a href="#[ca]">&gt;&gt;</a>&nbsp;&nbsp;&nbsp;__ARM_common_switch8
<LI><a href="#[d0]">&gt;&gt;</a>&nbsp;&nbsp;&nbsp;buttonReleasedForYCallback
<LI><a href="#[cc]">&gt;&gt;</a>&nbsp;&nbsp;&nbsp;buttonReleasedCallback
<LI><a href="#[cf]">&gt;&gt;</a>&nbsp;&nbsp;&nbsp;buttonPressedForXCallback
<LI><a href="#[cb]">&gt;&gt;</a>&nbsp;&nbsp;&nbsp;buttonPressedCallback
<LI><a href="#[ce]">&gt;&gt;</a>&nbsp;&nbsp;&nbsp;buttonDblClickedCallback
<LI><a href="#[cd]">&gt;&gt;</a>&nbsp;&nbsp;&nbsp;buttonClickedCallback
<LI><a href="#[c6]">&gt;&gt;</a>&nbsp;&nbsp;&nbsp;StartMicroDelay
<LI><a href="#[8f]">&gt;&gt;</a>&nbsp;&nbsp;&nbsp;GetPortGPIOs
<LI><a href="#[c9]">&gt;&gt;</a>&nbsp;&nbsp;&nbsp;CheckForTimedButtonRelease
<LI><a href="#[c8]">&gt;&gt;</a>&nbsp;&nbsp;&nbsp;CheckForTimedButtonPress
</UL>
<BR>[Called By]<UL><LI><a href="#[2e]">&gt;&gt;</a>&nbsp;&nbsp;&nbsp;StartDefaultTask
</UL>

<P><STRONG><a name="[c8]"></a>CheckForTimedButtonPress</STRONG> (Thumb, 108 bytes, Stack size 20 bytes, bos.o(i.CheckForTimedButtonPress))
<BR><BR>[Stack]<UL><LI>Max Depth = 20<LI>Call Chain = CheckForTimedButtonPress
</UL>
<BR>[Called By]<UL><LI><a href="#[c5]">&gt;&gt;</a>&nbsp;&nbsp;&nbsp;CheckAttachedButtons
</UL>

<P><STRONG><a name="[c9]"></a>CheckForTimedButtonRelease</STRONG> (Thumb, 108 bytes, Stack size 20 bytes, bos.o(i.CheckForTimedButtonRelease))
<BR><BR>[Stack]<UL><LI>Max Depth = 20<LI>Call Chain = CheckForTimedButtonRelease
</UL>
<BR>[Called By]<UL><LI><a href="#[c5]">&gt;&gt;</a>&nbsp;&nbsp;&nbsp;CheckAttachedButtons
</UL>

<P><STRONG><a name="[d1]"></a>CheckSnippetCondition</STRONG> (Thumb, 280 bytes, Stack size 24 bytes, bos_cli.o(i.CheckSnippetCondition))
<BR><BR>[Stack]<UL><LI>Max Depth = 32<LI>Call Chain = CheckSnippetCondition &rArr; __ARM_common_switch8
</UL>
<BR>[Calls]<UL><LI><a href="#[ca]">&gt;&gt;</a>&nbsp;&nbsp;&nbsp;__ARM_common_switch8
<LI><a href="#[d3]">&gt;&gt;</a>&nbsp;&nbsp;&nbsp;__aeabi_cfrcmple
<LI><a href="#[d4]">&gt;&gt;</a>&nbsp;&nbsp;&nbsp;__aeabi_cfcmple
<LI><a href="#[d2]">&gt;&gt;</a>&nbsp;&nbsp;&nbsp;__aeabi_cfcmpeq
</UL>
<BR>[Called By]<UL><LI><a href="#[f0]">&gt;&gt;</a>&nbsp;&nbsp;&nbsp;ExecuteSnippet
</UL>

<P><STRONG><a name="[d5]"></a>ClearEEportsDir</STRONG> (Thumb, 72 bytes, Stack size 16 bytes, bos.o(i.ClearEEportsDir))
<BR><BR>[Stack]<UL><LI>Max Depth = 192<LI>Call Chain = ClearEEportsDir &rArr; EE_WriteVariable &rArr; EE_PageTransfer &rArr; EE_VerifyPageFullWriteVariable &rArr; HAL_FLASH_Program &rArr; FLASH_WaitForLastOperation
</UL>
<BR>[Calls]<UL><LI><a href="#[92]">&gt;&gt;</a>&nbsp;&nbsp;&nbsp;EE_WriteVariable
<LI><a href="#[65]">&gt;&gt;</a>&nbsp;&nbsp;&nbsp;__aeabi_memclr
</UL>
<BR>[Called By]<UL><LI><a href="#[48]">&gt;&gt;</a>&nbsp;&nbsp;&nbsp;defaultCommand
<LI><a href="#[30]">&gt;&gt;</a>&nbsp;&nbsp;&nbsp;PxMessagingTask
</UL>

<P><STRONG><a name="[d6]"></a>ClearROtopology</STRONG> (Thumb, 28 bytes, Stack size 8 bytes, bos.o(i.ClearROtopology))
<BR><BR>[Stack]<UL><LI>Max Depth = 152<LI>Call Chain = ClearROtopology &rArr; SaveToRO &rArr; HAL_FLASH_Program &rArr; FLASH_WaitForLastOperation
</UL>
<BR>[Calls]<UL><LI><a href="#[94]">&gt;&gt;</a>&nbsp;&nbsp;&nbsp;SaveToRO
<LI><a href="#[65]">&gt;&gt;</a>&nbsp;&nbsp;&nbsp;__aeabi_memclr
</UL>
<BR>[Called By]<UL><LI><a href="#[48]">&gt;&gt;</a>&nbsp;&nbsp;&nbsp;defaultCommand
<LI><a href="#[30]">&gt;&gt;</a>&nbsp;&nbsp;&nbsp;PxMessagingTask
</UL>

<P><STRONG><a name="[32]"></a>ControlBluetoothTask</STRONG> (Thumb, 476 bytes, Stack size 56 bytes, h23rx.o(i.ControlBluetoothTask))
<BR><BR>[Stack]<UL><LI>Max Depth = 424<LI>Call Chain = ControlBluetoothTask &rArr; sendListBtcDevices &rArr; btSendMsgToModule &rArr; SendMessageToModule &rArr; BroadcastMessage &rArr; SendMessageFromPort &rArr;  SendMessageFromPort (Cycle)
</UL>
<BR>[Calls]<UL><LI><a href="#[ad]">&gt;&gt;</a>&nbsp;&nbsp;&nbsp;HAL_GPIO_WritePin
<LI><a href="#[dc]">&gt;&gt;</a>&nbsp;&nbsp;&nbsp;HAL_UART_Receive_IT
<LI><a href="#[ca]">&gt;&gt;</a>&nbsp;&nbsp;&nbsp;__ARM_common_switch8
<LI><a href="#[d9]">&gt;&gt;</a>&nbsp;&nbsp;&nbsp;xEventGroupSetBits
<LI><a href="#[db]">&gt;&gt;</a>&nbsp;&nbsp;&nbsp;sendListBtcDevices
<LI><a href="#[d8]">&gt;&gt;</a>&nbsp;&nbsp;&nbsp;copyDataToListBtcDevice
<LI><a href="#[d7]">&gt;&gt;</a>&nbsp;&nbsp;&nbsp;btSendMsgToTerminal
<LI><a href="#[da]">&gt;&gt;</a>&nbsp;&nbsp;&nbsp;btSendMsgToModule
<LI><a href="#[dd]">&gt;&gt;</a>&nbsp;&nbsp;&nbsp;vPortYield
<LI><a href="#[c4]">&gt;&gt;</a>&nbsp;&nbsp;&nbsp;ulTaskNotifyTake
<LI><a href="#[8d]">&gt;&gt;</a>&nbsp;&nbsp;&nbsp;GetUart
<LI><a href="#[ba]">&gt;&gt;</a>&nbsp;&nbsp;&nbsp;__2sprintf
<LI><a href="#[88]">&gt;&gt;</a>&nbsp;&nbsp;&nbsp;strlen
<LI><a href="#[98]">&gt;&gt;</a>&nbsp;&nbsp;&nbsp;__aeabi_memclr4
<LI><a href="#[65]">&gt;&gt;</a>&nbsp;&nbsp;&nbsp;__aeabi_memclr
</UL>
<BR>[Address Reference Count : 1]<UL><LI> h23rx.o(i.Module_Init)
</UL>
<P><STRONG><a name="[f]"></a>DMA1_Ch1_IRQHandler</STRONG> (Thumb, 44 bytes, Stack size 8 bytes, h23rx_it.o(i.DMA1_Ch1_IRQHandler))
<BR><BR>[Stack]<UL><LI>Max Depth = 32<LI>Call Chain = DMA1_Ch1_IRQHandler &rArr; StopPortPortDMA1 &rArr; HAL_DMA_Abort
</UL>
<BR>[Calls]<UL><LI><a href="#[de]">&gt;&gt;</a>&nbsp;&nbsp;&nbsp;HAL_DMA_IRQHandler
<LI><a href="#[df]">&gt;&gt;</a>&nbsp;&nbsp;&nbsp;StopPortPortDMA1
</UL>
<BR>[Address Reference Count : 1]<UL><LI> startup_stm32f091xc.o(RESET)
</UL>
<P><STRONG><a name="[10]"></a>DMA1_Ch2_3_DMA2_Ch1_2_IRQHandler</STRONG> (Thumb, 82 bytes, Stack size 8 bytes, h23rx_it.o(i.DMA1_Ch2_3_DMA2_Ch1_2_IRQHandler))
<BR><BR>[Stack]<UL><LI>Max Depth = 32<LI>Call Chain = DMA1_Ch2_3_DMA2_Ch1_2_IRQHandler &rArr; StopPortPortDMA2 &rArr; HAL_DMA_Abort
</UL>
<BR>[Calls]<UL><LI><a href="#[de]">&gt;&gt;</a>&nbsp;&nbsp;&nbsp;HAL_DMA_IRQHandler
<LI><a href="#[e0]">&gt;&gt;</a>&nbsp;&nbsp;&nbsp;StopPortPortDMA2
</UL>
<BR>[Address Reference Count : 1]<UL><LI> startup_stm32f091xc.o(RESET)
</UL>
<P><STRONG><a name="[11]"></a>DMA1_Ch4_7_DMA2_Ch3_5_IRQHandler</STRONG> (Thumb, 108 bytes, Stack size 8 bytes, h23rx_it.o(i.DMA1_Ch4_7_DMA2_Ch3_5_IRQHandler))
<BR><BR>[Stack]<UL><LI>Max Depth = 32<LI>Call Chain = DMA1_Ch4_7_DMA2_Ch3_5_IRQHandler &rArr; StopPortPortDMA3 &rArr; HAL_DMA_Abort
</UL>
<BR>[Calls]<UL><LI><a href="#[de]">&gt;&gt;</a>&nbsp;&nbsp;&nbsp;HAL_DMA_IRQHandler
<LI><a href="#[e1]">&gt;&gt;</a>&nbsp;&nbsp;&nbsp;StopPortPortDMA3
</UL>
<BR>[Address Reference Count : 1]<UL><LI> startup_stm32f091xc.o(RESET)
</UL>
<P><STRONG><a name="[e2]"></a>DisplayModuleStatus</STRONG> (Thumb, 578 bytes, Stack size 24 bytes, bos.o(i.DisplayModuleStatus))
<BR><BR>[Stack]<UL><LI>Max Depth = 176<LI>Call Chain = DisplayModuleStatus &rArr; writePxMutex &rArr; osSemaphoreWait &rArr; xQueueGenericReceive &rArr; xTaskResumeAll &rArr; xTaskIncrementTick
</UL>
<BR>[Calls]<UL><LI><a href="#[ca]">&gt;&gt;</a>&nbsp;&nbsp;&nbsp;__ARM_common_switch8
<LI><a href="#[c3]">&gt;&gt;</a>&nbsp;&nbsp;&nbsp;writePxMutex
<LI><a href="#[e4]">&gt;&gt;</a>&nbsp;&nbsp;&nbsp;GetPort
<LI><a href="#[e3]">&gt;&gt;</a>&nbsp;&nbsp;&nbsp;FreeRTOS_CLIGetOutputBuffer
<LI><a href="#[ba]">&gt;&gt;</a>&nbsp;&nbsp;&nbsp;__2sprintf
<LI><a href="#[88]">&gt;&gt;</a>&nbsp;&nbsp;&nbsp;strlen
<LI><a href="#[bf]">&gt;&gt;</a>&nbsp;&nbsp;&nbsp;strcat
</UL>
<BR>[Called By]<UL><LI><a href="#[41]">&gt;&gt;</a>&nbsp;&nbsp;&nbsp;statusCommand
</UL>

<P><STRONG><a name="[e5]"></a>DisplayPortsDir</STRONG> (Thumb, 162 bytes, Stack size 24 bytes, bos.o(i.DisplayPortsDir))
<BR><BR>[Stack]<UL><LI>Max Depth = 176<LI>Call Chain = DisplayPortsDir &rArr; writePxMutex &rArr; osSemaphoreWait &rArr; xQueueGenericReceive &rArr; xTaskResumeAll &rArr; xTaskIncrementTick
</UL>
<BR>[Calls]<UL><LI><a href="#[c3]">&gt;&gt;</a>&nbsp;&nbsp;&nbsp;writePxMutex
<LI><a href="#[ba]">&gt;&gt;</a>&nbsp;&nbsp;&nbsp;__2sprintf
<LI><a href="#[88]">&gt;&gt;</a>&nbsp;&nbsp;&nbsp;strlen
</UL>
<BR>[Called By]<UL><LI><a href="#[42]">&gt;&gt;</a>&nbsp;&nbsp;&nbsp;infoCommand
<LI><a href="#[3d]">&gt;&gt;</a>&nbsp;&nbsp;&nbsp;exploreCommand
</UL>

<P><STRONG><a name="[e6]"></a>DisplayTopology</STRONG> (Thumb, 358 bytes, Stack size 24 bytes, bos.o(i.DisplayTopology))
<BR><BR>[Stack]<UL><LI>Max Depth = 176<LI>Call Chain = DisplayTopology &rArr; writePxMutex &rArr; osSemaphoreWait &rArr; xQueueGenericReceive &rArr; xTaskResumeAll &rArr; xTaskIncrementTick
</UL>
<BR>[Calls]<UL><LI><a href="#[c3]">&gt;&gt;</a>&nbsp;&nbsp;&nbsp;writePxMutex
<LI><a href="#[ba]">&gt;&gt;</a>&nbsp;&nbsp;&nbsp;__2sprintf
<LI><a href="#[88]">&gt;&gt;</a>&nbsp;&nbsp;&nbsp;strlen
<LI><a href="#[bc]">&gt;&gt;</a>&nbsp;&nbsp;&nbsp;strncpy
</UL>
<BR>[Called By]<UL><LI><a href="#[42]">&gt;&gt;</a>&nbsp;&nbsp;&nbsp;infoCommand
<LI><a href="#[3d]">&gt;&gt;</a>&nbsp;&nbsp;&nbsp;exploreCommand
</UL>

<P><STRONG><a name="[e7]"></a>EE_Format</STRONG> (Thumb, 188 bytes, Stack size 8 bytes, bos_eeprom.o(i.EE_Format))
<BR><BR>[Stack]<UL><LI>Max Depth = 88<LI>Call Chain = EE_Format &rArr; HAL_FLASH_Program &rArr; FLASH_WaitForLastOperation
</UL>
<BR>[Calls]<UL><LI><a href="#[e9]">&gt;&gt;</a>&nbsp;&nbsp;&nbsp;FLASH_PageErase
<LI><a href="#[e8]">&gt;&gt;</a>&nbsp;&nbsp;&nbsp;HAL_FLASH_Unlock
<LI><a href="#[eb]">&gt;&gt;</a>&nbsp;&nbsp;&nbsp;HAL_FLASH_Program
<LI><a href="#[ec]">&gt;&gt;</a>&nbsp;&nbsp;&nbsp;HAL_FLASH_Lock
<LI><a href="#[ea]">&gt;&gt;</a>&nbsp;&nbsp;&nbsp;FLASH_WaitForLastOperation
</UL>
<BR>[Called By]<UL><LI><a href="#[a0]">&gt;&gt;</a>&nbsp;&nbsp;&nbsp;EE_Init
<LI><a href="#[a5]">&gt;&gt;</a>&nbsp;&nbsp;&nbsp;EE_FormatForFactoryReset
</UL>

<P><STRONG><a name="[a5]"></a>EE_FormatForFactoryReset</STRONG> (Thumb, 28 bytes, Stack size 8 bytes, bos.o(i.EE_FormatForFactoryReset))
<BR><BR>[Stack]<UL><LI>Max Depth = 96<LI>Call Chain = EE_FormatForFactoryReset &rArr; EE_Format &rArr; HAL_FLASH_Program &rArr; FLASH_WaitForLastOperation
</UL>
<BR>[Calls]<UL><LI><a href="#[e7]">&gt;&gt;</a>&nbsp;&nbsp;&nbsp;EE_Format
</UL>
<BR>[Called By]<UL><LI><a href="#[9d]">&gt;&gt;</a>&nbsp;&nbsp;&nbsp;BOS_Init
</UL>

<P><STRONG><a name="[a0]"></a>EE_Init</STRONG> (Thumb, 980 bytes, Stack size 32 bytes, bos_eeprom.o(i.EE_Init))
<BR><BR>[Stack]<UL><LI>Max Depth = 144<LI>Call Chain = EE_Init &rArr; EE_VerifyPageFullWriteVariable &rArr; HAL_FLASH_Program &rArr; FLASH_WaitForLastOperation
</UL>
<BR>[Calls]<UL><LI><a href="#[e9]">&gt;&gt;</a>&nbsp;&nbsp;&nbsp;FLASH_PageErase
<LI><a href="#[e8]">&gt;&gt;</a>&nbsp;&nbsp;&nbsp;HAL_FLASH_Unlock
<LI><a href="#[eb]">&gt;&gt;</a>&nbsp;&nbsp;&nbsp;HAL_FLASH_Program
<LI><a href="#[ec]">&gt;&gt;</a>&nbsp;&nbsp;&nbsp;HAL_FLASH_Lock
<LI><a href="#[ea]">&gt;&gt;</a>&nbsp;&nbsp;&nbsp;FLASH_WaitForLastOperation
<LI><a href="#[ed]">&gt;&gt;</a>&nbsp;&nbsp;&nbsp;EE_VerifyPageFullWriteVariable
<LI><a href="#[91]">&gt;&gt;</a>&nbsp;&nbsp;&nbsp;EE_ReadVariable
<LI><a href="#[e7]">&gt;&gt;</a>&nbsp;&nbsp;&nbsp;EE_Format
</UL>
<BR>[Called By]<UL><LI><a href="#[9d]">&gt;&gt;</a>&nbsp;&nbsp;&nbsp;BOS_Init
</UL>

<P><STRONG><a name="[91]"></a>EE_ReadVariable</STRONG> (Thumb, 92 bytes, Stack size 32 bytes, bos_eeprom.o(i.EE_ReadVariable))
<BR><BR>[Stack]<UL><LI>Max Depth = 32<LI>Call Chain = EE_ReadVariable
</UL>
<BR>[Calls]<UL><LI><a href="#[ef]">&gt;&gt;</a>&nbsp;&nbsp;&nbsp;EE_FindValidPage
</UL>
<BR>[Called By]<UL><LI><a href="#[ee]">&gt;&gt;</a>&nbsp;&nbsp;&nbsp;EE_PageTransfer
<LI><a href="#[a9]">&gt;&gt;</a>&nbsp;&nbsp;&nbsp;Module_Init
<LI><a href="#[a0]">&gt;&gt;</a>&nbsp;&nbsp;&nbsp;EE_Init
<LI><a href="#[13e]">&gt;&gt;</a>&nbsp;&nbsp;&nbsp;SetButtonEvents
<LI><a href="#[16c]">&gt;&gt;</a>&nbsp;&nbsp;&nbsp;RemovePortButton
<LI><a href="#[142]">&gt;&gt;</a>&nbsp;&nbsp;&nbsp;LoadEEstreams
<LI><a href="#[141]">&gt;&gt;</a>&nbsp;&nbsp;&nbsp;LoadEEportsDir
<LI><a href="#[140]">&gt;&gt;</a>&nbsp;&nbsp;&nbsp;LoadEEparams
<LI><a href="#[13f]">&gt;&gt;</a>&nbsp;&nbsp;&nbsp;LoadEEgroup
<LI><a href="#[13d]">&gt;&gt;</a>&nbsp;&nbsp;&nbsp;LoadEEbuttons
<LI><a href="#[13c]">&gt;&gt;</a>&nbsp;&nbsp;&nbsp;LoadEEalias
<LI><a href="#[8b]">&gt;&gt;</a>&nbsp;&nbsp;&nbsp;AddPortButton
</UL>

<P><STRONG><a name="[92]"></a>EE_WriteVariable</STRONG> (Thumb, 44 bytes, Stack size 16 bytes, bos_eeprom.o(i.EE_WriteVariable))
<BR><BR>[Stack]<UL><LI>Max Depth = 176<LI>Call Chain = EE_WriteVariable &rArr; EE_PageTransfer &rArr; EE_VerifyPageFullWriteVariable &rArr; HAL_FLASH_Program &rArr; FLASH_WaitForLastOperation
</UL>
<BR>[Calls]<UL><LI><a href="#[e8]">&gt;&gt;</a>&nbsp;&nbsp;&nbsp;HAL_FLASH_Unlock
<LI><a href="#[ec]">&gt;&gt;</a>&nbsp;&nbsp;&nbsp;HAL_FLASH_Lock
<LI><a href="#[ed]">&gt;&gt;</a>&nbsp;&nbsp;&nbsp;EE_VerifyPageFullWriteVariable
<LI><a href="#[ee]">&gt;&gt;</a>&nbsp;&nbsp;&nbsp;EE_PageTransfer
</UL>
<BR>[Called By]<UL><LI><a href="#[46]">&gt;&gt;</a>&nbsp;&nbsp;&nbsp;setCommand
<LI><a href="#[15b]">&gt;&gt;</a>&nbsp;&nbsp;&nbsp;btDownloadScript
<LI><a href="#[57]">&gt;&gt;</a>&nbsp;&nbsp;&nbsp;btVspModeCommand
<LI><a href="#[58]">&gt;&gt;</a>&nbsp;&nbsp;&nbsp;btDeleteScriptCommand
<LI><a href="#[13e]">&gt;&gt;</a>&nbsp;&nbsp;&nbsp;SetButtonEvents
<LI><a href="#[166]">&gt;&gt;</a>&nbsp;&nbsp;&nbsp;SaveEEstreams
<LI><a href="#[f6]">&gt;&gt;</a>&nbsp;&nbsp;&nbsp;SaveEEportsDir
<LI><a href="#[16d]">&gt;&gt;</a>&nbsp;&nbsp;&nbsp;SaveEEparams
<LI><a href="#[15e]">&gt;&gt;</a>&nbsp;&nbsp;&nbsp;SaveEEalias
<LI><a href="#[16c]">&gt;&gt;</a>&nbsp;&nbsp;&nbsp;RemovePortButton
<LI><a href="#[d5]">&gt;&gt;</a>&nbsp;&nbsp;&nbsp;ClearEEportsDir
<LI><a href="#[99]">&gt;&gt;</a>&nbsp;&nbsp;&nbsp;BOS_CalendarConfig
<LI><a href="#[8b]">&gt;&gt;</a>&nbsp;&nbsp;&nbsp;AddPortButton
</UL>

<P><STRONG><a name="[f0]"></a>ExecuteSnippet</STRONG> (Thumb, 114 bytes, Stack size 24 bytes, bos_cli.o(i.ExecuteSnippet))
<BR><BR>[Stack]<UL><LI>Max Depth = 536<LI>Call Chain = ExecuteSnippet &rArr; CLI_CommandParser &rArr; remoteBootloaderUpdate &rArr; StartScastDMAStream &rArr; SendMessageToModule &rArr; BroadcastMessage &rArr; SendMessageFromPort &rArr;  SendMessageFromPort (Cycle)
</UL>
<BR>[Calls]<UL><LI><a href="#[d1]">&gt;&gt;</a>&nbsp;&nbsp;&nbsp;CheckSnippetCondition
<LI><a href="#[b8]">&gt;&gt;</a>&nbsp;&nbsp;&nbsp;CLI_CommandParser
<LI><a href="#[f1]">&gt;&gt;</a>&nbsp;&nbsp;&nbsp;ParseSnippetCommand
<LI><a href="#[e3]">&gt;&gt;</a>&nbsp;&nbsp;&nbsp;FreeRTOS_CLIGetOutputBuffer
<LI><a href="#[88]">&gt;&gt;</a>&nbsp;&nbsp;&nbsp;strlen
<LI><a href="#[65]">&gt;&gt;</a>&nbsp;&nbsp;&nbsp;__aeabi_memclr
</UL>
<BR>[Called By]<UL><LI><a href="#[2e]">&gt;&gt;</a>&nbsp;&nbsp;&nbsp;StartDefaultTask
</UL>

<P><STRONG><a name="[f2]"></a>Explore</STRONG> (Thumb, 1396 bytes, Stack size 56 bytes, bos.o(i.Explore))
<BR><BR>[Stack]<UL><LI>Max Depth = 384<LI>Call Chain = Explore &rArr; SendMessageToModule &rArr; BroadcastMessage &rArr; SendMessageFromPort &rArr;  SendMessageFromPort (Cycle)
</UL>
<BR>[Calls]<UL><LI><a href="#[c1]">&gt;&gt;</a>&nbsp;&nbsp;&nbsp;osDelay
<LI><a href="#[f3]">&gt;&gt;</a>&nbsp;&nbsp;&nbsp;SwapUartPins
<LI><a href="#[c0]">&gt;&gt;</a>&nbsp;&nbsp;&nbsp;SendMessageToModule
<LI><a href="#[b5]">&gt;&gt;</a>&nbsp;&nbsp;&nbsp;SendMessageFromPort
<LI><a href="#[94]">&gt;&gt;</a>&nbsp;&nbsp;&nbsp;SaveToRO
<LI><a href="#[f6]">&gt;&gt;</a>&nbsp;&nbsp;&nbsp;SaveEEportsDir
<LI><a href="#[8d]">&gt;&gt;</a>&nbsp;&nbsp;&nbsp;GetUart
<LI><a href="#[f5]">&gt;&gt;</a>&nbsp;&nbsp;&nbsp;FindRoute
<LI><a href="#[f4]">&gt;&gt;</a>&nbsp;&nbsp;&nbsp;ExploreNeighbors
<LI><a href="#[65]">&gt;&gt;</a>&nbsp;&nbsp;&nbsp;__aeabi_memclr
<LI><a href="#[b7]">&gt;&gt;</a>&nbsp;&nbsp;&nbsp;__aeabi_memcpy
</UL>
<BR>[Called By]<UL><LI><a href="#[3d]">&gt;&gt;</a>&nbsp;&nbsp;&nbsp;exploreCommand
</UL>

<P><STRONG><a name="[f4]"></a>ExploreNeighbors</STRONG> (Thumb, 68 bytes, Stack size 24 bytes, bos.o(i.ExploreNeighbors))
<BR><BR>[Stack]<UL><LI>Max Depth = 272<LI>Call Chain = ExploreNeighbors &rArr; SendMessageFromPort &rArr;  SendMessageFromPort (Cycle)
</UL>
<BR>[Calls]<UL><LI><a href="#[c1]">&gt;&gt;</a>&nbsp;&nbsp;&nbsp;osDelay
<LI><a href="#[b5]">&gt;&gt;</a>&nbsp;&nbsp;&nbsp;SendMessageFromPort
</UL>
<BR>[Called By]<UL><LI><a href="#[30]">&gt;&gt;</a>&nbsp;&nbsp;&nbsp;PxMessagingTask
<LI><a href="#[f2]">&gt;&gt;</a>&nbsp;&nbsp;&nbsp;Explore
</UL>

<P><STRONG><a name="[e9]"></a>FLASH_PageErase</STRONG> (Thumb, 34 bytes, Stack size 0 bytes, stm32f0xx_hal_flash_ex.o(i.FLASH_PageErase))
<BR><BR>[Called By]<UL><LI><a href="#[109]">&gt;&gt;</a>&nbsp;&nbsp;&nbsp;HAL_FLASHEx_Erase
<LI><a href="#[ee]">&gt;&gt;</a>&nbsp;&nbsp;&nbsp;EE_PageTransfer
<LI><a href="#[a0]">&gt;&gt;</a>&nbsp;&nbsp;&nbsp;EE_Init
<LI><a href="#[e7]">&gt;&gt;</a>&nbsp;&nbsp;&nbsp;EE_Format
<LI><a href="#[94]">&gt;&gt;</a>&nbsp;&nbsp;&nbsp;SaveToRO
</UL>

<P><STRONG><a name="[ea]"></a>FLASH_WaitForLastOperation</STRONG> (Thumb, 100 bytes, Stack size 16 bytes, stm32f0xx_hal_flash.o(i.FLASH_WaitForLastOperation))
<BR><BR>[Stack]<UL><LI>Max Depth = 16<LI>Call Chain = FLASH_WaitForLastOperation
</UL>
<BR>[Calls]<UL><LI><a href="#[f8]">&gt;&gt;</a>&nbsp;&nbsp;&nbsp;FLASH_SetErrorCode
<LI><a href="#[f7]">&gt;&gt;</a>&nbsp;&nbsp;&nbsp;HAL_GetTick
</UL>
<BR>[Called By]<UL><LI><a href="#[109]">&gt;&gt;</a>&nbsp;&nbsp;&nbsp;HAL_FLASHEx_Erase
<LI><a href="#[eb]">&gt;&gt;</a>&nbsp;&nbsp;&nbsp;HAL_FLASH_Program
<LI><a href="#[ed]">&gt;&gt;</a>&nbsp;&nbsp;&nbsp;EE_VerifyPageFullWriteVariable
<LI><a href="#[ee]">&gt;&gt;</a>&nbsp;&nbsp;&nbsp;EE_PageTransfer
<LI><a href="#[a0]">&gt;&gt;</a>&nbsp;&nbsp;&nbsp;EE_Init
<LI><a href="#[e7]">&gt;&gt;</a>&nbsp;&nbsp;&nbsp;EE_Format
<LI><a href="#[94]">&gt;&gt;</a>&nbsp;&nbsp;&nbsp;SaveToRO
</UL>

<P><STRONG><a name="[b4]"></a>FindBroadcastRoutes</STRONG> (Thumb, 308 bytes, Stack size 40 bytes, bos.o(i.FindBroadcastRoutes))
<BR><BR>[Stack]<UL><LI>Max Depth = 88<LI>Call Chain = FindBroadcastRoutes &rArr; malloc &rArr; internal_alloc
</UL>
<BR>[Calls]<UL><LI><a href="#[97]">&gt;&gt;</a>&nbsp;&nbsp;&nbsp;malloc
<LI><a href="#[f9]">&gt;&gt;</a>&nbsp;&nbsp;&nbsp;free
</UL>
<BR>[Called By]<UL><LI><a href="#[b6]">&gt;&gt;</a>&nbsp;&nbsp;&nbsp;BroadcastReceivedMessage
<LI><a href="#[b3]">&gt;&gt;</a>&nbsp;&nbsp;&nbsp;BroadcastMessage
</UL>

<P><STRONG><a name="[f5]"></a>FindRoute</STRONG> (Thumb, 376 bytes, Stack size 80 bytes, bos.o(i.FindRoute))
<BR><BR>[Stack]<UL><LI>Max Depth = 92<LI>Call Chain = FindRoute &rArr; minArr
</UL>
<BR>[Calls]<UL><LI><a href="#[fa]">&gt;&gt;</a>&nbsp;&nbsp;&nbsp;minArr
<LI><a href="#[fb]">&gt;&gt;</a>&nbsp;&nbsp;&nbsp;QnotEmpty
<LI><a href="#[98]">&gt;&gt;</a>&nbsp;&nbsp;&nbsp;__aeabi_memclr4
<LI><a href="#[65]">&gt;&gt;</a>&nbsp;&nbsp;&nbsp;__aeabi_memclr
</UL>
<BR>[Called By]<UL><LI><a href="#[c2]">&gt;&gt;</a>&nbsp;&nbsp;&nbsp;remoteBootloaderUpdate
<LI><a href="#[167]">&gt;&gt;</a>&nbsp;&nbsp;&nbsp;StartScastDMAStream
<LI><a href="#[c0]">&gt;&gt;</a>&nbsp;&nbsp;&nbsp;SendMessageToModule
<LI><a href="#[fc]">&gt;&gt;</a>&nbsp;&nbsp;&nbsp;ForwardReceivedMessage
<LI><a href="#[f2]">&gt;&gt;</a>&nbsp;&nbsp;&nbsp;Explore
</UL>

<P><STRONG><a name="[fc]"></a>ForwardReceivedMessage</STRONG> (Thumb, 132 bytes, Stack size 32 bytes, bos.o(i.ForwardReceivedMessage))
<BR><BR>[Stack]<UL><LI>Max Depth = 280<LI>Call Chain = ForwardReceivedMessage &rArr; SendMessageFromPort &rArr;  SendMessageFromPort (Cycle)
</UL>
<BR>[Calls]<UL><LI><a href="#[b5]">&gt;&gt;</a>&nbsp;&nbsp;&nbsp;SendMessageFromPort
<LI><a href="#[f5]">&gt;&gt;</a>&nbsp;&nbsp;&nbsp;FindRoute
<LI><a href="#[b7]">&gt;&gt;</a>&nbsp;&nbsp;&nbsp;__aeabi_memcpy
</UL>
<BR>[Called By]<UL><LI><a href="#[30]">&gt;&gt;</a>&nbsp;&nbsp;&nbsp;PxMessagingTask
</UL>

<P><STRONG><a name="[e3]"></a>FreeRTOS_CLIGetOutputBuffer</STRONG> (Thumb, 4 bytes, Stack size 0 bytes, freertos_cli.o(i.FreeRTOS_CLIGetOutputBuffer))
<BR><BR>[Called By]<UL><LI><a href="#[d7]">&gt;&gt;</a>&nbsp;&nbsp;&nbsp;btSendMsgToTerminal
<LI><a href="#[31]">&gt;&gt;</a>&nbsp;&nbsp;&nbsp;prvUARTCommandConsoleTask
<LI><a href="#[f0]">&gt;&gt;</a>&nbsp;&nbsp;&nbsp;ExecuteSnippet
<LI><a href="#[c2]">&gt;&gt;</a>&nbsp;&nbsp;&nbsp;remoteBootloaderUpdate
<LI><a href="#[30]">&gt;&gt;</a>&nbsp;&nbsp;&nbsp;PxMessagingTask
<LI><a href="#[e2]">&gt;&gt;</a>&nbsp;&nbsp;&nbsp;DisplayModuleStatus
</UL>

[...]
<BR><BR>[Stack]<UL><LI>Max Depth = 24<LI>Call Chain = prvUnlockQueue &rArr; xTaskRemoveFromEventList
</UL>
<BR>[Calls]<UL><LI><a href="#[1bb]">&gt;&gt;</a>&nbsp;&nbsp;&nbsp;xTaskRemoveFromEventList
<LI><a href="#[1bd]">&gt;&gt;</a>&nbsp;&nbsp;&nbsp;vTaskMissedYield
<LI><a href="#[101]">&gt;&gt;</a>&nbsp;&nbsp;&nbsp;vPortExitCritical
<LI><a href="#[100]">&gt;&gt;</a>&nbsp;&nbsp;&nbsp;vPortEnterCritical
</UL>
<BR>[Called By]<UL><LI><a href="#[1d3]">&gt;&gt;</a>&nbsp;&nbsp;&nbsp;vQueueWaitForMessageRestricted
<LI><a href="#[19a]">&gt;&gt;</a>&nbsp;&nbsp;&nbsp;xQueueGenericReceive
<LI><a href="#[195]">&gt;&gt;</a>&nbsp;&nbsp;&nbsp;xQueueGenericSend
</UL>

<P><STRONG><a name="[1be]"></a>prvIsQueueFull</STRONG> (Thumb, 30 bytes, Stack size 16 bytes, queue.o(privileged_functions))
<BR><BR>[Stack]<UL><LI>Max Depth = 16<LI>Call Chain = prvIsQueueFull
</UL>
<BR>[Calls]<UL><LI><a href="#[101]">&gt;&gt;</a>&nbsp;&nbsp;&nbsp;vPortExitCritical
<LI><a href="#[100]">&gt;&gt;</a>&nbsp;&nbsp;&nbsp;vPortEnterCritical
</UL>
<BR>[Called By]<UL><LI><a href="#[195]">&gt;&gt;</a>&nbsp;&nbsp;&nbsp;xQueueGenericSend
</UL>

<P><STRONG><a name="[1bf]"></a>prvCopyDataToQueue</STRONG> (Thumb, 132 bytes, Stack size 24 bytes, queue.o(privileged_functions))
<BR><BR>[Stack]<UL><LI>Max Depth = 40<LI>Call Chain = prvCopyDataToQueue &rArr; xTaskPriorityDisinherit
</UL>
<BR>[Calls]<UL><LI><a href="#[1c0]">&gt;&gt;</a>&nbsp;&nbsp;&nbsp;xTaskPriorityDisinherit
<LI><a href="#[b7]">&gt;&gt;</a>&nbsp;&nbsp;&nbsp;__aeabi_memcpy
</UL>
<BR>[Called By]<UL><LI><a href="#[1cc]">&gt;&gt;</a>&nbsp;&nbsp;&nbsp;xQueueGenericSendFromISR
<LI><a href="#[195]">&gt;&gt;</a>&nbsp;&nbsp;&nbsp;xQueueGenericSend
</UL>

<P><STRONG><a name="[1c7]"></a>prvIsQueueEmpty</STRONG> (Thumb, 28 bytes, Stack size 16 bytes, queue.o(privileged_functions))
<BR><BR>[Stack]<UL><LI>Max Depth = 16<LI>Call Chain = prvIsQueueEmpty
</UL>
<BR>[Calls]<UL><LI><a href="#[101]">&gt;&gt;</a>&nbsp;&nbsp;&nbsp;vPortExitCritical
<LI><a href="#[100]">&gt;&gt;</a>&nbsp;&nbsp;&nbsp;vPortEnterCritical
</UL>
<BR>[Called By]<UL><LI><a href="#[19a]">&gt;&gt;</a>&nbsp;&nbsp;&nbsp;xQueueGenericReceive
</UL>

<P><STRONG><a name="[1c8]"></a>prvCopyDataFromQueue</STRONG> (Thumb, 44 bytes, Stack size 16 bytes, queue.o(privileged_functions))
<BR><BR>[Stack]<UL><LI>Max Depth = 16<LI>Call Chain = prvCopyDataFromQueue
</UL>
<BR>[Calls]<UL><LI><a href="#[b7]">&gt;&gt;</a>&nbsp;&nbsp;&nbsp;__aeabi_memcpy
</UL>
<BR>[Called By]<UL><LI><a href="#[1cd]">&gt;&gt;</a>&nbsp;&nbsp;&nbsp;xQueuePeekFromISR
<LI><a href="#[199]">&gt;&gt;</a>&nbsp;&nbsp;&nbsp;xQueueReceiveFromISR
<LI><a href="#[19a]">&gt;&gt;</a>&nbsp;&nbsp;&nbsp;xQueueGenericReceive
</UL>

<P><STRONG><a name="[36]"></a>prvIdleTask</STRONG> (Thumb, 20 bytes, Stack size 0 bytes, tasks.o(i.prvIdleTask))
<BR><BR>[Stack]<UL><LI>Max Depth = 80<LI>Call Chain = prvIdleTask &rArr; prvCheckTasksWaitingTermination &rArr; prvDeleteTCB &rArr; vPortFree &rArr; xTaskResumeAll &rArr; xTaskIncrementTick
</UL>
<BR>[Calls]<UL><LI><a href="#[19d]">&gt;&gt;</a>&nbsp;&nbsp;&nbsp;prvCheckTasksWaitingTermination
<LI><a href="#[dd]">&gt;&gt;</a>&nbsp;&nbsp;&nbsp;vPortYield
</UL>
<BR>[Address Reference Count : 1]<UL><LI> tasks.o(privileged_functions)
</UL>
<P><STRONG><a name="[1db]"></a>prvResetNextTaskUnblockTime</STRONG> (Thumb, 46 bytes, Stack size 0 bytes, tasks.o(i.prvResetNextTaskUnblockTime))
<BR><BR>[Called By]<UL><LI><a href="#[1e1]">&gt;&gt;</a>&nbsp;&nbsp;&nbsp;vTaskSuspend
<LI><a href="#[1b2]">&gt;&gt;</a>&nbsp;&nbsp;&nbsp;xTaskIncrementTick
<LI><a href="#[1da]">&gt;&gt;</a>&nbsp;&nbsp;&nbsp;vTaskDelete
</UL>

<P><STRONG><a name="[1a3]"></a>prvWriteNameToBuffer</STRONG> (Thumb, 42 bytes, Stack size 16 bytes, tasks.o(i.prvWriteNameToBuffer))
<BR><BR>[Stack]<UL><LI>Max Depth = 16<LI>Call Chain = prvWriteNameToBuffer
</UL>
<BR>[Calls]<UL><LI><a href="#[8a]">&gt;&gt;</a>&nbsp;&nbsp;&nbsp;strcpy
<LI><a href="#[88]">&gt;&gt;</a>&nbsp;&nbsp;&nbsp;strlen
</UL>
<BR>[Called By]<UL><LI><a href="#[1a0]">&gt;&gt;</a>&nbsp;&nbsp;&nbsp;vTaskList
<LI><a href="#[19e]">&gt;&gt;</a>&nbsp;&nbsp;&nbsp;vTaskGetRunTimeStats
</UL>

<P><STRONG><a name="[1d5]"></a>prvInitialiseTaskLists</STRONG> (Thumb, 68 bytes, Stack size 8 bytes, tasks.o(privileged_functions))
<BR><BR>[Stack]<UL><LI>Max Depth = 8<LI>Call Chain = prvInitialiseTaskLists
</UL>
<BR>[Calls]<UL><LI><a href="#[1b3]">&gt;&gt;</a>&nbsp;&nbsp;&nbsp;vListInitialise
</UL>
<BR>[Called By]<UL><LI><a href="#[14d]">&gt;&gt;</a>&nbsp;&nbsp;&nbsp;xTaskGenericCreate
</UL>

<P><STRONG><a name="[1d6]"></a>prvInitialiseTCBVariables</STRONG> (Thumb, 94 bytes, Stack size 24 bytes, tasks.o(privileged_functions))
<BR><BR>[Stack]<UL><LI>Max Depth = 24<LI>Call Chain = prvInitialiseTCBVariables
</UL>
<BR>[Calls]<UL><LI><a href="#[1d7]">&gt;&gt;</a>&nbsp;&nbsp;&nbsp;vListInitialiseItem
</UL>
<BR>[Called By]<UL><LI><a href="#[14d]">&gt;&gt;</a>&nbsp;&nbsp;&nbsp;xTaskGenericCreate
</UL>

<P><STRONG><a name="[1d8]"></a>prvAllocateTCBAndStack</STRONG> (Thumb, 70 bytes, Stack size 24 bytes, tasks.o(privileged_functions))
<BR><BR>[Stack]<UL><LI>Max Depth = 88<LI>Call Chain = prvAllocateTCBAndStack &rArr; pvPortMalloc &rArr; xTaskResumeAll &rArr; xTaskIncrementTick
</UL>
<BR>[Calls]<UL><LI><a href="#[1d2]">&gt;&gt;</a>&nbsp;&nbsp;&nbsp;vPortFree
<LI><a href="#[ff]">&gt;&gt;</a>&nbsp;&nbsp;&nbsp;pvPortMalloc
<LI><a href="#[66]">&gt;&gt;</a>&nbsp;&nbsp;&nbsp;__aeabi_memset
</UL>
<BR>[Called By]<UL><LI><a href="#[14d]">&gt;&gt;</a>&nbsp;&nbsp;&nbsp;xTaskGenericCreate
</UL>

<P><STRONG><a name="[1a9]"></a>prvAddCurrentTaskToDelayedList</STRONG> (Thumb, 62 bytes, Stack size 8 bytes, tasks.o(privileged_functions))
<BR><BR>[Stack]<UL><LI>Max Depth = 16<LI>Call Chain = prvAddCurrentTaskToDelayedList &rArr; vListInsert
</UL>
<BR>[Calls]<UL><LI><a href="#[1dc]">&gt;&gt;</a>&nbsp;&nbsp;&nbsp;vListInsert
</UL>
<BR>[Called By]<UL><LI><a href="#[192]">&gt;&gt;</a>&nbsp;&nbsp;&nbsp;vTaskDelay
<LI><a href="#[1d4]">&gt;&gt;</a>&nbsp;&nbsp;&nbsp;vTaskPlaceOnEventListRestricted
<LI><a href="#[1c3]">&gt;&gt;</a>&nbsp;&nbsp;&nbsp;vTaskPlaceOnEventList
<LI><a href="#[1b6]">&gt;&gt;</a>&nbsp;&nbsp;&nbsp;vTaskPlaceOnUnorderedEventList
<LI><a href="#[c4]">&gt;&gt;</a>&nbsp;&nbsp;&nbsp;ulTaskNotifyTake
</UL>

<P><STRONG><a name="[1e3]"></a>prvTaskIsTaskSuspended</STRONG> (Thumb, 74 bytes, Stack size 8 bytes, tasks.o(privileged_functions), UNUSED)
<BR><BR>[Called By]<UL><LI><a href="#[1e4]">&gt;&gt;</a>&nbsp;&nbsp;&nbsp;xTaskResumeFromISR
<LI><a href="#[1e2]">&gt;&gt;</a>&nbsp;&nbsp;&nbsp;vTaskResume
</UL>

<P><STRONG><a name="[1e5]"></a>prvDeleteTCB</STRONG> (Thumb, 18 bytes, Stack size 8 bytes, tasks.o(privileged_functions))
<BR><BR>[Stack]<UL><LI>Max Depth = 64<LI>Call Chain = prvDeleteTCB &rArr; vPortFree &rArr; xTaskResumeAll &rArr; xTaskIncrementTick
</UL>
<BR>[Calls]<UL><LI><a href="#[1d2]">&gt;&gt;</a>&nbsp;&nbsp;&nbsp;vPortFree
</UL>
<BR>[Called By]<UL><LI><a href="#[19d]">&gt;&gt;</a>&nbsp;&nbsp;&nbsp;prvCheckTasksWaitingTermination
</UL>

<P><STRONG><a name="[19d]"></a>prvCheckTasksWaitingTermination</STRONG> (Thumb, 90 bytes, Stack size 16 bytes, tasks.o(privileged_functions))
<BR><BR>[Stack]<UL><LI>Max Depth = 80<LI>Call Chain = prvCheckTasksWaitingTermination &rArr; prvDeleteTCB &rArr; vPortFree &rArr; xTaskResumeAll &rArr; xTaskIncrementTick
</UL>
<BR>[Calls]<UL><LI><a href="#[1e5]">&gt;&gt;</a>&nbsp;&nbsp;&nbsp;prvDeleteTCB
<LI><a href="#[1a7]">&gt;&gt;</a>&nbsp;&nbsp;&nbsp;uxListRemove
<LI><a href="#[1ad]">&gt;&gt;</a>&nbsp;&nbsp;&nbsp;xTaskResumeAll
<LI><a href="#[1ab]">&gt;&gt;</a>&nbsp;&nbsp;&nbsp;vTaskSuspendAll
<LI><a href="#[101]">&gt;&gt;</a>&nbsp;&nbsp;&nbsp;vPortExitCritical
<LI><a href="#[100]">&gt;&gt;</a>&nbsp;&nbsp;&nbsp;vPortEnterCritical
</UL>
<BR>[Called By]<UL><LI><a href="#[36]">&gt;&gt;</a>&nbsp;&nbsp;&nbsp;prvIdleTask
</UL>

<P><STRONG><a name="[1ea]"></a>prvTaskCheckFreeStackSpace</STRONG> (Thumb, 22 bytes, Stack size 0 bytes, tasks.o(privileged_functions))
<BR><BR>[Called By]<UL><LI><a href="#[1eb]">&gt;&gt;</a>&nbsp;&nbsp;&nbsp;uxTaskGetStackHighWaterMark
<LI><a href="#[1ac]">&gt;&gt;</a>&nbsp;&nbsp;&nbsp;prvListTaskWithinSingleList
</UL>

<P><STRONG><a name="[1ac]"></a>prvListTaskWithinSingleList</STRONG> (Thumb, 176 bytes, Stack size 40 bytes, tasks.o(privileged_functions))
<BR><BR>[Stack]<UL><LI>Max Depth = 40<LI>Call Chain = prvListTaskWithinSingleList
</UL>
<BR>[Calls]<UL><LI><a href="#[1ea]">&gt;&gt;</a>&nbsp;&nbsp;&nbsp;prvTaskCheckFreeStackSpace
</UL>
<BR>[Called By]<UL><LI><a href="#[1aa]">&gt;&gt;</a>&nbsp;&nbsp;&nbsp;uxTaskGetSystemState
</UL>

<P><STRONG><a name="[1ec]"></a>prvInsertTimerInActiveList</STRONG> (Thumb, 76 bytes, Stack size 24 bytes, timers.o(privileged_functions))
<BR><BR>[Stack]<UL><LI>Max Depth = 32<LI>Call Chain = prvInsertTimerInActiveList &rArr; vListInsert
</UL>
<BR>[Calls]<UL><LI><a href="#[1dc]">&gt;&gt;</a>&nbsp;&nbsp;&nbsp;vListInsert
</UL>
<BR>[Called By]<UL><LI><a href="#[1f0]">&gt;&gt;</a>&nbsp;&nbsp;&nbsp;prvProcessExpiredTimer
<LI><a href="#[1ef]">&gt;&gt;</a>&nbsp;&nbsp;&nbsp;prvProcessReceivedCommands
</UL>

<P><STRONG><a name="[1ed]"></a>prvSwitchTimerLists</STRONG> (Thumb, 134 bytes, Stack size 32 bytes, timers.o(privileged_functions))
<BR><BR>[Stack]<UL><LI>Max Depth = 160<LI>Call Chain = prvSwitchTimerLists &rArr; xTimerGenericCommand &rArr; xQueueGenericSendFromISR &rArr; prvCopyDataToQueue &rArr; xTaskPriorityDisinherit
</UL>
<BR>[Calls]<UL><LI><a href="#[1dc]">&gt;&gt;</a>&nbsp;&nbsp;&nbsp;vListInsert
<LI><a href="#[1a7]">&gt;&gt;</a>&nbsp;&nbsp;&nbsp;uxListRemove
<LI><a href="#[171]">&gt;&gt;</a>&nbsp;&nbsp;&nbsp;xTimerGenericCommand
</UL>
<BR>[Called By]<UL><LI><a href="#[1ee]">&gt;&gt;</a>&nbsp;&nbsp;&nbsp;prvSampleTimeNow
</UL>

<P><STRONG><a name="[1ee]"></a>prvSampleTimeNow</STRONG> (Thumb, 40 bytes, Stack size 16 bytes, timers.o(privileged_functions))
<BR><BR>[Stack]<UL><LI>Max Depth = 176<LI>Call Chain = prvSampleTimeNow &rArr; prvSwitchTimerLists &rArr; xTimerGenericCommand &rArr; xQueueGenericSendFromISR &rArr; prvCopyDataToQueue &rArr; xTaskPriorityDisinherit
</UL>
<BR>[Calls]<UL><LI><a href="#[1ed]">&gt;&gt;</a>&nbsp;&nbsp;&nbsp;prvSwitchTimerLists
<LI><a href="#[170]">&gt;&gt;</a>&nbsp;&nbsp;&nbsp;xTaskGetTickCount
</UL>
<BR>[Called By]<UL><LI><a href="#[1f1]">&gt;&gt;</a>&nbsp;&nbsp;&nbsp;prvProcessTimerOrBlockTask
<LI><a href="#[1ef]">&gt;&gt;</a>&nbsp;&nbsp;&nbsp;prvProcessReceivedCommands
</UL>

<P><STRONG><a name="[1ef]"></a>prvProcessReceivedCommands</STRONG> (Thumb, 222 bytes, Stack size 40 bytes, timers.o(privileged_functions))
<BR><BR>[Stack]<UL><LI>Max Depth = 216<LI>Call Chain = prvProcessReceivedCommands &rArr; prvSampleTimeNow &rArr; prvSwitchTimerLists &rArr; xTimerGenericCommand &rArr; xQueueGenericSendFromISR &rArr; prvCopyDataToQueue &rArr; xTaskPriorityDisinherit
</UL>
<BR>[Calls]<UL><LI><a href="#[ca]">&gt;&gt;</a>&nbsp;&nbsp;&nbsp;__ARM_common_switch8
<LI><a href="#[1ee]">&gt;&gt;</a>&nbsp;&nbsp;&nbsp;prvSampleTimeNow
<LI><a href="#[1ec]">&gt;&gt;</a>&nbsp;&nbsp;&nbsp;prvInsertTimerInActiveList
<LI><a href="#[19a]">&gt;&gt;</a>&nbsp;&nbsp;&nbsp;xQueueGenericReceive
<LI><a href="#[1a7]">&gt;&gt;</a>&nbsp;&nbsp;&nbsp;uxListRemove
<LI><a href="#[1d2]">&gt;&gt;</a>&nbsp;&nbsp;&nbsp;vPortFree
<LI><a href="#[171]">&gt;&gt;</a>&nbsp;&nbsp;&nbsp;xTimerGenericCommand
</UL>
<BR>[Called By]<UL><LI><a href="#[37]">&gt;&gt;</a>&nbsp;&nbsp;&nbsp;prvTimerTask
</UL>

<P><STRONG><a name="[1f0]"></a>prvProcessExpiredTimer</STRONG> (Thumb, 82 bytes, Stack size 24 bytes, timers.o(privileged_functions))
<BR><BR>[Stack]<UL><LI>Max Depth = 152<LI>Call Chain = prvProcessExpiredTimer &rArr; xTimerGenericCommand &rArr; xQueueGenericSendFromISR &rArr; prvCopyDataToQueue &rArr; xTaskPriorityDisinherit
</UL>
<BR>[Calls]<UL><LI><a href="#[1ec]">&gt;&gt;</a>&nbsp;&nbsp;&nbsp;prvInsertTimerInActiveList
<LI><a href="#[1a7]">&gt;&gt;</a>&nbsp;&nbsp;&nbsp;uxListRemove
<LI><a href="#[171]">&gt;&gt;</a>&nbsp;&nbsp;&nbsp;xTimerGenericCommand
</UL>
<BR>[Called By]<UL><LI><a href="#[1f1]">&gt;&gt;</a>&nbsp;&nbsp;&nbsp;prvProcessTimerOrBlockTask
</UL>

<P><STRONG><a name="[1f1]"></a>prvProcessTimerOrBlockTask</STRONG> (Thumb, 76 bytes, Stack size 24 bytes, timers.o(privileged_functions))
<BR><BR>[Stack]<UL><LI>Max Depth = 200<LI>Call Chain = prvProcessTimerOrBlockTask &rArr; prvSampleTimeNow &rArr; prvSwitchTimerLists &rArr; xTimerGenericCommand &rArr; xQueueGenericSendFromISR &rArr; prvCopyDataToQueue &rArr; xTaskPriorityDisinherit
</UL>
<BR>[Calls]<UL><LI><a href="#[1f0]">&gt;&gt;</a>&nbsp;&nbsp;&nbsp;prvProcessExpiredTimer
<LI><a href="#[1ee]">&gt;&gt;</a>&nbsp;&nbsp;&nbsp;prvSampleTimeNow
<LI><a href="#[1d3]">&gt;&gt;</a>&nbsp;&nbsp;&nbsp;vQueueWaitForMessageRestricted
<LI><a href="#[1ad]">&gt;&gt;</a>&nbsp;&nbsp;&nbsp;xTaskResumeAll
<LI><a href="#[1ab]">&gt;&gt;</a>&nbsp;&nbsp;&nbsp;vTaskSuspendAll
<LI><a href="#[dd]">&gt;&gt;</a>&nbsp;&nbsp;&nbsp;vPortYield
</UL>
<BR>[Called By]<UL><LI><a href="#[37]">&gt;&gt;</a>&nbsp;&nbsp;&nbsp;prvTimerTask
</UL>

<P><STRONG><a name="[1f2]"></a>prvGetNextExpireTime</STRONG> (Thumb, 40 bytes, Stack size 0 bytes, timers.o(privileged_functions))
<BR><BR>[Called By]<UL><LI><a href="#[37]">&gt;&gt;</a>&nbsp;&nbsp;&nbsp;prvTimerTask
</UL>

<P><STRONG><a name="[37]"></a>prvTimerTask</STRONG> (Thumb, 26 bytes, Stack size 8 bytes, timers.o(privileged_functions))
<BR><BR>[Stack]<UL><LI>Max Depth = 224<LI>Call Chain = prvTimerTask &rArr; prvProcessReceivedCommands &rArr; prvSampleTimeNow &rArr; prvSwitchTimerLists &rArr; xTimerGenericCommand &rArr; xQueueGenericSendFromISR &rArr; prvCopyDataToQueue &rArr; xTaskPriorityDisinherit
</UL>
<BR>[Calls]<UL><LI><a href="#[1f2]">&gt;&gt;</a>&nbsp;&nbsp;&nbsp;prvGetNextExpireTime
<LI><a href="#[1f1]">&gt;&gt;</a>&nbsp;&nbsp;&nbsp;prvProcessTimerOrBlockTask
<LI><a href="#[1ef]">&gt;&gt;</a>&nbsp;&nbsp;&nbsp;prvProcessReceivedCommands
</UL>
<BR>[Address Reference Count : 1]<UL><LI> timers.o(privileged_functions)
</UL>
<P><STRONG><a name="[1f3]"></a>prvCheckForValidListAndQueue</STRONG> (Thumb, 90 bytes, Stack size 8 bytes, timers.o(privileged_functions))
<BR><BR>[Stack]<UL><LI>Max Depth = 112<LI>Call Chain = prvCheckForValidListAndQueue &rArr; xQueueGenericCreate &rArr; pvPortMalloc &rArr; xTaskResumeAll &rArr; xTaskIncrementTick
</UL>
<BR>[Calls]<UL><LI><a href="#[1f4]">&gt;&gt;</a>&nbsp;&nbsp;&nbsp;vQueueAddToRegistry
<LI><a href="#[194]">&gt;&gt;</a>&nbsp;&nbsp;&nbsp;xQueueGenericCreate
<LI><a href="#[1b3]">&gt;&gt;</a>&nbsp;&nbsp;&nbsp;vListInitialise
<LI><a href="#[101]">&gt;&gt;</a>&nbsp;&nbsp;&nbsp;vPortExitCritical
<LI><a href="#[100]">&gt;&gt;</a>&nbsp;&nbsp;&nbsp;vPortEnterCritical
</UL>
<BR>[Called By]<UL><LI><a href="#[1e6]">&gt;&gt;</a>&nbsp;&nbsp;&nbsp;xTimerCreateTimerTask
<LI><a href="#[16f]">&gt;&gt;</a>&nbsp;&nbsp;&nbsp;xTimerCreate
</UL>

<P><STRONG><a name="[19f]"></a>prvSetupTimerInterrupt</STRONG> (Thumb, 26 bytes, Stack size 8 bytes, port.o(i.prvSetupTimerInterrupt))
<BR><BR>[Stack]<UL><LI>Max Depth = 20<LI>Call Chain = prvSetupTimerInterrupt &rArr; __aeabi_uidivmod
</UL>
<BR>[Calls]<UL><LI><a href="#[63]">&gt;&gt;</a>&nbsp;&nbsp;&nbsp;__aeabi_uidivmod
</UL>
<BR>[Called By]<UL><LI><a href="#[1e7]">&gt;&gt;</a>&nbsp;&nbsp;&nbsp;xPortStartScheduler
</UL>

<P><STRONG><a name="[38]"></a>prvTaskExitError</STRONG> (Thumb, 32 bytes, Stack size 0 bytes, port.o(i.prvTaskExitError))
<BR>[Address Reference Count : 1]<UL><LI> port.o(privileged_functions)
</UL>
<P><STRONG><a name="[1f8]"></a>prvHeapInit</STRONG> (Thumb, 98 bytes, Stack size 12 bytes, heap_4.o(i.prvHeapInit))
<BR><BR>[Stack]<UL><LI>Max Depth = 12<LI>Call Chain = prvHeapInit
</UL>
<BR>[Called By]<UL><LI><a href="#[ff]">&gt;&gt;</a>&nbsp;&nbsp;&nbsp;pvPortMalloc
</UL>

<P><STRONG><a name="[1f9]"></a>prvInsertBlockIntoFreeList</STRONG> (Thumb, 96 bytes, Stack size 8 bytes, heap_4.o(i.prvInsertBlockIntoFreeList))
<BR><BR>[Stack]<UL><LI>Max Depth = 8<LI>Call Chain = prvInsertBlockIntoFreeList
</UL>
<BR>[Called By]<UL><LI><a href="#[1d2]">&gt;&gt;</a>&nbsp;&nbsp;&nbsp;vPortFree
<LI><a href="#[ff]">&gt;&gt;</a>&nbsp;&nbsp;&nbsp;pvPortMalloc
</UL>

<P><STRONG><a name="[197]"></a>inHandlerMode</STRONG> (Thumb, 18 bytes, Stack size 0 bytes, cmsis_os.o(i.inHandlerMode))
<BR><BR>[Called By]<UL><LI><a href="#[198]">&gt;&gt;</a>&nbsp;&nbsp;&nbsp;osSemaphoreWait
<LI><a href="#[8c]">&gt;&gt;</a>&nbsp;&nbsp;&nbsp;osSemaphoreRelease
</UL>

<P><STRONG><a name="[181]"></a>_fp_digits</STRONG> (Thumb, 344 bytes, Stack size 64 bytes, printfa.o(i._fp_digits), UNUSED)
<BR><BR>[Calls]<UL><LI><a href="#[7b]">&gt;&gt;</a>&nbsp;&nbsp;&nbsp;__aeabi_dmul
<LI><a href="#[7c]">&gt;&gt;</a>&nbsp;&nbsp;&nbsp;__aeabi_ddiv
<LI><a href="#[75]">&gt;&gt;</a>&nbsp;&nbsp;&nbsp;__aeabi_dadd
<LI><a href="#[7d]">&gt;&gt;</a>&nbsp;&nbsp;&nbsp;__aeabi_d2ulz
<LI><a href="#[182]">&gt;&gt;</a>&nbsp;&nbsp;&nbsp;__aeabi_cdrcmple
<LI><a href="#[6e]">&gt;&gt;</a>&nbsp;&nbsp;&nbsp;__aeabi_uldivmod
</UL>
<BR>[Called By]<UL><LI><a href="#[17f]">&gt;&gt;</a>&nbsp;&nbsp;&nbsp;_printf_core
</UL>

<P><STRONG><a name="[17f]"></a>_printf_core</STRONG> (Thumb, 1760 bytes, Stack size 128 bytes, printfa.o(i._printf_core), UNUSED)
<BR><BR>[Calls]<UL><LI><a href="#[183]">&gt;&gt;</a>&nbsp;&nbsp;&nbsp;_printf_pre_padding
<LI><a href="#[184]">&gt;&gt;</a>&nbsp;&nbsp;&nbsp;_printf_post_padding
<LI><a href="#[181]">&gt;&gt;</a>&nbsp;&nbsp;&nbsp;_fp_digits
<LI><a href="#[63]">&gt;&gt;</a>&nbsp;&nbsp;&nbsp;__aeabi_uidivmod
<LI><a href="#[6e]">&gt;&gt;</a>&nbsp;&nbsp;&nbsp;__aeabi_uldivmod
</UL>
<BR>[Called By]<UL><LI><a href="#[17e]">&gt;&gt;</a>&nbsp;&nbsp;&nbsp;__0sprintf
</UL>

<P><STRONG><a name="[184]"></a>_printf_post_padding</STRONG> (Thumb, 32 bytes, Stack size 24 bytes, printfa.o(i._printf_post_padding), UNUSED)
<BR><BR>[Called By]<UL><LI><a href="#[17f]">&gt;&gt;</a>&nbsp;&nbsp;&nbsp;_printf_core
</UL>

<P><STRONG><a name="[183]"></a>_printf_pre_padding</STRONG> (Thumb, 44 bytes, Stack size 40 bytes, printfa.o(i._printf_pre_padding), UNUSED)
<BR><BR>[Called By]<UL><LI><a href="#[17f]">&gt;&gt;</a>&nbsp;&nbsp;&nbsp;_printf_core
</UL>

<P><STRONG><a name="[34]"></a>_sputc</STRONG> (Thumb, 10 bytes, Stack size 0 bytes, printfa.o(i._sputc))
<BR><BR>[Called By]<UL><LI><a href="#[17e]">&gt;&gt;</a>&nbsp;&nbsp;&nbsp;__0sprintf
</UL>
<BR>[Address Reference Count : 1]<UL><LI> printfa.o(i.__0sprintf)
</UL>
<P><STRONG><a name="[180]"></a>internal_alloc</STRONG> (Thumb, 74 bytes, Stack size 24 bytes, mallocr.o(i.internal_alloc))
<BR><BR>[Stack]<UL><LI>Max Depth = 24<LI>Call Chain = internal_alloc
</UL>
<BR>[Calls]<UL><LI><a href="#[b7]">&gt;&gt;</a>&nbsp;&nbsp;&nbsp;__aeabi_memcpy
</UL>
<BR>[Called By]<UL><LI><a href="#[96]">&gt;&gt;</a>&nbsp;&nbsp;&nbsp;realloc
<LI><a href="#[97]">&gt;&gt;</a>&nbsp;&nbsp;&nbsp;malloc
</UL>

<P><STRONG><a name="[71]"></a>_local_sscanf</STRONG> (Thumb, 54 bytes, Stack size 56 bytes, strtod.o(.text))
<BR><BR>[Stack]<UL><LI>Max Depth = 160<LI>Call Chain = _local_sscanf &rArr; _scanf_real
</UL>
<BR>[Calls]<UL><LI><a href="#[72]">&gt;&gt;</a>&nbsp;&nbsp;&nbsp;_scanf_real
</UL>
<BR>[Called By]<UL><LI><a href="#[73]">&gt;&gt;</a>&nbsp;&nbsp;&nbsp;__strtod_int
</UL>

<P><STRONG><a name="[7f]"></a>_fp_value</STRONG> (Thumb, 286 bytes, Stack size 72 bytes, scanf_fp.o(.text), UNUSED)
<BR><BR>[Calls]<UL><LI><a href="#[7b]">&gt;&gt;</a>&nbsp;&nbsp;&nbsp;__aeabi_dmul
<LI><a href="#[7c]">&gt;&gt;</a>&nbsp;&nbsp;&nbsp;__aeabi_ddiv
<LI><a href="#[80]">&gt;&gt;</a>&nbsp;&nbsp;&nbsp;__aeabi_lmul
<LI><a href="#[81]">&gt;&gt;</a>&nbsp;&nbsp;&nbsp;__aeabi_ul2d
</UL>
<BR>[Called By]<UL><LI><a href="#[82]">&gt;&gt;</a>&nbsp;&nbsp;&nbsp;_scanf_really_real
</UL>
<P>
<H3>
Undefined Global Symbols
</H3>
<P><STRONG><a name="[5f]"></a>__arm_fini_</STRONG> (Unknown, 0 bytes, Stack size 0 bytes, UNDEFINED)
<BR><BR>[Called By]<UL><LI><a href="#[5e]">&gt;&gt;</a>&nbsp;&nbsp;&nbsp;__rt_lib_shutdown_fini
</UL>
<HR></body></html>
