Archive member included to satisfy reference by file (symbol)

c:/st/stm32cubeide_1.5.1/stm32cubeide/plugins/com.st.stm32cube.ide.mcu.externaltools.gnu-tools-for-stm32.7-2018-q2-update.win32_1.5.0.202011040924/tools/bin/../lib/gcc/arm-none-eabi/7.3.1/../../../../arm-none-eabi/lib/thumb/v6-m\libc.a(lib_a-atof.o)
                              BOS\BOS_CLI.o (atof)
c:/st/stm32cubeide_1.5.1/stm32cubeide/plugins/com.st.stm32cube.ide.mcu.externaltools.gnu-tools-for-stm32.7-2018-q2-update.win32_1.5.0.202011040924/tools/bin/../lib/gcc/arm-none-eabi/7.3.1/../../../../arm-none-eabi/lib/thumb/v6-m\libc.a(lib_a-atoi.o)
                              BOS\BOS_CLI.o (atoi)
c:/st/stm32cubeide_1.5.1/stm32cubeide/plugins/com.st.stm32cube.ide.mcu.externaltools.gnu-tools-for-stm32.7-2018-q2-update.win32_1.5.0.202011040924/tools/bin/../lib/gcc/arm-none-eabi/7.3.1/../../../../arm-none-eabi/lib/thumb/v6-m\libc.a(lib_a-atol.o)
                              BOS\BOS.o (atol)
c:/st/stm32cubeide_1.5.1/stm32cubeide/plugins/com.st.stm32cube.ide.mcu.externaltools.gnu-tools-for-stm32.7-2018-q2-update.win32_1.5.0.202011040924/tools/bin/../lib/gcc/arm-none-eabi/7.3.1/../../../../arm-none-eabi/lib/thumb/v6-m\libc.a(lib_a-calloc.o)
                              BOS\BOS.o (calloc)
c:/st/stm32cubeide_1.5.1/stm32cubeide/plugins/com.st.stm32cube.ide.mcu.externaltools.gnu-tools-for-stm32.7-2018-q2-update.win32_1.5.0.202011040924/tools/bin/../lib/gcc/arm-none-eabi/7.3.1/../../../../arm-none-eabi/lib/thumb/v6-m\libc.a(lib_a-callocr.o)
                              c:/st/stm32cubeide_1.5.1/stm32cubeide/plugins/com.st.stm32cube.ide.mcu.externaltools.gnu-tools-for-stm32.7-2018-q2-update.win32_1.5.0.202011040924/tools/bin/../lib/gcc/arm-none-eabi/7.3.1/../../../../arm-none-eabi/lib/thumb/v6-m\libc.a(lib_a-calloc.o) (_calloc_r)
c:/st/stm32cubeide_1.5.1/stm32cubeide/plugins/com.st.stm32cube.ide.mcu.externaltools.gnu-tools-for-stm32.7-2018-q2-update.win32_1.5.0.202011040924/tools/bin/../lib/gcc/arm-none-eabi/7.3.1/../../../../arm-none-eabi/lib/thumb/v6-m\libc.a(lib_a-exit.o)
                              c:/st/stm32cubeide_1.5.1/stm32cubeide/plugins/com.st.stm32cube.ide.mcu.externaltools.gnu-tools-for-stm32.7-2018-q2-update.win32_1.5.0.202011040924/tools/bin/../lib/gcc/arm-none-eabi/7.3.1/../../../../arm-none-eabi/lib/thumb/v6-m/crt0.o (exit)
c:/st/stm32cubeide_1.5.1/stm32cubeide/plugins/com.st.stm32cube.ide.mcu.externaltools.gnu-tools-for-stm32.7-2018-q2-update.win32_1.5.0.202011040924/tools/bin/../lib/gcc/arm-none-eabi/7.3.1/../../../../arm-none-eabi/lib/thumb/v6-m\libc.a(lib_a-impure.o)
                              c:/st/stm32cubeide_1.5.1/stm32cubeide/plugins/com.st.stm32cube.ide.mcu.externaltools.gnu-tools-for-stm32.7-2018-q2-update.win32_1.5.0.202011040924/tools/bin/../lib/gcc/arm-none-eabi/7.3.1/../../../../arm-none-eabi/lib/thumb/v6-m\libc.a(lib_a-exit.o) (_global_impure_ptr)
c:/st/stm32cubeide_1.5.1/stm32cubeide/plugins/com.st.stm32cube.ide.mcu.externaltools.gnu-tools-for-stm32.7-2018-q2-update.win32_1.5.0.202011040924/tools/bin/../lib/gcc/arm-none-eabi/7.3.1/../../../../arm-none-eabi/lib/thumb/v6-m\libc.a(lib_a-init.o)
                              c:/st/stm32cubeide_1.5.1/stm32cubeide/plugins/com.st.stm32cube.ide.mcu.externaltools.gnu-tools-for-stm32.7-2018-q2-update.win32_1.5.0.202011040924/tools/bin/../lib/gcc/arm-none-eabi/7.3.1/../../../../arm-none-eabi/lib/thumb/v6-m/crt0.o (__libc_init_array)
c:/st/stm32cubeide_1.5.1/stm32cubeide/plugins/com.st.stm32cube.ide.mcu.externaltools.gnu-tools-for-stm32.7-2018-q2-update.win32_1.5.0.202011040924/tools/bin/../lib/gcc/arm-none-eabi/7.3.1/../../../../arm-none-eabi/lib/thumb/v6-m\libc.a(lib_a-locale.o)
                              BOS\BOS_CLI.o (__locale_ctype_ptr)
c:/st/stm32cubeide_1.5.1/stm32cubeide/plugins/com.st.stm32cube.ide.mcu.externaltools.gnu-tools-for-stm32.7-2018-q2-update.win32_1.5.0.202011040924/tools/bin/../lib/gcc/arm-none-eabi/7.3.1/../../../../arm-none-eabi/lib/thumb/v6-m\libc.a(lib_a-malloc.o)
                              BOS\BOS.o (malloc)
c:/st/stm32cubeide_1.5.1/stm32cubeide/plugins/com.st.stm32cube.ide.mcu.externaltools.gnu-tools-for-stm32.7-2018-q2-update.win32_1.5.0.202011040924/tools/bin/../lib/gcc/arm-none-eabi/7.3.1/../../../../arm-none-eabi/lib/thumb/v6-m\libc.a(lib_a-mallocr.o)
                              c:/st/stm32cubeide_1.5.1/stm32cubeide/plugins/com.st.stm32cube.ide.mcu.externaltools.gnu-tools-for-stm32.7-2018-q2-update.win32_1.5.0.202011040924/tools/bin/../lib/gcc/arm-none-eabi/7.3.1/../../../../arm-none-eabi/lib/thumb/v6-m\libc.a(lib_a-callocr.o) (_malloc_r)
c:/st/stm32cubeide_1.5.1/stm32cubeide/plugins/com.st.stm32cube.ide.mcu.externaltools.gnu-tools-for-stm32.7-2018-q2-update.win32_1.5.0.202011040924/tools/bin/../lib/gcc/arm-none-eabi/7.3.1/../../../../arm-none-eabi/lib/thumb/v6-m\libc.a(lib_a-mbtowc_r.o)
[...]
Memory Configuration

Name             Origin             Length             Attributes
RAM              0x0000000020000000 0x0000000000008000 xrw
FLASH            0x0000000008000000 0x0000000000020000 xr
*default*        0x0000000000000000 0xffffffffffffffff

Linker script and memory map

LOAD c:/st/stm32cubeide_1.5.1/stm32cubeide/plugins/com.st.stm32cube.ide.mcu.externaltools.gnu-tools-for-stm32.7-2018-q2-update.win32_1.5.0.202011040924/tools/bin/../lib/gcc/arm-none-eabi/7.3.1/thumb/v6-m/crti.o
LOAD c:/st/stm32cubeide_1.5.1/stm32cubeide/plugins/com.st.stm32cube.ide.mcu.externaltools.gnu-tools-for-stm32.7-2018-q2-update.win32_1.5.0.202011040924/tools/bin/../lib/gcc/arm-none-eabi/7.3.1/thumb/v6-m/crtbegin.o
LOAD c:/st/stm32cubeide_1.5.1/stm32cubeide/plugins/com.st.stm32cube.ide.mcu.externaltools.gnu-tools-for-stm32.7-2018-q2-update.win32_1.5.0.202011040924/tools/bin/../lib/gcc/arm-none-eabi/7.3.1/../../../../arm-none-eabi/lib/thumb/v6-m/crt0.o
LOAD BOS\BOS.o
LOAD BOS\BOS_CLI.o
LOAD BOS\BOS_CLIcommands.o
LOAD BOS\BOS_dma.o
LOAD BOS\BOS_eeprom.o
LOAD BOS\BOS_freertos.o
LOAD BOS\BOS_inputs.o
LOAD BOS\BOS_messaging.o
LOAD BOS\BOS_msgparser.o
LOAD H23Rx\H23Rx.o
LOAD H23Rx\H23Rx_dma.o
LOAD H23Rx\H23Rx_gpio.o
LOAD H23Rx\H23Rx_it.o
LOAD H23Rx\H23Rx_rtc.o
LOAD H23Rx\H23Rx_timers.o
LOAD H23Rx\H23Rx_uart.o
LOAD H23Rx\startup_stm32f091xc.o
LOAD Thirdparty\CMSIS\Device\ST\STM32F0xx\Source\Templates\system_stm32f0xx.o
LOAD Thirdparty\Middleware\FreeRTOS\Source\CMSIS_RTOS\cmsis_os.o
LOAD Thirdparty\Middleware\FreeRTOS\Source\FreeRTOS_CLI.o
LOAD Thirdparty\Middleware\FreeRTOS\Source\croutine.o
LOAD Thirdparty\Middleware\FreeRTOS\Source\event_groups.o
LOAD Thirdparty\Middleware\FreeRTOS\Source\list.o
LOAD Thirdparty\Middleware\FreeRTOS\Source\portable\GCC\ARM_CM0\port.o
LOAD Thirdparty\Middleware\FreeRTOS\Source\portable\MemMang\heap_4.o
LOAD Thirdparty\Middleware\FreeRTOS\Source\queue.o
LOAD Thirdparty\Middleware\FreeRTOS\Source\tasks.o
LOAD Thirdparty\Middleware\FreeRTOS\Source\timers.o
LOAD Thirdparty\STM32F0xx_HAL_Driver\Src\stm32f0xx_hal.o
LOAD Thirdparty\STM32F0xx_HAL_Driver\Src\stm32f0xx_hal_adc.o
LOAD Thirdparty\STM32F0xx_HAL_Driver\Src\stm32f0xx_hal_adc_ex.o
LOAD Thirdparty\STM32F0xx_HAL_Driver\Src\stm32f0xx_hal_can.o
LOAD Thirdparty\STM32F0xx_HAL_Driver\Src\stm32f0xx_hal_cec.o
LOAD Thirdparty\STM32F0xx_HAL_Driver\Src\stm32f0xx_hal_comp.o
LOAD Thirdparty\STM32F0xx_HAL_Driver\Src\stm32f0xx_hal_cortex.o
LOAD Thirdparty\STM32F0xx_HAL_Driver\Src\stm32f0xx_hal_crc.o
LOAD Thirdparty\STM32F0xx_HAL_Driver\Src\stm32f0xx_hal_crc_ex.o
LOAD Thirdparty\STM32F0xx_HAL_Driver\Src\stm32f0xx_hal_dac.o
LOAD Thirdparty\STM32F0xx_HAL_Driver\Src\stm32f0xx_hal_dac_ex.o
LOAD Thirdparty\STM32F0xx_HAL_Driver\Src\stm32f0xx_hal_dma.o
LOAD Thirdparty\STM32F0xx_HAL_Driver\Src\stm32f0xx_hal_flash.o
LOAD Thirdparty\STM32F0xx_HAL_Driver\Src\stm32f0xx_hal_flash_ex.o
LOAD Thirdparty\STM32F0xx_HAL_Driver\Src\stm32f0xx_hal_gpio.o
LOAD Thirdparty\STM32F0xx_HAL_Driver\Src\stm32f0xx_hal_i2c.o
LOAD Thirdparty\STM32F0xx_HAL_Driver\Src\stm32f0xx_hal_i2c_ex.o
LOAD Thirdparty\STM32F0xx_HAL_Driver\Src\stm32f0xx_hal_i2s.o
LOAD Thirdparty\STM32F0xx_HAL_Driver\Src\stm32f0xx_hal_irda.o
LOAD Thirdparty\STM32F0xx_HAL_Driver\Src\stm32f0xx_hal_iwdg.o
LOAD Thirdparty\STM32F0xx_HAL_Driver\Src\stm32f0xx_hal_msp_template.o
LOAD Thirdparty\STM32F0xx_HAL_Driver\Src\stm32f0xx_hal_pcd.o
LOAD Thirdparty\STM32F0xx_HAL_Driver\Src\stm32f0xx_hal_pcd_ex.o
LOAD Thirdparty\STM32F0xx_HAL_Driver\Src\stm32f0xx_hal_pwr.o
LOAD Thirdparty\STM32F0xx_HAL_Driver\Src\stm32f0xx_hal_pwr_ex.o
LOAD Thirdparty\STM32F0xx_HAL_Driver\Src\stm32f0xx_hal_rcc.o
LOAD Thirdparty\STM32F0xx_HAL_Driver\Src\stm32f0xx_hal_rcc_ex.o
LOAD Thirdparty\STM32F0xx_HAL_Driver\Src\stm32f0xx_hal_rtc.o
LOAD Thirdparty\STM32F0xx_HAL_Driver\Src\stm32f0xx_hal_rtc_ex.o
LOAD Thirdparty\STM32F0xx_HAL_Driver\Src\stm32f0xx_hal_smartcard.o
LOAD Thirdparty\STM32F0xx_HAL_Driver\Src\stm32f0xx_hal_smartcard_ex.o
LOAD Thirdparty\STM32F0xx_HAL_Driver\Src\stm32f0xx_hal_smbus.o
LOAD Thirdparty\STM32F0xx_HAL_Driver\Src\stm32f0xx_hal_spi.o
LOAD Thirdparty\STM32F0xx_HAL_Driver\Src\stm32f0xx_hal_spi_ex.o
LOAD Thirdparty\STM32F0xx_HAL_Driver\Src\stm32f0xx_hal_tim.o
LOAD Thirdparty\STM32F0xx_HAL_Driver\Src\stm32f0xx_hal_tim_ex.o
LOAD Thirdparty\STM32F0xx_HAL_Driver\Src\stm32f0xx_hal_tsc.o
LOAD Thirdparty\STM32F0xx_HAL_Driver\Src\stm32f0xx_hal_uart.o
LOAD Thirdparty\STM32F0xx_HAL_Driver\Src\stm32f0xx_hal_uart_ex.o
LOAD Thirdparty\STM32F0xx_HAL_Driver\Src\stm32f0xx_hal_usart.o
LOAD Thirdparty\STM32F0xx_HAL_Driver\Src\stm32f0xx_hal_wwdg.o
LOAD User\main.o
START GROUP
LOAD c:/st/stm32cubeide_1.5.1/stm32cubeide/plugins/com.st.stm32cube.ide.mcu.externaltools.gnu-tools-for-stm32.7-2018-q2-update.win32_1.5.0.202011040924/tools/bin/../lib/gcc/arm-none-eabi/7.3.1/../../../../arm-none-eabi/lib/thumb/v6-m\libc.a
LOAD c:/st/stm32cubeide_1.5.1/stm32cubeide/plugins/com.st.stm32cube.ide.mcu.externaltools.gnu-tools-for-stm32.7-2018-q2-update.win32_1.5.0.202011040924/tools/bin/../lib/gcc/arm-none-eabi/7.3.1/../../../../arm-none-eabi/lib/thumb/v6-m\libm.a
END GROUP
START GROUP
LOAD c:/st/stm32cubeide_1.5.1/stm32cubeide/plugins/com.st.stm32cube.ide.mcu.externaltools.gnu-tools-for-stm32.7-2018-q2-update.win32_1.5.0.202011040924/tools/bin/../lib/gcc/arm-none-eabi/7.3.1/thumb/v6-m\libgcc.a
LOAD c:/st/stm32cubeide_1.5.1/stm32cubeide/plugins/com.st.stm32cube.ide.mcu.externaltools.gnu-tools-for-stm32.7-2018-q2-update.win32_1.5.0.202011040924/tools/bin/../lib/gcc/arm-none-eabi/7.3.1/../../../../arm-none-eabi/lib/thumb/v6-m\libc.a
END GROUP
START GROUP
LOAD c:/st/stm32cubeide_1.5.1/stm32cubeide/plugins/com.st.stm32cube.ide.mcu.externaltools.gnu-tools-for-stm32.7-2018-q2-update.win32_1.5.0.202011040924/tools/bin/../lib/gcc/arm-none-eabi/7.3.1/thumb/v6-m\libgcc.a
LOAD c:/st/stm32cubeide_1.5.1/stm32cubeide/plugins/com.st.stm32cube.ide.mcu.externaltools.gnu-tools-for-stm32.7-2018-q2-update.win32_1.5.0.202011040924/tools/bin/../lib/gcc/arm-none-eabi/7.3.1/../../../../arm-none-eabi/lib/thumb/v6-m\libc.a
LOAD c:/st/stm32cubeide_1.5.1/stm32cubeide/plugins/com.st.stm32cube.ide.mcu.externaltools.gnu-tools-for-stm32.7-2018-q2-update.win32_1.5.0.202011040924/tools/bin/../lib/gcc/arm-none-eabi/7.3.1/../../../../arm-none-eabi/lib/thumb/v6-m\libnosys.a
END GROUP
LOAD c:/st/stm32cubeide_1.5.1/stm32cubeide/plugins/com.st.stm32cube.ide.mcu.externaltools.gnu-tools-for-stm32.7-2018-q2-update.win32_1.5.0.202011040924/tools/bin/../lib/gcc/arm-none-eabi/7.3.1/thumb/v6-m/crtend.o
LOAD c:/st/stm32cubeide_1.5.1/stm32cubeide/plugins/com.st.stm32cube.ide.mcu.externaltools.gnu-tools-for-stm32.7-2018-q2-update.win32_1.5.0.202011040924/tools/bin/../lib/gcc/arm-none-eabi/7.3.1/thumb/v6-m/crtn.o
                0x0000000020008000                _estack = 0x20008000
                0x0000000000000200                _Min_Heap_Size = 0x200
                0x0000000000000400                _Min_Stack_Size = 0x400

.isr_vector     0x0000000008000000       0xbc
                0x0000000008000000                . = ALIGN (0x4)
 *(.isr_vector)
 .isr_vector    0x0000000008000000       0xbc H23Rx\startup_stm32f091xc.o
                0x0000000008000000                g_pfnVectors
                0x00000000080000bc                . = ALIGN (0x4)

.text           0x00000000080000bc    0x180b8
                0x00000000080000bc                . = ALIGN (0x4)
 *(.text)
 .text          0x00000000080000bc       0x48 c:/st/stm32cubeide_1.5.1/stm32cubeide/plugins/com.st.stm32cube.ide.mcu.externaltools.gnu-tools-for-stm32.7-2018-q2-update.win32_1.5.0.202011040924/tools/bin/../lib/gcc/arm-none-eabi/7.3.1/thumb/v6-m/crtbegin.o
 .text          0x0000000008000104       0x14 c:/st/stm32cubeide_1.5.1/stm32cubeide/plugins/com.st.stm32cube.ide.mcu.externaltools.gnu-tools-for-stm32.7-2018-q2-update.win32_1.5.0.202011040924/tools/bin/../lib/gcc/arm-none-eabi/7.3.1/../../../../arm-none-eabi/lib/thumb/v6-m\libc.a(lib_a-strcmp.o)
                0x0000000008000104                strcmp
 .text          0x0000000008000118        0xe c:/st/stm32cubeide_1.5.1/stm32cubeide/plugins/com.st.stm32cube.ide.mcu.externaltools.gnu-tools-for-stm32.7-2018-q2-update.win32_1.5.0.202011040924/tools/bin/../lib/gcc/arm-none-eabi/7.3.1/../../../../arm-none-eabi/lib/thumb/v6-m\libc.a(lib_a-strlen.o)
                0x0000000008000118                strlen
 *fill*         0x0000000008000126        0x2 
 .text          0x0000000008000128       0x14 c:/st/stm32cubeide_1.5.1/stm32cubeide/plugins/com.st.stm32cube.ide.mcu.externaltools.gnu-tools-for-stm32.7-2018-q2-update.win32_1.5.0.202011040924/tools/bin/../lib/gcc/arm-none-eabi/7.3.1/thumb/v6-m\libgcc.a(_thumb1_case_uqi.o)
                0x0000000008000128                __gnu_thumb1_case_uqi
 .text          0x000000000800013c       0x14 c:/st/stm32cubeide_1.5.1/stm32cubeide/plugins/com.st.stm32cube.ide.mcu.externaltools.gnu-tools-for-stm32.7-2018-q2-update.win32_1.5.0.202011040924/tools/bin/../lib/gcc/arm-none-eabi/7.3.1/thumb/v6-m\libgcc.a(_thumb1_case_shi.o)
                0x000000000800013c                __gnu_thumb1_case_shi
 .text          0x0000000008000150      0x114 c:/st/stm32cubeide_1.5.1/stm32cubeide/plugins/com.st.stm32cube.ide.mcu.externaltools.gnu-tools-for-stm32.7-2018-q2-update.win32_1.5.0.202011040924/tools/bin/../lib/gcc/arm-none-eabi/7.3.1/thumb/v6-m\libgcc.a(_udivsi3.o)
                0x0000000008000150                __aeabi_uidiv
                0x0000000008000150                __udivsi3
                0x000000000800025c                __aeabi_uidivmod
 .text          0x0000000008000264      0x1d4 c:/st/stm32cubeide_1.5.1/stm32cubeide/plugins/com.st.stm32cube.ide.mcu.externaltools.gnu-tools-for-stm32.7-2018-q2-update.win32_1.5.0.202011040924/tools/bin/../lib/gcc/arm-none-eabi/7.3.1/thumb/v6-m\libgcc.a(_divsi3.o)
                0x0000000008000264                __divsi3
                0x0000000008000264                __aeabi_idiv
                0x0000000008000430                __aeabi_idivmod
 .text          0x0000000008000438        0x4 c:/st/stm32cubeide_1.5.1/stm32cubeide/plugins/com.st.stm32cube.ide.mcu.externaltools.gnu-tools-for-stm32.7-2018-q2-update.win32_1.5.0.202011040924/tools/bin/../lib/gcc/arm-none-eabi/7.3.1/thumb/v6-m\libgcc.a(_dvmd_tls.o)
                0x0000000008000438                __aeabi_idiv0
                0x0000000008000438                __aeabi_ldiv0
 .text          0x000000000800043c       0x7c c:/st/stm32cubeide_1.5.1/stm32cubeide/plugins/com.st.stm32cube.ide.mcu.externaltools.gnu-tools-for-stm32.7-2018-q2-update.win32_1.5.0.202011040924/tools/bin/../lib/gcc/arm-none-eabi/7.3.1/thumb/v6-m\libgcc.a(_arm_cmpdf2.o)
                0x000000000800043c                __aeabi_cdrcmple
                0x000000000800044c                __aeabi_cdcmple
                0x000000000800044c                __aeabi_cdcmpeq
                0x000000000800045c                __aeabi_dcmpeq
                0x0000000008000468                __aeabi_dcmplt
                0x000000000800047c                __aeabi_dcmple
                0x0000000008000490                __aeabi_dcmpgt
                0x00000000080004a4                __aeabi_dcmpge
 .text          0x00000000080004b8       0x74 c:/st/stm32cubeide_1.5.1/stm32cubeide/plugins/com.st.stm32cube.ide.mcu.externaltools.gnu-tools-for-stm32.7-2018-q2-update.win32_1.5.0.202011040924/tools/bin/../lib/gcc/arm-none-eabi/7.3.1/thumb/v6-m\libgcc.a(_arm_cmpsf2.o)
                0x00000000080004b8                __aeabi_cfrcmple
                0x00000000080004c0                __aeabi_cfcmpeq
                0x00000000080004c0                __aeabi_cfcmple
                0x00000000080004d0                __aeabi_fcmpeq
                0x00000000080004dc                __aeabi_fcmplt
                0x00000000080004f0                __aeabi_fcmple
                0x0000000008000504                __aeabi_fcmpgt
                0x0000000008000518                __aeabi_fcmpge
 .text          0x000000000800052c       0x40 c:/st/stm32cubeide_1.5.1/stm32cubeide/plugins/com.st.stm32cube.ide.mcu.externaltools.gnu-tools-for-stm32.7-2018-q2-update.win32_1.5.0.202011040924/tools/bin/../lib/gcc/arm-none-eabi/7.3.1/thumb/v6-m\libgcc.a(_aeabi_uldivmod.o)
                0x000000000800052c                __aeabi_uldivmod
 .text          0x000000000800056c       0x54 c:/st/stm32cubeide_1.5.1/stm32cubeide/plugins/com.st.stm32cube.ide.mcu.externaltools.gnu-tools-for-stm32.7-2018-q2-update.win32_1.5.0.202011040924/tools/bin/../lib/gcc/arm-none-eabi/7.3.1/thumb/v6-m\libgcc.a(_muldi3.o)
                0x000000000800056c                __muldi3
                0x000000000800056c                __aeabi_lmul
 .text          0x00000000080005c0       0x30 c:/st/stm32cubeide_1.5.1/stm32cubeide/plugins/com.st.stm32cube.ide.mcu.externaltools.gnu-tools-for-stm32.7-2018-q2-update.win32_1.5.0.202011040924/tools/bin/../lib/gcc/arm-none-eabi/7.3.1/thumb/v6-m\libgcc.a(_fixunssfsi.o)
                0x00000000080005c0                __fixunssfsi
                0x00000000080005c0                __aeabi_f2uiz
 .text          0x00000000080005f0       0x3c c:/st/stm32cubeide_1.5.1/stm32cubeide/plugins/com.st.stm32cube.ide.mcu.externaltools.gnu-tools-for-stm32.7-2018-q2-update.win32_1.5.0.202011040924/tools/bin/../lib/gcc/arm-none-eabi/7.3.1/thumb/v6-m\libgcc.a(_fixunsdfsi.o)
                0x00000000080005f0                __aeabi_d2uiz
                0x00000000080005f0                __fixunsdfsi
 .text          0x000000000800062c      0x184 c:/st/stm32cubeide_1.5.1/stm32cubeide/plugins/com.st.stm32cube.ide.mcu.externaltools.gnu-tools-for-stm32.7-2018-q2-update.win32_1.5.0.202011040924/tools/bin/../lib/gcc/arm-none-eabi/7.3.1/thumb/v6-m\libgcc.a(_udivmoddi4.o)
                0x000000000800062c                __udivmoddi4
 .text          0x00000000080007b0       0x50 c:/st/stm32cubeide_1.5.1/stm32cubeide/plugins/com.st.stm32cube.ide.mcu.externaltools.gnu-tools-for-stm32.7-2018-q2-update.win32_1.5.0.202011040924/tools/bin/../lib/gcc/arm-none-eabi/7.3.1/thumb/v6-m\libgcc.a(eqsf2.o)
                0x00000000080007b0                __eqsf2
                0x00000000080007b0                __nesf2
 .text          0x0000000008000800       0x9c c:/st/stm32cubeide_1.5.1/stm32cubeide/plugins/com.st.stm32cube.ide.mcu.externaltools.gnu-tools-for-stm32.7-2018-q2-update.win32_1.5.0.202011040924/tools/bin/../lib/gcc/arm-none-eabi/7.3.1/thumb/v6-m\libgcc.a(gesf2.o)
                0x0000000008000800                __gesf2
                0x0000000008000800                __gtsf2
 .text          0x000000000800089c       0xa0 c:/st/stm32cubeide_1.5.1/stm32cubeide/plugins/com.st.stm32cube.ide.mcu.externaltools.gnu-tools-for-stm32.7-2018-q2-update.win32_1.5.0.202011040924/tools/bin/../lib/gcc/arm-none-eabi/7.3.1/thumb/v6-m\libgcc.a(lesf2.o)
                0x000000000800089c                __ltsf2
                0x000000000800089c                __lesf2
 .text          0x000000000800093c      0x264 c:/st/stm32cubeide_1.5.1/stm32cubeide/plugins/com.st.stm32cube.ide.mcu.externaltools.gnu-tools-for-stm32.7-2018-q2-update.win32_1.5.0.202011040924/tools/bin/../lib/gcc/arm-none-eabi/7.3.1/thumb/v6-m\libgcc.a(mulsf3.o)
                0x000000000800093c                __aeabi_fmul
 .text          0x0000000008000ba0      0x388 c:/st/stm32cubeide_1.5.1/stm32cubeide/plugins/com.st.stm32cube.ide.mcu.externaltools.gnu-tools-for-stm32.7-2018-q2-update.win32_1.5.0.202011040924/tools/bin/../lib/gcc/arm-none-eabi/7.3.1/thumb/v6-m\libgcc.a(subsf3.o)
                0x0000000008000ba0                __aeabi_fsub
 .text          0x0000000008000f28       0x40 c:/st/stm32cubeide_1.5.1/stm32cubeide/plugins/com.st.stm32cube.ide.mcu.externaltools.gnu-tools-for-stm32.7-2018-q2-update.win32_1.5.0.202011040924/tools/bin/../lib/gcc/arm-none-eabi/7.3.1/thumb/v6-m\libgcc.a(fixsfsi.o)
                0x0000000008000f28                __aeabi_f2iz
 .text          0x0000000008000f68       0x80 c:/st/stm32cubeide_1.5.1/stm32cubeide/plugins/com.st.stm32cube.ide.mcu.externaltools.gnu-tools-for-stm32.7-2018-q2-update.win32_1.5.0.202011040924/tools/bin/../lib/gcc/arm-none-eabi/7.3.1/thumb/v6-m\libgcc.a(floatunsisf.o)
                0x0000000008000f68                __aeabi_ui2f
 .text          0x0000000008000fe8      0x638 c:/st/stm32cubeide_1.5.1/stm32cubeide/plugins/com.st.stm32cube.ide.mcu.externaltools.gnu-tools-for-stm32.7-2018-q2-update.win32_1.5.0.202011040924/tools/bin/../lib/gcc/arm-none-eabi/7.3.1/thumb/v6-m\libgcc.a(adddf3.o)
                0x0000000008000fe8                __aeabi_dadd
 .text          0x0000000008001620      0x604 c:/st/stm32cubeide_1.5.1/stm32cubeide/plugins/com.st.stm32cube.ide.mcu.externaltools.gnu-tools-for-stm32.7-2018-q2-update.win32_1.5.0.202011040924/tools/bin/../lib/gcc/arm-none-eabi/7.3.1/thumb/v6-m\libgcc.a(divdf3.o)
                0x0000000008001620                __aeabi_ddiv
 .text          0x0000000008001c24       0x78 c:/st/stm32cubeide_1.5.1/stm32cubeide/plugins/com.st.stm32cube.ide.mcu.externaltools.gnu-tools-for-stm32.7-2018-q2-update.win32_1.5.0.202011040924/tools/bin/../lib/gcc/arm-none-eabi/7.3.1/thumb/v6-m\libgcc.a(eqdf2.o)
                0x0000000008001c24                __nedf2
                0x0000000008001c24                __eqdf2
 .text          0x0000000008001c9c       0xc8 c:/st/stm32cubeide_1.5.1/stm32cubeide/plugins/com.st.stm32cube.ide.mcu.externaltools.gnu-tools-for-stm32.7-2018-q2-update.win32_1.5.0.202011040924/tools/bin/../lib/gcc/arm-none-eabi/7.3.1/thumb/v6-m\libgcc.a(gedf2.o)
                0x0000000008001c9c                __gedf2
                0x0000000008001c9c                __gtdf2
 .text          0x0000000008001d64       0xd0 c:/st/stm32cubeide_1.5.1/stm32cubeide/plugins/com.st.stm32cube.ide.mcu.externaltools.gnu-tools-for-stm32.7-2018-q2-update.win32_1.5.0.202011040924/tools/bin/../lib/gcc/arm-none-eabi/7.3.1/thumb/v6-m\libgcc.a(ledf2.o)
                0x0000000008001d64                __ledf2
                0x0000000008001d64                __ltdf2
 .text          0x0000000008001e34      0x4e4 c:/st/stm32cubeide_1.5.1/stm32cubeide/plugins/com.st.stm32cube.ide.mcu.externaltools.gnu-tools-for-stm32.7-2018-q2-update.win32_1.5.0.202011040924/tools/bin/../lib/gcc/arm-none-eabi/7.3.1/thumb/v6-m\libgcc.a(muldf3.o)
                0x0000000008001e34                __aeabi_dmul
 .text          0x0000000008002318      0x690 c:/st/stm32cubeide_1.5.1/stm32cubeide/plugins/com.st.stm32cube.ide.mcu.externaltools.gnu-tools-for-stm32.7-2018-q2-update.win32_1.5.0.202011040924/tools/bin/../lib/gcc/arm-none-eabi/7.3.1/thumb/v6-m\libgcc.a(subdf3.o)
                0x0000000008002318                __aeabi_dsub
 .text          0x00000000080029a8       0x38 c:/st/stm32cubeide_1.5.1/stm32cubeide/plugins/com.st.stm32cube.ide.mcu.externaltools.gnu-tools-for-stm32.7-2018-q2-update.win32_1.5.0.202011040924/tools/bin/../lib/gcc/arm-none-eabi/7.3.1/thumb/v6-m\libgcc.a(unorddf2.o)
                0x00000000080029a8                __aeabi_dcmpun
 .text          0x00000000080029e0       0x6c c:/st/stm32cubeide_1.5.1/stm32cubeide/plugins/com.st.stm32cube.ide.mcu.externaltools.gnu-tools-for-stm32.7-2018-q2-update.win32_1.5.0.202011040924/tools/bin/../lib/gcc/arm-none-eabi/7.3.1/thumb/v6-m\libgcc.a(fixdfsi.o)
                0x00000000080029e0                __aeabi_d2iz
 .text          0x0000000008002a4c       0x74 c:/st/stm32cubeide_1.5.1/stm32cubeide/plugins/com.st.stm32cube.ide.mcu.externaltools.gnu-tools-for-stm32.7-2018-q2-update.win32_1.5.0.202011040924/tools/bin/../lib/gcc/arm-none-eabi/7.3.1/thumb/v6-m\libgcc.a(floatsidf.o)
                0x0000000008002a4c                __aeabi_i2d
 .text          0x0000000008002ac0       0x64 c:/st/stm32cubeide_1.5.1/stm32cubeide/plugins/com.st.stm32cube.ide.mcu.externaltools.gnu-tools-for-stm32.7-2018-q2-update.win32_1.5.0.202011040924/tools/bin/../lib/gcc/arm-none-eabi/7.3.1/thumb/v6-m\libgcc.a(floatunsidf.o)
                0x0000000008002ac0                __aeabi_ui2d
 .text          0x0000000008002b24       0xa4 c:/st/stm32cubeide_1.5.1/stm32cubeide/plugins/com.st.stm32cube.ide.mcu.externaltools.gnu-tools-for-stm32.7-2018-q2-update.win32_1.5.0.202011040924/tools/bin/../lib/gcc/arm-none-eabi/7.3.1/thumb/v6-m\libgcc.a(extendsfdf2.o)
                0x0000000008002b24                __aeabi_f2d
 .text          0x0000000008002bc8      0x108 c:/st/stm32cubeide_1.5.1/stm32cubeide/plugins/com.st.stm32cube.ide.mcu.externaltools.gnu-tools-for-stm32.7-2018-q2-update.win32_1.5.0.202011040924/tools/bin/../lib/gcc/arm-none-eabi/7.3.1/thumb/v6-m\libgcc.a(truncdfsf2.o)
                0x0000000008002bc8                __aeabi_d2f
 .text          0x0000000008002cd0       0x3c c:/st/stm32cubeide_1.5.1/stm32cubeide/plugins/com.st.stm32cube.ide.mcu.externaltools.gnu-tools-for-stm32.7-2018-q2-update.win32_1.5.0.202011040924/tools/bin/../lib/gcc/arm-none-eabi/7.3.1/thumb/v6-m\libgcc.a(_clzsi2.o)
                0x0000000008002cd0                __clzsi2
 .text          0x0000000008002d0c       0x18 c:/st/stm32cubeide_1.5.1/stm32cubeide/plugins/com.st.stm32cube.ide.mcu.externaltools.gnu-tools-for-stm32.7-2018-q2-update.win32_1.5.0.202011040924/tools/bin/../lib/gcc/arm-none-eabi/7.3.1/thumb/v6-m\libgcc.a(_clzdi2.o)
                0x0000000008002d0c                __clzdi2
 *(.text*)
 .text.LoadROtopology
                0x0000000008002d24       0xa0 BOS\BOS.o
                0x0000000008002d24                LoadROtopology
 .text.LoadEEportsDir
                0x0000000008002dc4       0x4c BOS\BOS.o
                0x0000000008002dc4                LoadEEportsDir
 .text.LoadEEalias
                0x0000000008002e10       0x80 BOS\BOS.o
                0x0000000008002e10                LoadEEalias
 .text.LoadEEgroup
                0x0000000008002e90       0xa4 BOS\BOS.o
                0x0000000008002e90                LoadEEgroup
 .text.LoadEEstreams
                0x0000000008002f34      0x120 BOS\BOS.o
                0x0000000008002f34                LoadEEstreams
 .text.LoadEEparams
                0x0000000008003054      0x17c BOS\BOS.o
                0x0000000008003054                LoadEEparams
 .text.LoadEEbuttons
                0x00000000080031d0      0x104 BOS\BOS.o
                0x00000000080031d0                LoadEEbuttons
 .text.LoadROsnippets
                0x00000000080032d4      0x110 BOS\BOS.o
                0x00000000080032d4                LoadROsnippets
 .text.LoadEEvars
                0x00000000080033e4       0x24 BOS\BOS.o
                0x00000000080033e4                LoadEEvars
 .text.SaveEEportsDir
                0x0000000008003408       0x50 BOS\BOS.o
                0x0000000008003408                SaveEEportsDir
 .text.SaveEEalias
                0x0000000008003458       0x88 BOS\BOS.o
                0x0000000008003458                SaveEEalias
 .text.SaveEEstreams
                0x00000000080034e0       0x90 BOS\BOS.o
                0x00000000080034e0                SaveEEstreams
 .text.SaveEEparams
                0x0000000008003570       0x88 BOS\BOS.o
                0x0000000008003570                SaveEEparams
 .text.ClearEEportsDir
                0x00000000080035f8       0x58 BOS\BOS.o
                0x00000000080035f8                ClearEEportsDir
 .text.IsLowerCLIbaud
                0x0000000008003650       0x94 BOS\BOS.o
                0x0000000008003650                IsLowerCLIbaud
 .text.SetupPortForRemoteBootloaderUpdate
                0x00000000080036e4       0x2c BOS\BOS.o
                0x00000000080036e4                SetupPortForRemoteBootloaderUpdate
 .text.IsModuleParameter
                0x0000000008003710       0x18 BOS\BOS.o
                0x0000000008003710                IsModuleParameter
 .text.IsMathOperator
                0x0000000008003728       0xb0 BOS\BOS.o
                0x0000000008003728                IsMathOperator
 .text.ExploreNeighbors
                0x00000000080037d8       0x58 BOS\BOS.o
                0x00000000080037d8                ExploreNeighbors
 .text.FindBroadcastRoutes
                0x0000000008003830      0x150 BOS\BOS.o
                0x0000000008003830                FindBroadcastRoutes
 .text.FindRoute
                0x0000000008003980      0x1c0 BOS\BOS.o
                0x0000000008003980                FindRoute
 .text.remoteBootloaderUpdate
                0x0000000008003b40      0x11c BOS\BOS.o
                0x0000000008003b40                remoteBootloaderUpdate
 .text.DisplayTopology
                0x0000000008003c5c      0x1a8 BOS\BOS.o
                0x0000000008003c5c                DisplayTopology
 .text.DisplayPortsDir
                0x0000000008003e04       0xf4 BOS\BOS.o
                0x0000000008003e04                DisplayPortsDir
 .text.DisplayModuleStatus
                0x0000000008003ef8      0x2e8 BOS\BOS.o
                0x0000000008003ef8                DisplayModuleStatus
 .text.GetID    0x00000000080041e0       0xc0 BOS\BOS.o
                0x00000000080041e0                GetID
 .text.NameModule
                0x00000000080042a0       0xd4 BOS\BOS.o
                0x00000000080042a0                NameModule
 .text.AddModuleToGroup
                0x0000000008004374      0x11c BOS\BOS.o
                0x0000000008004374                AddModuleToGroup
 .text.ReadPortsDir
                0x0000000008004490       0xc4 BOS\BOS.o
                0x0000000008004490                ReadPortsDir
 .text.UpdateMyPortsDir
                0x0000000008004554       0x64 BOS\BOS.o
                0x0000000008004554                UpdateMyPortsDir
 .text.BOS_Init
                0x00000000080045b8      0x138 BOS\BOS.o
                0x00000000080045b8                BOS_Init
 .text.Module_Init
                0x00000000080046f0       0x18 BOS\BOS.o
                0x00000000080046f0                Module_Init
 .text.WriteToRemote
                0x0000000008004708      0x230 BOS\BOS.o
                0x0000000008004708                WriteToRemote
 .text.GetDateString
                0x0000000008004938       0x3c BOS\BOS.o
                0x0000000008004938                GetDateString
 .text.Bridge   0x0000000008004974       0x28 BOS\BOS.o
                0x0000000008004974                Bridge
 .text.Unbridge
                0x000000000800499c       0x70 BOS\BOS.o
                0x000000000800499c                Unbridge
 .text.AddSnippet.part.0
                0x0000000008004a0c       0xb0 BOS\BOS_CLI.o
 .text.StringToLowerCase
                0x0000000008004abc       0x28 BOS\BOS_CLI.o
                0x0000000008004abc                StringToLowerCase
 .text.ParseSnippetCondition
                0x0000000008004ae4      0x3c8 BOS\BOS_CLI.o
                0x0000000008004ae4                ParseSnippetCondition
 .text.CLI_CommandParser
                0x0000000008004eac      0x444 BOS\BOS_CLI.o
                0x0000000008004eac                CLI_CommandParser
 .text.prvCLITask
                0x00000000080052f0      0x1e0 BOS\BOS_CLI.o
                0x00000000080052f0                prvCLITask
 .text.ParseSnippetCommand
                0x00000000080054d0       0x78 BOS\BOS_CLI.o
                0x00000000080054d0                ParseSnippetCommand
 .text.CheckSnippetCondition
                0x0000000008005548       0xd0 BOS\BOS_CLI.o
                0x0000000008005548                CheckSnippetCondition
 .text.ExecuteSnippet
                0x0000000008005618       0xb4 BOS\BOS_CLI.o
                0x0000000008005618                ExecuteSnippet
 .text.exploreCommand
                0x00000000080056cc        0x4 BOS\BOS_CLIcommands.o
 .text.setBaudrateCommand
                0x00000000080056d0       0x80 BOS\BOS_CLIcommands.o
 .text.flashsizeCommand
                0x0000000008005750       0x20 BOS\BOS_CLIcommands.o
 .text.GetReadPrecentageCommand
                0x0000000008005770       0x60 BOS\BOS_CLIcommands.o
 .text.ReadVrefCommand
                0x00000000080057d0       0x40 BOS\BOS_CLIcommands.o
 .text.ReadTempCommand
                0x0000000008005810       0x40 BOS\BOS_CLIcommands.o
 .text.ADCReadCommand
                0x0000000008005850       0xb8 BOS\BOS_CLIcommands.o
 .text.testportCommand
                0x0000000008005908      0x1b8 BOS\BOS_CLIcommands.o
 .text.unbridgeCommand
                0x0000000008005ac0       0xb0 BOS\BOS_CLIcommands.o
 .text.bridgeCommand
                0x0000000008005b70       0xb0 BOS\BOS_CLIcommands.o
 .text.delSnipCommand
                0x0000000008005c20       0xec BOS\BOS_CLIcommands.o
 .text.pauseSnipCommand
                0x0000000008005d0c       0x6c BOS\BOS_CLIcommands.o
 .text.actSnipCommand
                0x0000000008005d78       0x70 BOS\BOS_CLIcommands.o
 .text.snipCommand
                0x0000000008005de8      0x214 BOS\BOS_CLIcommands.o
 .text.idcodeCommand
                0x0000000008005ffc       0xa8 BOS\BOS_CLIcommands.o
 .text.dateCommand
                0x00000000080060a4       0x24 BOS\BOS_CLIcommands.o
 .text.getCommand
                0x00000000080060c8      0x238 BOS\BOS_CLIcommands.o
 .text.defaultCommand
                0x0000000008006300       0xbc BOS\BOS_CLIcommands.o
 .text.setCommand
                0x00000000080063bc      0x7d4 BOS\BOS_CLIcommands.o
 .text.removebuttonCommand
                0x0000000008006b90       0x54 BOS\BOS_CLIcommands.o
 .text.addbuttonCommand
                0x0000000008006be4       0xd0 BOS\BOS_CLIcommands.o
 .text.scastCommand
                0x0000000008006cb4      0x194 BOS\BOS_CLIcommands.o
 .text.infoCommand
                0x0000000008006e48       0xac BOS\BOS_CLIcommands.o
 .text.statusCommand
                0x0000000008006ef4       0x14 BOS\BOS_CLIcommands.o
 .text.groupCommand
                0x0000000008006f08      0x1ac BOS\BOS_CLIcommands.o
 .text.nameCommand
                0x00000000080070b4       0x90 BOS\BOS_CLIcommands.o
 .text.bootloaderUpdateCommand
                0x0000000008007144      0x180 BOS\BOS_CLIcommands.o
 .text.pingCommand
                0x00000000080072c4       0x64 BOS\BOS_CLIcommands.o
 .text.prvRunTimeStatsCommand
                0x0000000008007328       0x24 BOS\BOS_CLIcommands.o
 .text.prvTaskStatsCommand
                0x000000000800734c       0x24 BOS\BOS_CLIcommands.o
 .text.uuidCommand
                0x0000000008007370       0x6c BOS\BOS_CLIcommands.o
 .text.timeCommand
                0x00000000080073dc       0x7c BOS\BOS_CLIcommands.o
 .text.resetCommand
                0x0000000008007458       0x24 BOS\BOS_CLIcommands.o
 .text.RegisterUserCLICommands
                0x000000000800747c        0x4 BOS\BOS_CLIcommands.o
                0x000000000800747c                RegisterUserCLICommands
 .text.vRegisterCLICommands
                0x0000000008007480      0x130 BOS\BOS_CLIcommands.o
                0x0000000008007480                vRegisterCLICommands
 .text.StopStreamDMA
                0x00000000080075b0       0x2c BOS\BOS_dma.o
                0x00000000080075b0                StopStreamDMA
 .text.SwitchMsgDMAToStream
                0x00000000080075dc       0x2c BOS\BOS_dma.o
                0x00000000080075dc                SwitchMsgDMAToStream
 .text.SwitchStreamDMAToMsg
                0x0000000008007608       0x74 BOS\BOS_dma.o
                0x0000000008007608                SwitchStreamDMAToMsg
 .text.StartDMAstream
                0x000000000800767c       0x54 BOS\BOS_dma.o
                0x000000000800767c                StartDMAstream
 .text.DMA_IRQHandler
                0x00000000080076d0       0x80 BOS\BOS_dma.o
                0x00000000080076d0                DMA_IRQHandler
 .text.ResetUartORE
                0x0000000008007750       0x38 BOS\BOS_dma.o
                0x0000000008007750                ResetUartORE
 .text.EE_VerifyPageFullWriteVariable
                0x0000000008007788       0xbc BOS\BOS_eeprom.o
 .text.EE_ReadVariable
                0x0000000008007844       0x60 BOS\BOS_eeprom.o
                0x0000000008007844                EE_ReadVariable
 .text.EE_WriteVariable
                0x00000000080078a4      0x12c BOS\BOS_eeprom.o
                0x00000000080078a4                EE_WriteVariable
 .text.EE_Format
                0x00000000080079d0       0xa0 BOS\BOS_eeprom.o
                0x00000000080079d0                EE_Format
 .text.EE_Init  0x0000000008007a70      0x2b0 BOS\BOS_eeprom.o
                0x0000000008007a70                EE_Init
 .text.MX_FREERTOS_Init
                0x0000000008007d20      0x1f0 BOS\BOS_freertos.o
                0x0000000008007d20                MX_FREERTOS_Init
 .text.ExecuteMonitor
                0x0000000008007f10      0x400 BOS\BOS_freertos.o
                0x0000000008007f10                ExecuteMonitor
 .text.StartDefaultTask
                0x0000000008008310       0x88 BOS\BOS_freertos.o
                0x0000000008008310                StartDefaultTask
 .text.vMainConfigureTimerForRunTimeStats
                0x0000000008008398       0x20 BOS\BOS_freertos.o
                0x0000000008008398                vMainConfigureTimerForRunTimeStats
 .text.ulMainGetRunTimeCounterValue
                0x00000000080083b8       0x50 BOS\BOS_freertos.o
                0x00000000080083b8                ulMainGetRunTimeCounterValue
 .text.buttonPressedCallback
                0x0000000008008408        0x4 BOS\BOS_inputs.o
                0x0000000008008408                buttonPressedCallback
 .text.AddPortButton
                0x000000000800840c       0xf4 BOS\BOS_inputs.o
                0x000000000800840c                AddPortButton
 .text.RemovePortButton
                0x0000000008008500      0x120 BOS\BOS_inputs.o
                0x0000000008008500                RemovePortButton
 .text.SetButtonEvents
                0x0000000008008620      0x23c BOS\BOS_inputs.o
                0x0000000008008620                SetButtonEvents
 .text.MX_ADC_Init
                0x000000000800885c       0x54 BOS\BOS_inputs.o
                0x000000000800885c                MX_ADC_Init
 .text.HAL_ADC_MspInit
                0x00000000080088b0       0x60 BOS\BOS_inputs.o
                0x00000000080088b0                HAL_ADC_MspInit
 .text.ReadTempAndVref
                0x0000000008008910      0x19c BOS\BOS_inputs.o
                0x0000000008008910                ReadTempAndVref
 .text.GetReadPrecentage
                0x0000000008008aac      0x1b0 BOS\BOS_inputs.o
                0x0000000008008aac                GetReadPrecentage
 .text.Get_Rank
                0x0000000008008c5c       0x58 BOS\BOS_inputs.o
                0x0000000008008c5c                Get_Rank
 .text.ADCSelectChannel
                0x0000000008008cb4       0xb0 BOS\BOS_inputs.o
                0x0000000008008cb4                ADCSelectChannel
 .text.ReadADCChannel
                0x0000000008008d64      0x114 BOS\BOS_inputs.o
                0x0000000008008d64                ReadADCChannel
 .text.buttonReleasedCallback
                0x0000000008008e78        0x4 BOS\BOS_inputs.o
                0x0000000008008e78                buttonReleasedCallback
 .text.buttonClickedCallback
                0x0000000008008e7c        0x4 BOS\BOS_inputs.o
                0x0000000008008e7c                buttonClickedCallback
 .text.buttonDblClickedCallback
                0x0000000008008e80        0x4 BOS\BOS_inputs.o
                0x0000000008008e80                buttonDblClickedCallback
 .text.buttonPressedForXCallback
                0x0000000008008e84        0x4 BOS\BOS_inputs.o
                0x0000000008008e84                buttonPressedForXCallback
 .text.buttonReleasedForYCallback
                0x0000000008008e88        0x4 BOS\BOS_inputs.o
                0x0000000008008e88                buttonReleasedForYCallback
 .text.CheckAttachedButtons
                0x0000000008008e8c      0x54c BOS\BOS_inputs.o
                0x0000000008008e8c                CheckAttachedButtons
 .text.StreamTimerCallback
                0x00000000080093d8       0x18 BOS\BOS_messaging.o
                0x00000000080093d8                StreamTimerCallback
 .text.SetupDMAStreams
                0x00000000080093f0      0x198 BOS\BOS_messaging.o
                0x00000000080093f0                SetupDMAStreams
 .text.NotifyMessagingTask
                0x0000000008009588       0x50 BOS\BOS_messaging.o
                0x0000000008009588                NotifyMessagingTask
 .text.SendMessageFromPort
                0x00000000080095d8       0x38 BOS\BOS_messaging.o
                0x00000000080095d8                SendMessageFromPort
 .text.SendMessageFromPort.part.0
                0x0000000008009610      0x3c0 BOS\BOS_messaging.o
 .text.BroadcastReceivedMessage
                0x00000000080099d0       0x3c BOS\BOS_messaging.o
                0x00000000080099d0                BroadcastReceivedMessage
 .text.BroadcastMessage
                0x0000000008009a0c       0x4c BOS\BOS_messaging.o
                0x0000000008009a0c                BroadcastMessage
 .text.ForwardReceivedMessage
                0x0000000008009a58       0x40 BOS\BOS_messaging.o
                0x0000000008009a58                ForwardReceivedMessage
 .text.SendMessageToModule
                0x0000000008009a98       0x48 BOS\BOS_messaging.o
                0x0000000008009a98                SendMessageToModule
 .text.StartScastDMAStream
                0x0000000008009ae0      0x178 BOS\BOS_messaging.o
                0x0000000008009ae0                StartScastDMAStream
 .text.BackEndTask
                0x0000000008009c58      0x3ec BOS\BOS_msgparser.o
                0x0000000008009c58                BackEndTask
 .text.User_MessagingParser
                0x000000000800a044        0x4 BOS\BOS_msgparser.o
                0x000000000800a044                User_MessagingParser
 .text.PxMessagingTask
                0x000000000800a048     0x1404 BOS\BOS_msgparser.o
                0x000000000800a048                PxMessagingTask
 .text.btGetInfoCommand
                0x000000000800b44c       0x1c H23Rx\H23Rx.o
 .text.btSendMsgToModule.part.1
                0x000000000800b468       0x1c H23Rx\H23Rx.o
 .text.SystemClock_Config
                0x000000000800b484       0xb0 H23Rx\H23Rx.o
                0x000000000800b484                SystemClock_Config
 .text.SaveToRO
                0x000000000800b534      0x1f0 H23Rx\H23Rx.o
                0x000000000800b534                SaveToRO
 .text.ClearROtopology
                0x000000000800b724       0x2c H23Rx\H23Rx.o
                0x000000000800b724                ClearROtopology
 .text.RegisterModuleCLICommands
                0x000000000800b750       0x48 H23Rx\H23Rx.o
                0x000000000800b750                RegisterModuleCLICommands
 .text.btEnableHandshakeUart
                0x000000000800b798       0x40 H23Rx\H23Rx.o
                0x000000000800b798                btEnableHandshakeUart
 .text.btDisableHandshakeUart
                0x000000000800b7d8       0x44 H23Rx\H23Rx.o
                0x000000000800b7d8                btDisableHandshakeUart
 .text.btWaitEventFinishTransmission
                0x000000000800b81c       0x2c H23Rx\H23Rx.o
                0x000000000800b81c                btWaitEventFinishTransmission
 .text.btScanCommand
                0x000000000800b848       0xa0 H23Rx\H23Rx.o
 .text.btConnectCommand
                0x000000000800b8e8       0xec H23Rx\H23Rx.o
 .text.btSendMsgToTerminal
                0x000000000800b9d4       0x44 H23Rx\H23Rx.o
                0x000000000800b9d4                btSendMsgToTerminal
 .text.sendListBtcDevices
                0x000000000800ba18       0x84 H23Rx\H23Rx.o
                0x000000000800ba18                sendListBtcDevices
 .text.ControlBluetoothTask
                0x000000000800ba9c      0x1e4 H23Rx\H23Rx.o
                0x000000000800ba9c                ControlBluetoothTask
 .text.btSendCommandToBtc
                0x000000000800bc80       0x20 H23Rx\H23Rx.o
                0x000000000800bc80                btSendCommandToBtc
 .text.btDeleteScriptCommand
                0x000000000800bca0       0x34 H23Rx\H23Rx.o
 .text.btResetBt900Module
                0x000000000800bcd4       0x34 H23Rx\H23Rx.o
                0x000000000800bcd4                btResetBt900Module
 .text.btResetCommand
                0x000000000800bd08       0x20 H23Rx\H23Rx.o
 .text.btVspMode.part.2
                0x000000000800bd28       0x28 H23Rx\H23Rx.o
 .text.btVspMode
                0x000000000800bd50       0x3c H23Rx\H23Rx.o
                0x000000000800bd50                btVspMode
 .text.btVspModeCommand
                0x000000000800bd8c       0xa4 H23Rx\H23Rx.o
 .text.btDownloadScript.part.3
                0x000000000800be30       0x5c H23Rx\H23Rx.o
 .text.btDownloadScriptCommand
                0x000000000800be8c      0x110 H23Rx\H23Rx.o
 .text.btRunScript
                0x000000000800bf9c       0x28 H23Rx\H23Rx.o
                0x000000000800bf9c                btRunScript
 .text.btRunScriptCommand
                0x000000000800bfc4       0x20 H23Rx\H23Rx.o
 .text.Module_Peripheral_Init
                0x000000000800bfe4       0xa8 H23Rx\H23Rx.o
                0x000000000800bfe4                Module_Peripheral_Init
 .text.Module_MessagingTask
                0x000000000800c08c      0x16c H23Rx\H23Rx.o
                0x000000000800c08c                Module_MessagingTask
 .text.GetPort  0x000000000800c1f8       0x60 H23Rx\H23Rx.o
                0x000000000800c1f8                GetPort
 .text.DMA_Init
                0x000000000800c258      0x1bc H23Rx\H23Rx_dma.o
                0x000000000800c258                DMA_Init
 .text.DMA_MSG_RX_CH_Init
                0x000000000800c414       0x24 H23Rx\H23Rx_dma.o
                0x000000000800c414                DMA_MSG_RX_CH_Init
 .text.DMA_STREAM_CH_Init
                0x000000000800c438       0x20 H23Rx\H23Rx_dma.o
                0x000000000800c438                DMA_STREAM_CH_Init
 .text.SetupDMAInterrupts
                0x000000000800c458       0xb8 H23Rx\H23Rx_dma.o
                0x000000000800c458                SetupDMAInterrupts
 .text.UnSetupDMAInterrupts
                0x000000000800c510       0xa0 H23Rx\H23Rx_dma.o
                0x000000000800c510                UnSetupDMAInterrupts
 .text.DMA_MSG_TX_UnSetup
                0x000000000800c5b0       0x14 H23Rx\H23Rx_dma.o
                0x000000000800c5b0                DMA_MSG_TX_UnSetup
 .text.RemapAndLinkDMAtoUARTRx
                0x000000000800c5c4      0x5d0 H23Rx\H23Rx_dma.o
                0x000000000800c5c4                RemapAndLinkDMAtoUARTRx
 .text.DMA_MSG_RX_Setup
                0x000000000800cb94       0x34 H23Rx\H23Rx_dma.o
                0x000000000800cb94                DMA_MSG_RX_Setup
 .text.SetupMessagingRxDMAs
                0x000000000800cbc8       0x98 H23Rx\H23Rx_dma.o
                0x000000000800cbc8                SetupMessagingRxDMAs
 .text.DMA_STREAM_Setup
                0x000000000800cc60       0x40 H23Rx\H23Rx_dma.o
                0x000000000800cc60                DMA_STREAM_Setup
 .text.RemapAndLinkDMAtoUARTTx
                0x000000000800cca0      0x5d0 H23Rx\H23Rx_dma.o
                0x000000000800cca0                RemapAndLinkDMAtoUARTTx
 .text.DMA_MSG_TX_Setup
                0x000000000800d270       0x38 H23Rx\H23Rx_dma.o
                0x000000000800d270                DMA_MSG_TX_Setup
 .text.CRC_Init
                0x000000000800d2a8       0x28 H23Rx\H23Rx_dma.o
                0x000000000800d2a8                CRC_Init
 .text.HAL_CRC_MspInit
                0x000000000800d2d0       0x1c H23Rx\H23Rx_dma.o
                0x000000000800d2d0                HAL_CRC_MspInit
 .text.CalculateCRC8
                0x000000000800d2ec       0x3c H23Rx\H23Rx_dma.o
                0x000000000800d2ec                CalculateCRC8
 .text.GPIO_Init
                0x000000000800d328       0x84 H23Rx\H23Rx_gpio.o
                0x000000000800d328                GPIO_Init
 .text.BT_RST_GPIO_Init
                0x000000000800d3ac       0x28 H23Rx\H23Rx_gpio.o
                0x000000000800d3ac                BT_RST_GPIO_Init
 .text.GetPortGPIOs
                0x000000000800d3d4       0xdc H23Rx\H23Rx_gpio.o
                0x000000000800d3d4                GetPortGPIOs
 .text.IsFactoryReset
                0x000000000800d4b0       0xec H23Rx\H23Rx_gpio.o
                0x000000000800d4b0                IsFactoryReset
 .text.SysTick_Handler
                0x000000000800d59c        0xc H23Rx\H23Rx_it.o
                0x000000000800d59c                SysTick_Handler
 .text.HardFault_Handler
                0x000000000800d5a8        0x4 H23Rx\H23Rx_it.o
                0x000000000800d5a8                HardFault_Handler
 .text.USART1_IRQHandler
                0x000000000800d5ac       0x10 H23Rx\H23Rx_it.o
                0x000000000800d5ac                USART1_IRQHandler
 .text.USART2_IRQHandler
                0x000000000800d5bc       0x10 H23Rx\H23Rx_it.o
                0x000000000800d5bc                USART2_IRQHandler
 .text.USART3_8_IRQHandler
                0x000000000800d5cc       0x2c H23Rx\H23Rx_it.o
                0x000000000800d5cc                USART3_8_IRQHandler
 .text.DMA1_Ch1_IRQHandler
                0x000000000800d5f8        0xc H23Rx\H23Rx_it.o
                0x000000000800d5f8                DMA1_Ch1_IRQHandler
 .text.DMA1_Ch2_3_DMA2_Ch1_2_IRQHandler
                0x000000000800d604       0x40 H23Rx\H23Rx_it.o
                0x000000000800d604                DMA1_Ch2_3_DMA2_Ch1_2_IRQHandler
 .text.DMA1_Ch4_7_DMA2_Ch3_5_IRQHandler
                0x000000000800d644       0x5c H23Rx\H23Rx_it.o
                0x000000000800d644                DMA1_Ch4_7_DMA2_Ch3_5_IRQHandler
 .text.HAL_UART_TxCpltCallback
                0x000000000800d6a0       0x30 H23Rx\H23Rx_it.o
                0x000000000800d6a0                HAL_UART_TxCpltCallback
 .text.HAL_UART_ErrorCallback
                0x000000000800d6d0       0x48 H23Rx\H23Rx_it.o
                0x000000000800d6d0                HAL_UART_ErrorCallback
 .text.HAL_UART_RxCpltCallback
                0x000000000800d718       0x64 H23Rx\H23Rx_it.o
                0x000000000800d718                HAL_UART_RxCpltCallback
 .text.vApplicationStackOverflowHook
                0x000000000800d77c        0x4 H23Rx\H23Rx_it.o
                0x000000000800d77c                vApplicationStackOverflowHook
 .text.vApplicationMallocFailedHook
                0x000000000800d780        0x4 H23Rx\H23Rx_it.o
                0x000000000800d780                vApplicationMallocFailedHook
 .text.RTC_CalendarConfig
                0x000000000800d784       0xfc H23Rx\H23Rx_rtc.o
                0x000000000800d784                RTC_CalendarConfig
 .text.RTC_Init
                0x000000000800d880       0x98 H23Rx\H23Rx_rtc.o
                0x000000000800d880                RTC_Init
 .text.BOS_CalendarConfig
                0x000000000800d918       0xb4 H23Rx\H23Rx_rtc.o
                0x000000000800d918                BOS_CalendarConfig
 .text.GetTimeDate
                0x000000000800d9cc       0x64 H23Rx\H23Rx_rtc.o
                0x000000000800d9cc                GetTimeDate
 .text.TIM_USEC_Init
                0x000000000800da30       0x64 H23Rx\H23Rx_timers.o
                0x000000000800da30                TIM_USEC_Init
 .text.TIM_MSEC_Init
                0x000000000800da94       0x60 H23Rx\H23Rx_timers.o
                0x000000000800da94                TIM_MSEC_Init
 .text.StartMicroDelay
                0x000000000800daf4       0x24 H23Rx\H23Rx_timers.o
                0x000000000800daf4                StartMicroDelay
 .text.StartMilliDelay
                0x000000000800db18       0x24 H23Rx\H23Rx_timers.o
                0x000000000800db18                StartMilliDelay
 .text.MX_USART1_UART_Init
                0x000000000800db3c       0x30 H23Rx\H23Rx_uart.o
                0x000000000800db3c                MX_USART1_UART_Init
 .text.MX_USART2_UART_Init
                0x000000000800db6c       0x30 H23Rx\H23Rx_uart.o
                0x000000000800db6c                MX_USART2_UART_Init
 .text.MX_USART3_UART_Init
                0x000000000800db9c       0x30 H23Rx\H23Rx_uart.o
                0x000000000800db9c                MX_USART3_UART_Init
 .text.MX_USART4_UART_Init
                0x000000000800dbcc       0x30 H23Rx\H23Rx_uart.o
                0x000000000800dbcc                MX_USART4_UART_Init
 .text.MX_USART5_UART_Init
                0x000000000800dbfc       0x30 H23Rx\H23Rx_uart.o
                0x000000000800dbfc                MX_USART5_UART_Init
 .text.MX_USART6_UART_Init
                0x000000000800dc2c       0x30 H23Rx\H23Rx_uart.o
                0x000000000800dc2c                MX_USART6_UART_Init
 .text.HAL_UART_MspInit
                0x000000000800dc5c      0x220 H23Rx\H23Rx_uart.o
                0x000000000800dc5c                HAL_UART_MspInit
 .text.writePxMutex
                0x000000000800de7c       0x64 H23Rx\H23Rx_uart.o
                0x000000000800de7c                writePxMutex
 .text.writePxITMutex
                0x000000000800dee0       0x40 H23Rx\H23Rx_uart.o
                0x000000000800dee0                writePxITMutex
 .text.writePxDMAMutex
                0x000000000800df20       0x48 H23Rx\H23Rx_uart.o
                0x000000000800df20                writePxDMAMutex
 .text.UpdateBaudrate
                0x000000000800df68       0x24 H23Rx\H23Rx_uart.o
                0x000000000800df68                UpdateBaudrate
 .text.GetUart  0x000000000800df8c       0x18 H23Rx\H23Rx_uart.o
                0x000000000800df8c                GetUart
 .text.SwapUartPins
                0x000000000800dfa4       0x74 H23Rx\H23Rx_uart.o
                0x000000000800dfa4                SwapUartPins
 .text.Reset_Handler
                0x000000000800e018       0x8c H23Rx\startup_stm32f091xc.o
                0x000000000800e018                Reset_Handler
 .text.Default_Handler
                0x000000000800e0a4        0x2 H23Rx\startup_stm32f091xc.o
                0x000000000800e0a4                TIM1_CC_IRQHandler
                0x000000000800e0a4                TSC_IRQHandler
                0x000000000800e0a4                ADC1_COMP_IRQHandler
                0x000000000800e0a4                NMI_Handler
                0x000000000800e0a4                I2C1_IRQHandler
                0x000000000800e0a4                RCC_CRS_IRQHandler
                0x000000000800e0a4                SPI1_IRQHandler
                0x000000000800e0a4                TIM6_DAC_IRQHandler
                0x000000000800e0a4                EXTI2_3_IRQHandler
                0x000000000800e0a4                I2C2_IRQHandler
                0x000000000800e0a4                TIM17_IRQHandler
                0x000000000800e0a4                CEC_CAN_IRQHandler
                0x000000000800e0a4                RTC_IRQHandler
                0x000000000800e0a4                PVD_VDDIO2_IRQHandler
                0x000000000800e0a4                TIM16_IRQHandler
                0x000000000800e0a4                TIM3_IRQHandler
                0x000000000800e0a4                EXTI4_15_IRQHandler
                0x000000000800e0a4                Default_Handler
                0x000000000800e0a4                TIM14_IRQHandler
                0x000000000800e0a4                TIM7_IRQHandler
                0x000000000800e0a4                TIM15_IRQHandler
                0x000000000800e0a4                EXTI0_1_IRQHandler
                0x000000000800e0a4                SPI2_IRQHandler
                0x000000000800e0a4                WWDG_IRQHandler
                0x000000000800e0a4                TIM2_IRQHandler
                0x000000000800e0a4                FLASH_IRQHandler
                0x000000000800e0a4                TIM1_BRK_UP_TRG_COM_IRQHandler
 *fill*         0x000000000800e0a6        0x2 
 .text.SystemInit
                0x000000000800e0a8       0x60 Thirdparty\CMSIS\Device\ST\STM32F0xx\Source\Templates\system_stm32f0xx.o
                0x000000000800e0a8                SystemInit
 .text.osKernelStart
                0x000000000800e108        0xc Thirdparty\Middleware\FreeRTOS\Source\CMSIS_RTOS\cmsis_os.o
                0x000000000800e108                osKernelStart
 .text.osDelay  0x000000000800e114       0x10 Thirdparty\Middleware\FreeRTOS\Source\CMSIS_RTOS\cmsis_os.o
                0x000000000800e114                osDelay
 .text.osMutexRelease
                0x000000000800e124       0x48 Thirdparty\Middleware\FreeRTOS\Source\CMSIS_RTOS\cmsis_os.o
                0x000000000800e124                osMutexRelease
 .text.osSemaphoreCreate
                0x000000000800e16c       0x2c Thirdparty\Middleware\FreeRTOS\Source\CMSIS_RTOS\cmsis_os.o
                0x000000000800e16c                osSemaphoreCreate
 .text.osSemaphoreWait
                0x000000000800e198       0x54 Thirdparty\Middleware\FreeRTOS\Source\CMSIS_RTOS\cmsis_os.o
                0x000000000800e198                osSemaphoreWait
 .text.osSemaphoreRelease
                0x000000000800e1ec        0x8 Thirdparty\Middleware\FreeRTOS\Source\CMSIS_RTOS\cmsis_os.o
                0x000000000800e1ec                osSemaphoreRelease
 .text.osSystickHandler
                0x000000000800e1f4       0x10 Thirdparty\Middleware\FreeRTOS\Source\CMSIS_RTOS\cmsis_os.o
                0x000000000800e1f4                osSystickHandler
 .text.FreeRTOS_CLIRegisterCommand
                0x000000000800e204       0x38 Thirdparty\Middleware\FreeRTOS\Source\FreeRTOS_CLI.o
                0x000000000800e204                FreeRTOS_CLIRegisterCommand
 .text.FreeRTOS_CLIProcessCommand
                0x000000000800e23c       0xf0 Thirdparty\Middleware\FreeRTOS\Source\FreeRTOS_CLI.o
                0x000000000800e23c                FreeRTOS_CLIProcessCommand
 .text.FreeRTOS_CLIGetOutputBuffer
                0x000000000800e32c        0x8 Thirdparty\Middleware\FreeRTOS\Source\FreeRTOS_CLI.o
                0x000000000800e32c                FreeRTOS_CLIGetOutputBuffer
 .text.FreeRTOS_CLIGetParameter
                0x000000000800e334       0x54 Thirdparty\Middleware\FreeRTOS\Source\FreeRTOS_CLI.o
                0x000000000800e334                FreeRTOS_CLIGetParameter
 .text.prvHelpCommand
                0x000000000800e388      0x100 Thirdparty\Middleware\FreeRTOS\Source\FreeRTOS_CLI.o
 .text.xEventGroupCreate
                0x000000000800e488       0x18 Thirdparty\Middleware\FreeRTOS\Source\event_groups.o
                0x000000000800e488                xEventGroupCreate
 .text.xEventGroupWaitBits
                0x000000000800e4a0       0xd0 Thirdparty\Middleware\FreeRTOS\Source\event_groups.o
                0x000000000800e4a0                xEventGroupWaitBits
 .text.xEventGroupSetBits
                0x000000000800e570       0x9c Thirdparty\Middleware\FreeRTOS\Source\event_groups.o
                0x000000000800e570                xEventGroupSetBits
 .text.vListInitialise
                0x000000000800e60c       0x18 Thirdparty\Middleware\FreeRTOS\Source\list.o
                0x000000000800e60c                vListInitialise
 .text.vListInitialiseItem
                0x000000000800e624        0x8 Thirdparty\Middleware\FreeRTOS\Source\list.o
                0x000000000800e624                vListInitialiseItem
 .text.vListInsertEnd
                0x000000000800e62c       0x18 Thirdparty\Middleware\FreeRTOS\Source\list.o
                0x000000000800e62c                vListInsertEnd
 .text.vListInsert
                0x000000000800e644       0x30 Thirdparty\Middleware\FreeRTOS\Source\list.o
                0x000000000800e644                vListInsert
 .text.uxListRemove
                0x000000000800e674       0x20 Thirdparty\Middleware\FreeRTOS\Source\list.o
                0x000000000800e674                uxListRemove
 .text.prvTaskExitError
                0x000000000800e694       0x14 Thirdparty\Middleware\FreeRTOS\Source\portable\GCC\ARM_CM0\port.o
 .text.vPortStartFirstTask
                0x000000000800e6a8       0x20 Thirdparty\Middleware\FreeRTOS\Source\portable\GCC\ARM_CM0\port.o
 .text.pxPortInitialiseStack
                0x000000000800e6c8       0x20 Thirdparty\Middleware\FreeRTOS\Source\portable\GCC\ARM_CM0\port.o
                0x000000000800e6c8                pxPortInitialiseStack
 .text.SVC_Handler
                0x000000000800e6e8        0x4 Thirdparty\Middleware\FreeRTOS\Source\portable\GCC\ARM_CM0\port.o
                0x000000000800e6e8                SVC_Handler
 .text.xPortStartScheduler
                0x000000000800e6ec       0x54 Thirdparty\Middleware\FreeRTOS\Source\portable\GCC\ARM_CM0\port.o
                0x000000000800e6ec                xPortStartScheduler
 .text.vPortYield
                0x000000000800e740       0x18 Thirdparty\Middleware\FreeRTOS\Source\portable\GCC\ARM_CM0\port.o
                0x000000000800e740                vPortYield
 .text.vPortEnterCritical
                0x000000000800e758       0x18 Thirdparty\Middleware\FreeRTOS\Source\portable\GCC\ARM_CM0\port.o
                0x000000000800e758                vPortEnterCritical
 .text.vPortExitCritical
                0x000000000800e770       0x1c Thirdparty\Middleware\FreeRTOS\Source\portable\GCC\ARM_CM0\port.o
                0x000000000800e770                vPortExitCritical
 .text.ulSetInterruptMaskFromISR
                0x000000000800e78c        0xc Thirdparty\Middleware\FreeRTOS\Source\portable\GCC\ARM_CM0\port.o
                0x000000000800e78c                ulSetInterruptMaskFromISR
 .text.vClearInterruptMaskFromISR
                0x000000000800e798        0x8 Thirdparty\Middleware\FreeRTOS\Source\portable\GCC\ARM_CM0\port.o
                0x000000000800e798                vClearInterruptMaskFromISR
 .text.PendSV_Handler
                0x000000000800e7a0       0x44 Thirdparty\Middleware\FreeRTOS\Source\portable\GCC\ARM_CM0\port.o
                0x000000000800e7a0                PendSV_Handler
 .text.xPortSysTickHandler
                0x000000000800e7e4       0x24 Thirdparty\Middleware\FreeRTOS\Source\portable\GCC\ARM_CM0\port.o
                0x000000000800e7e4                xPortSysTickHandler
 .text.unlikely.prvInsertBlockIntoFreeList
                0x000000000800e808       0x4c Thirdparty\Middleware\FreeRTOS\Source\portable\MemMang\heap_4.o
 .text.pvPortMalloc
                0x000000000800e854       0xf8 Thirdparty\Middleware\FreeRTOS\Source\portable\MemMang\heap_4.o
                0x000000000800e854                pvPortMalloc
 .text.vPortFree
                0x000000000800e94c       0x44 Thirdparty\Middleware\FreeRTOS\Source\portable\MemMang\heap_4.o
                0x000000000800e94c                vPortFree
 .text.prvCopyDataToQueue
                0x000000000800e990       0x78 Thirdparty\Middleware\FreeRTOS\Source\queue.o
 .text.prvCopyDataFromQueue
                0x000000000800ea08       0x24 Thirdparty\Middleware\FreeRTOS\Source\queue.o
 .text.prvUnlockQueue
                0x000000000800ea2c       0xa0 Thirdparty\Middleware\FreeRTOS\Source\queue.o
 .text.xQueueGenericReset
                0x000000000800eacc       0x68 Thirdparty\Middleware\FreeRTOS\Source\queue.o
                0x000000000800eacc                xQueueGenericReset
 .text.xQueueGenericCreate
                0x000000000800eb34       0x50 Thirdparty\Middleware\FreeRTOS\Source\queue.o
                0x000000000800eb34                xQueueGenericCreate
 .text.xQueueCreateCountingSemaphore
                0x000000000800eb84       0x28 Thirdparty\Middleware\FreeRTOS\Source\queue.o
                0x000000000800eb84                xQueueCreateCountingSemaphore
 .text.xQueueGenericSend
                0x000000000800ebac      0x138 Thirdparty\Middleware\FreeRTOS\Source\queue.o
                0x000000000800ebac                xQueueGenericSend
 .text.xQueueGenericSendFromISR
                0x000000000800ece4       0x90 Thirdparty\Middleware\FreeRTOS\Source\queue.o
                0x000000000800ece4                xQueueGenericSendFromISR
 .text.xQueueGiveFromISR
                0x000000000800ed74       0x74 Thirdparty\Middleware\FreeRTOS\Source\queue.o
                0x000000000800ed74                xQueueGiveFromISR
 .text.xQueueGenericReceive
                0x000000000800ede8      0x168 Thirdparty\Middleware\FreeRTOS\Source\queue.o
                0x000000000800ede8                xQueueGenericReceive
 .text.xQueueReceiveFromISR
                0x000000000800ef50       0x7c Thirdparty\Middleware\FreeRTOS\Source\queue.o
                0x000000000800ef50                xQueueReceiveFromISR
 .text.vQueueAddToRegistry
                0x000000000800efcc       0x24 Thirdparty\Middleware\FreeRTOS\Source\queue.o
                0x000000000800efcc                vQueueAddToRegistry
 .text.vQueueWaitForMessageRestricted
                0x000000000800eff0       0x3c Thirdparty\Middleware\FreeRTOS\Source\queue.o
                0x000000000800eff0                vQueueWaitForMessageRestricted
 .text.prvWriteNameToBuffer
                0x000000000800f02c       0x30 Thirdparty\Middleware\FreeRTOS\Source\tasks.o
 .text.prvListTaskWithinSingleList.part.1
                0x000000000800f05c       0xa8 Thirdparty\Middleware\FreeRTOS\Source\tasks.o
 .text.prvResetNextTaskUnblockTime.part.2
                0x000000000800f104       0x18 Thirdparty\Middleware\FreeRTOS\Source\tasks.o
 .text.prvAddCurrentTaskToDelayedList
                0x000000000800f11c       0x3c Thirdparty\Middleware\FreeRTOS\Source\tasks.o
 .text.xTaskGenericCreate.part.5
                0x000000000800f158      0x19c Thirdparty\Middleware\FreeRTOS\Source\tasks.o
 .text.vTaskSwitchContext.part.6
                0x000000000800f2f4       0xb0 Thirdparty\Middleware\FreeRTOS\Source\tasks.o
 .text.xTaskGenericCreate
                0x000000000800f3a4       0x28 Thirdparty\Middleware\FreeRTOS\Source\tasks.o
                0x000000000800f3a4                xTaskGenericCreate
 .text.uxTaskPriorityGet
                0x000000000800f3cc       0x20 Thirdparty\Middleware\FreeRTOS\Source\tasks.o
                0x000000000800f3cc                uxTaskPriorityGet
 .text.vTaskPrioritySet
                0x000000000800f3ec       0xa4 Thirdparty\Middleware\FreeRTOS\Source\tasks.o
                0x000000000800f3ec                vTaskPrioritySet
 .text.vTaskStartScheduler
                0x000000000800f490       0x4c Thirdparty\Middleware\FreeRTOS\Source\tasks.o
                0x000000000800f490                vTaskStartScheduler
 .text.vTaskSuspendAll
                0x000000000800f4dc       0x10 Thirdparty\Middleware\FreeRTOS\Source\tasks.o
                0x000000000800f4dc                vTaskSuspendAll
 .text.xTaskGetTickCount
                0x000000000800f4ec        0xc Thirdparty\Middleware\FreeRTOS\Source\tasks.o
                0x000000000800f4ec                xTaskGetTickCount
 .text.xTaskGetTickCountFromISR
                0x000000000800f4f8        0xc Thirdparty\Middleware\FreeRTOS\Source\tasks.o
                0x000000000800f4f8                xTaskGetTickCountFromISR
 .text.xTaskIncrementTick
                0x000000000800f504      0x118 Thirdparty\Middleware\FreeRTOS\Source\tasks.o
                0x000000000800f504                xTaskIncrementTick
 .text.xTaskResumeAll
                0x000000000800f61c       0xc0 Thirdparty\Middleware\FreeRTOS\Source\tasks.o
                0x000000000800f61c                xTaskResumeAll
 .text.vTaskDelay
                0x000000000800f6dc       0x44 Thirdparty\Middleware\FreeRTOS\Source\tasks.o
                0x000000000800f6dc                vTaskDelay
 .text.prvIdleTask
                0x000000000800f720       0x64 Thirdparty\Middleware\FreeRTOS\Source\tasks.o
 .text.uxTaskGetSystemState
                0x000000000800f784       0xe4 Thirdparty\Middleware\FreeRTOS\Source\tasks.o
                0x000000000800f784                uxTaskGetSystemState
 .text.vTaskSwitchContext
                0x000000000800f868       0x1c Thirdparty\Middleware\FreeRTOS\Source\tasks.o
                0x000000000800f868                vTaskSwitchContext
 .text.vTaskPlaceOnEventList
                0x000000000800f884       0x40 Thirdparty\Middleware\FreeRTOS\Source\tasks.o
                0x000000000800f884                vTaskPlaceOnEventList
 .text.vTaskPlaceOnUnorderedEventList
                0x000000000800f8c4       0x58 Thirdparty\Middleware\FreeRTOS\Source\tasks.o
                0x000000000800f8c4                vTaskPlaceOnUnorderedEventList
 .text.vTaskPlaceOnEventListRestricted
                0x000000000800f91c       0x2c Thirdparty\Middleware\FreeRTOS\Source\tasks.o
                0x000000000800f91c                vTaskPlaceOnEventListRestricted
 .text.xTaskRemoveFromEventList
                0x000000000800f948       0x74 Thirdparty\Middleware\FreeRTOS\Source\tasks.o
                0x000000000800f948                xTaskRemoveFromEventList
 .text.xTaskRemoveFromUnorderedEventList
                0x000000000800f9bc       0x68 Thirdparty\Middleware\FreeRTOS\Source\tasks.o
                0x000000000800f9bc                xTaskRemoveFromUnorderedEventList
 .text.vTaskSetTimeOutState
                0x000000000800fa24       0x20 Thirdparty\Middleware\FreeRTOS\Source\tasks.o
                0x000000000800fa24                vTaskSetTimeOutState
 .text.xTaskCheckForTimeOut
                0x000000000800fa44       0x68 Thirdparty\Middleware\FreeRTOS\Source\tasks.o
                0x000000000800fa44                xTaskCheckForTimeOut
 .text.vTaskMissedYield
                0x000000000800faac        0xc Thirdparty\Middleware\FreeRTOS\Source\tasks.o
                0x000000000800faac                vTaskMissedYield
 .text.xTaskGetSchedulerState
                0x000000000800fab8       0x20 Thirdparty\Middleware\FreeRTOS\Source\tasks.o
                0x000000000800fab8                xTaskGetSchedulerState
 .text.vTaskPriorityInherit
                0x000000000800fad8       0x70 Thirdparty\Middleware\FreeRTOS\Source\tasks.o
                0x000000000800fad8                vTaskPriorityInherit
 .text.xTaskPriorityDisinherit
                0x000000000800fb48       0x6c Thirdparty\Middleware\FreeRTOS\Source\tasks.o
                0x000000000800fb48                xTaskPriorityDisinherit
 .text.vTaskList
                0x000000000800fbb4       0xb4 Thirdparty\Middleware\FreeRTOS\Source\tasks.o
                0x000000000800fbb4                vTaskList
 .text.vTaskGetRunTimeStats
                0x000000000800fc68       0xb8 Thirdparty\Middleware\FreeRTOS\Source\tasks.o
                0x000000000800fc68                vTaskGetRunTimeStats
 .text.uxTaskResetEventItemValue
                0x000000000800fd20       0x18 Thirdparty\Middleware\FreeRTOS\Source\tasks.o
                0x000000000800fd20                uxTaskResetEventItemValue
 .text.pvTaskIncrementMutexHeldCount
                0x000000000800fd38       0x18 Thirdparty\Middleware\FreeRTOS\Source\tasks.o
                0x000000000800fd38                pvTaskIncrementMutexHeldCount
 .text.ulTaskNotifyTake
                0x000000000800fd50       0x80 Thirdparty\Middleware\FreeRTOS\Source\tasks.o
                0x000000000800fd50                ulTaskNotifyTake
 .text.xTaskGenericNotify
                0x000000000800fdd0       0xac Thirdparty\Middleware\FreeRTOS\Source\tasks.o
                0x000000000800fdd0                xTaskGenericNotify
 .text.prvCheckForValidListAndQueue
                0x000000000800fe7c       0x50 Thirdparty\Middleware\FreeRTOS\Source\timers.o
 .text.prvInsertTimerInActiveList
                0x000000000800fecc       0x44 Thirdparty\Middleware\FreeRTOS\Source\timers.o
 .text.xTimerCreateTimerTask
                0x000000000800ff10       0x40 Thirdparty\Middleware\FreeRTOS\Source\timers.o
                0x000000000800ff10                xTimerCreateTimerTask
 .text.xTimerCreate
                0x000000000800ff50       0x40 Thirdparty\Middleware\FreeRTOS\Source\timers.o
                0x000000000800ff50                xTimerCreate
 .text.xTimerGenericCommand
                0x000000000800ff90       0x54 Thirdparty\Middleware\FreeRTOS\Source\timers.o
                0x000000000800ff90                xTimerGenericCommand
 .text.prvSwitchTimerLists
                0x000000000800ffe4       0x74 Thirdparty\Middleware\FreeRTOS\Source\timers.o
 .text.prvTimerTask
                0x0000000008010058      0x1a8 Thirdparty\Middleware\FreeRTOS\Source\timers.o
 .text.pvTimerGetTimerID
                0x0000000008010200       0x18 Thirdparty\Middleware\FreeRTOS\Source\timers.o
                0x0000000008010200                pvTimerGetTimerID
 .text.HAL_InitTick
                0x0000000008010218       0x24 Thirdparty\STM32F0xx_HAL_Driver\Src\stm32f0xx_hal.o
                0x0000000008010218                HAL_InitTick
 .text.HAL_Init
                0x000000000801023c       0x20 Thirdparty\STM32F0xx_HAL_Driver\Src\stm32f0xx_hal.o
                0x000000000801023c                HAL_Init
 .text.HAL_IncTick
                0x000000000801025c       0x10 Thirdparty\STM32F0xx_HAL_Driver\Src\stm32f0xx_hal.o
                0x000000000801025c                HAL_IncTick
 .text.HAL_GetTick
                0x000000000801026c        0xc Thirdparty\STM32F0xx_HAL_Driver\Src\stm32f0xx_hal.o
                0x000000000801026c                HAL_GetTick
 .text.HAL_Delay
                0x0000000008010278       0x1c Thirdparty\STM32F0xx_HAL_Driver\Src\stm32f0xx_hal.o
                0x0000000008010278                HAL_Delay
 .text.HAL_GetREVID
                0x0000000008010294        0xc Thirdparty\STM32F0xx_HAL_Driver\Src\stm32f0xx_hal.o
                0x0000000008010294                HAL_GetREVID
 .text.HAL_GetDEVID
                0x00000000080102a0       0x10 Thirdparty\STM32F0xx_HAL_Driver\Src\stm32f0xx_hal.o
                0x00000000080102a0                HAL_GetDEVID
 .text.ADC_Disable
                0x00000000080102b0       0x7c Thirdparty\STM32F0xx_HAL_Driver\Src\stm32f0xx_hal_adc.o
 .text.ADC_Enable
                0x000000000801032c       0xa8 Thirdparty\STM32F0xx_HAL_Driver\Src\stm32f0xx_hal_adc.o
 .text.ADC_ConversionStop
                0x00000000080103d4       0x58 Thirdparty\STM32F0xx_HAL_Driver\Src\stm32f0xx_hal_adc.o
 .text.HAL_ADC_Init
                0x000000000801042c      0x144 Thirdparty\STM32F0xx_HAL_Driver\Src\stm32f0xx_hal_adc.o
                0x000000000801042c                HAL_ADC_Init
 .text.HAL_ADC_Start
                0x0000000008010570       0x58 Thirdparty\STM32F0xx_HAL_Driver\Src\stm32f0xx_hal_adc.o
                0x0000000008010570                HAL_ADC_Start
 .text.HAL_ADC_Stop
                0x00000000080105c8       0x40 Thirdparty\STM32F0xx_HAL_Driver\Src\stm32f0xx_hal_adc.o
                0x00000000080105c8                HAL_ADC_Stop
 .text.HAL_ADC_PollForConversion
                0x0000000008010608       0xc8 Thirdparty\STM32F0xx_HAL_Driver\Src\stm32f0xx_hal_adc.o
                0x0000000008010608                HAL_ADC_PollForConversion
 .text.HAL_ADC_GetValue
                0x00000000080106d0        0xc Thirdparty\STM32F0xx_HAL_Driver\Src\stm32f0xx_hal_adc.o
                0x00000000080106d0                HAL_ADC_GetValue
 .text.HAL_ADC_ConfigChannel
                0x00000000080106dc      0x120 Thirdparty\STM32F0xx_HAL_Driver\Src\stm32f0xx_hal_adc.o
                0x00000000080106dc                HAL_ADC_ConfigChannel
 .text.HAL_NVIC_SetPriority
                0x00000000080107fc       0x58 Thirdparty\STM32F0xx_HAL_Driver\Src\stm32f0xx_hal_cortex.o
                0x00000000080107fc                HAL_NVIC_SetPriority
 .text.HAL_NVIC_EnableIRQ
                0x0000000008010854       0x14 Thirdparty\STM32F0xx_HAL_Driver\Src\stm32f0xx_hal_cortex.o
                0x0000000008010854                HAL_NVIC_EnableIRQ
 .text.HAL_NVIC_DisableIRQ
                0x0000000008010868       0x14 Thirdparty\STM32F0xx_HAL_Driver\Src\stm32f0xx_hal_cortex.o
                0x0000000008010868                HAL_NVIC_DisableIRQ
 .text.HAL_SYSTICK_Config
                0x000000000801087c       0x38 Thirdparty\STM32F0xx_HAL_Driver\Src\stm32f0xx_hal_cortex.o
                0x000000000801087c                HAL_SYSTICK_Config
 .text.HAL_SYSTICK_CLKSourceConfig
                0x00000000080108b4       0x1c Thirdparty\STM32F0xx_HAL_Driver\Src\stm32f0xx_hal_cortex.o
                0x00000000080108b4                HAL_SYSTICK_CLKSourceConfig
 .text.CRC_Handle_8
                0x00000000080108d0       0x6c Thirdparty\STM32F0xx_HAL_Driver\Src\stm32f0xx_hal_crc.o
 .text.CRC_Handle_16
                0x000000000801093c       0x2c Thirdparty\STM32F0xx_HAL_Driver\Src\stm32f0xx_hal_crc.o
 .text.HAL_CRC_Init
                0x0000000008010968       0x68 Thirdparty\STM32F0xx_HAL_Driver\Src\stm32f0xx_hal_crc.o
                0x0000000008010968                HAL_CRC_Init
 .text.HAL_CRC_Accumulate
                0x00000000080109d0       0x54 Thirdparty\STM32F0xx_HAL_Driver\Src\stm32f0xx_hal_crc.o
                0x00000000080109d0                HAL_CRC_Accumulate
 .text.HAL_CRC_Calculate
                0x0000000008010a24       0x5c Thirdparty\STM32F0xx_HAL_Driver\Src\stm32f0xx_hal_crc.o
                0x0000000008010a24                HAL_CRC_Calculate
 .text.HAL_CRCEx_Polynomial_Set
                0x0000000008010a80       0x5c Thirdparty\STM32F0xx_HAL_Driver\Src\stm32f0xx_hal_crc_ex.o
                0x0000000008010a80                HAL_CRCEx_Polynomial_Set
 .text.HAL_CRCEx_Init
                0x0000000008010adc       0x30 Thirdparty\STM32F0xx_HAL_Driver\Src\stm32f0xx_hal_crc_ex.o
                0x0000000008010adc                HAL_CRCEx_Init
 .text.HAL_DMA_Init
                0x0000000008010b0c       0x58 Thirdparty\STM32F0xx_HAL_Driver\Src\stm32f0xx_hal_dma.o
                0x0000000008010b0c                HAL_DMA_Init
 .text.HAL_DMA_Start_IT
                0x0000000008010b64       0x58 Thirdparty\STM32F0xx_HAL_Driver\Src\stm32f0xx_hal_dma.o
                0x0000000008010b64                HAL_DMA_Start_IT
 .text.HAL_DMA_Abort
                0x0000000008010bbc       0x50 Thirdparty\STM32F0xx_HAL_Driver\Src\stm32f0xx_hal_dma.o
                0x0000000008010bbc                HAL_DMA_Abort
 .text.HAL_DMA_IRQHandler
                0x0000000008010c0c      0x940 Thirdparty\STM32F0xx_HAL_Driver\Src\stm32f0xx_hal_dma.o
                0x0000000008010c0c                HAL_DMA_IRQHandler
 .text.HAL_FLASH_Unlock
                0x000000000801154c       0x24 Thirdparty\STM32F0xx_HAL_Driver\Src\stm32f0xx_hal_flash.o
                0x000000000801154c                HAL_FLASH_Unlock
 .text.HAL_FLASH_Lock
                0x0000000008011570       0x14 Thirdparty\STM32F0xx_HAL_Driver\Src\stm32f0xx_hal_flash.o
                0x0000000008011570                HAL_FLASH_Lock
 .text.FLASH_WaitForLastOperation
                0x0000000008011584       0x88 Thirdparty\STM32F0xx_HAL_Driver\Src\stm32f0xx_hal_flash.o
                0x0000000008011584                FLASH_WaitForLastOperation
 .text.HAL_FLASH_Program
                0x000000000801160c       0xc8 Thirdparty\STM32F0xx_HAL_Driver\Src\stm32f0xx_hal_flash.o
                0x000000000801160c                HAL_FLASH_Program
 .text.HAL_FLASHEx_Erase
                0x00000000080116d4       0xd8 Thirdparty\STM32F0xx_HAL_Driver\Src\stm32f0xx_hal_flash_ex.o
                0x00000000080116d4                HAL_FLASHEx_Erase
 .text.FLASH_PageErase
                0x00000000080117ac       0x24 Thirdparty\STM32F0xx_HAL_Driver\Src\stm32f0xx_hal_flash_ex.o
                0x00000000080117ac                FLASH_PageErase
 .text.HAL_GPIO_Init
                0x00000000080117d0      0x1f8 Thirdparty\STM32F0xx_HAL_Driver\Src\stm32f0xx_hal_gpio.o
                0x00000000080117d0                HAL_GPIO_Init
 .text.HAL_GPIO_DeInit
                0x00000000080119c8      0x13c Thirdparty\STM32F0xx_HAL_Driver\Src\stm32f0xx_hal_gpio.o
                0x00000000080119c8                HAL_GPIO_DeInit
 .text.HAL_GPIO_ReadPin
                0x0000000008011b04        0xc Thirdparty\STM32F0xx_HAL_Driver\Src\stm32f0xx_hal_gpio.o
                0x0000000008011b04                HAL_GPIO_ReadPin
 .text.HAL_GPIO_WritePin
                0x0000000008011b10        0xc Thirdparty\STM32F0xx_HAL_Driver\Src\stm32f0xx_hal_gpio.o
                0x0000000008011b10                HAL_GPIO_WritePin
 .text.HAL_GPIO_TogglePin
                0x0000000008011b1c        0x8 Thirdparty\STM32F0xx_HAL_Driver\Src\stm32f0xx_hal_gpio.o
                0x0000000008011b1c                HAL_GPIO_TogglePin
 .text.HAL_MspInit
                0x0000000008011b24        0x4 Thirdparty\STM32F0xx_HAL_Driver\Src\stm32f0xx_hal_msp_template.o
                0x0000000008011b24                HAL_MspInit
 .text.HAL_PWR_EnableBkUpAccess
                0x0000000008011b28       0x14 Thirdparty\STM32F0xx_HAL_Driver\Src\stm32f0xx_hal_pwr.o
                0x0000000008011b28                HAL_PWR_EnableBkUpAccess
 .text.HAL_RCC_OscConfig
                0x0000000008011b3c      0x544 Thirdparty\STM32F0xx_HAL_Driver\Src\stm32f0xx_hal_rcc.o
                0x0000000008011b3c                HAL_RCC_OscConfig
 .text.HAL_RCC_ClockConfig
                0x0000000008012080      0x230 Thirdparty\STM32F0xx_HAL_Driver\Src\stm32f0xx_hal_rcc.o
                0x0000000008012080                HAL_RCC_ClockConfig
 .text.HAL_RCC_GetSysClockFreq
                0x00000000080122b0       0x8c Thirdparty\STM32F0xx_HAL_Driver\Src\stm32f0xx_hal_rcc.o
                0x00000000080122b0                HAL_RCC_GetSysClockFreq
 .text.HAL_RCC_GetHCLKFreq
                0x000000000801233c       0x28 Thirdparty\STM32F0xx_HAL_Driver\Src\stm32f0xx_hal_rcc.o
                0x000000000801233c                HAL_RCC_GetHCLKFreq
 .text.HAL_RCC_GetPCLK1Freq
                0x0000000008012364       0x34 Thirdparty\STM32F0xx_HAL_Driver\Src\stm32f0xx_hal_rcc.o
                0x0000000008012364                HAL_RCC_GetPCLK1Freq
 .text.HAL_RCCEx_PeriphCLKConfig
                0x0000000008012398      0x128 Thirdparty\STM32F0xx_HAL_Driver\Src\stm32f0xx_hal_rcc_ex.o
                0x0000000008012398                HAL_RCCEx_PeriphCLKConfig
 .text.HAL_RTC_MspInit
                0x00000000080124c0        0x4 Thirdparty\STM32F0xx_HAL_Driver\Src\stm32f0xx_hal_rtc.o
                0x00000000080124c0                HAL_RTC_MspInit
 .text.HAL_RTC_GetTime
                0x00000000080124c4       0x60 Thirdparty\STM32F0xx_HAL_Driver\Src\stm32f0xx_hal_rtc.o
                0x00000000080124c4                HAL_RTC_GetTime
 .text.HAL_RTC_GetDate
                0x0000000008012524       0x5c Thirdparty\STM32F0xx_HAL_Driver\Src\stm32f0xx_hal_rtc.o
                0x0000000008012524                HAL_RTC_GetDate
 .text.HAL_RTC_WaitForSynchro
                0x0000000008012580       0x38 Thirdparty\STM32F0xx_HAL_Driver\Src\stm32f0xx_hal_rtc.o
                0x0000000008012580                HAL_RTC_WaitForSynchro
 .text.RTC_EnterInitMode
                0x00000000080125b8       0x3c Thirdparty\STM32F0xx_HAL_Driver\Src\stm32f0xx_hal_rtc.o
                0x00000000080125b8                RTC_EnterInitMode
 .text.HAL_RTC_Init
                0x00000000080125f4       0x90 Thirdparty\STM32F0xx_HAL_Driver\Src\stm32f0xx_hal_rtc.o
                0x00000000080125f4                HAL_RTC_Init
 .text.HAL_RTC_SetTime
                0x0000000008012684      0x128 Thirdparty\STM32F0xx_HAL_Driver\Src\stm32f0xx_hal_rtc.o
                0x0000000008012684                HAL_RTC_SetTime
 .text.HAL_RTC_SetDate
                0x00000000080127ac       0xf8 Thirdparty\STM32F0xx_HAL_Driver\Src\stm32f0xx_hal_rtc.o
                0x00000000080127ac                HAL_RTC_SetDate
 .text.HAL_RTCEx_BKUPWrite
                0x00000000080128a4        0xc Thirdparty\STM32F0xx_HAL_Driver\Src\stm32f0xx_hal_rtc_ex.o
                0x00000000080128a4                HAL_RTCEx_BKUPWrite
 .text.HAL_RTCEx_BKUPRead
                0x00000000080128b0        0xc Thirdparty\STM32F0xx_HAL_Driver\Src\stm32f0xx_hal_rtc_ex.o
                0x00000000080128b0                HAL_RTCEx_BKUPRead
 .text.HAL_TIM_Base_MspInit
                0x00000000080128bc        0x4 Thirdparty\STM32F0xx_HAL_Driver\Src\stm32f0xx_hal_tim.o
                0x00000000080128bc                HAL_TIM_Base_MspInit
 .text.HAL_TIM_Base_Start
                0x00000000080128c0       0x18 Thirdparty\STM32F0xx_HAL_Driver\Src\stm32f0xx_hal_tim.o
                0x00000000080128c0                HAL_TIM_Base_Start
 .text.TIM_Base_SetConfig
                0x00000000080128d8       0xa8 Thirdparty\STM32F0xx_HAL_Driver\Src\stm32f0xx_hal_tim.o
                0x00000000080128d8                TIM_Base_SetConfig
 .text.HAL_TIM_Base_Init
                0x0000000008012980       0x34 Thirdparty\STM32F0xx_HAL_Driver\Src\stm32f0xx_hal_tim.o
                0x0000000008012980                HAL_TIM_Base_Init
 .text.HAL_TIMEx_MasterConfigSynchronization
                0x00000000080129b4       0x44 Thirdparty\STM32F0xx_HAL_Driver\Src\stm32f0xx_hal_tim_ex.o
                0x00000000080129b4                HAL_TIMEx_MasterConfigSynchronization
 .text.HAL_UART_MspDeInit
                0x00000000080129f8        0x4 Thirdparty\STM32F0xx_HAL_Driver\Src\stm32f0xx_hal_uart.o
                0x00000000080129f8                HAL_UART_MspDeInit
 .text.HAL_UART_DeInit
                0x00000000080129fc       0x34 Thirdparty\STM32F0xx_HAL_Driver\Src\stm32f0xx_hal_uart.o
                0x00000000080129fc                HAL_UART_DeInit
 .text.HAL_UART_Transmit_IT
                0x0000000008012a30       0x68 Thirdparty\STM32F0xx_HAL_Driver\Src\stm32f0xx_hal_uart.o
                0x0000000008012a30                HAL_UART_Transmit_IT
 .text.HAL_UART_Receive_IT
                0x0000000008012a98       0xbc Thirdparty\STM32F0xx_HAL_Driver\Src\stm32f0xx_hal_uart.o
                0x0000000008012a98                HAL_UART_Receive_IT
 .text.HAL_UART_Transmit_DMA
                0x0000000008012b54       0x8c Thirdparty\STM32F0xx_HAL_Driver\Src\stm32f0xx_hal_uart.o
                0x0000000008012b54                HAL_UART_Transmit_DMA
 .text.HAL_UART_Receive_DMA
                0x0000000008012be0       0x84 Thirdparty\STM32F0xx_HAL_Driver\Src\stm32f0xx_hal_uart.o
                0x0000000008012be0                HAL_UART_Receive_DMA
 .text.UART_DMATransmitCplt
                0x0000000008012c64       0x30 Thirdparty\STM32F0xx_HAL_Driver\Src\stm32f0xx_hal_uart.o
 .text.HAL_UART_TxHalfCpltCallback
                0x0000000008012c94        0x4 Thirdparty\STM32F0xx_HAL_Driver\Src\stm32f0xx_hal_uart.o
                0x0000000008012c94                HAL_UART_TxHalfCpltCallback
 .text.UART_DMATxHalfCplt
                0x0000000008012c98        0xc Thirdparty\STM32F0xx_HAL_Driver\Src\stm32f0xx_hal_uart.o
 .text.UART_DMAReceiveCplt
                0x0000000008012ca4       0x38 Thirdparty\STM32F0xx_HAL_Driver\Src\stm32f0xx_hal_uart.o
 .text.HAL_UART_RxHalfCpltCallback
                0x0000000008012cdc        0x4 Thirdparty\STM32F0xx_HAL_Driver\Src\stm32f0xx_hal_uart.o
                0x0000000008012cdc                HAL_UART_RxHalfCpltCallback
 .text.UART_DMARxHalfCplt
                0x0000000008012ce0        0xc Thirdparty\STM32F0xx_HAL_Driver\Src\stm32f0xx_hal_uart.o
 .text.UART_DMAError
                0x0000000008012cec       0x24 Thirdparty\STM32F0xx_HAL_Driver\Src\stm32f0xx_hal_uart.o
 .text.UART_SetConfig
                0x0000000008012d10      0x1d8 Thirdparty\STM32F0xx_HAL_Driver\Src\stm32f0xx_hal_uart.o
                0x0000000008012d10                UART_SetConfig
 .text.UART_AdvFeatureConfig
                0x0000000008012ee8       0xd0 Thirdparty\STM32F0xx_HAL_Driver\Src\stm32f0xx_hal_uart.o
                0x0000000008012ee8                UART_AdvFeatureConfig
 .text.UART_WaitOnFlagUntilTimeout
                0x0000000008012fb8       0x98 Thirdparty\STM32F0xx_HAL_Driver\Src\stm32f0xx_hal_uart.o
                0x0000000008012fb8                UART_WaitOnFlagUntilTimeout
 .text.HAL_UART_Transmit
                0x0000000008013050       0xc8 Thirdparty\STM32F0xx_HAL_Driver\Src\stm32f0xx_hal_uart.o
                0x0000000008013050                HAL_UART_Transmit
 .text.UART_CheckIdleState
                0x0000000008013118       0x7c Thirdparty\STM32F0xx_HAL_Driver\Src\stm32f0xx_hal_uart.o
                0x0000000008013118                UART_CheckIdleState
 .text.HAL_UART_Init
                0x0000000008013194       0x6c Thirdparty\STM32F0xx_HAL_Driver\Src\stm32f0xx_hal_uart.o
                0x0000000008013194                HAL_UART_Init
 .text.UART_Transmit_IT
                0x0000000008013200       0x64 Thirdparty\STM32F0xx_HAL_Driver\Src\stm32f0xx_hal_uart.o
                0x0000000008013200                UART_Transmit_IT
 .text.UART_EndTransmit_IT
                0x0000000008013264       0x2c Thirdparty\STM32F0xx_HAL_Driver\Src\stm32f0xx_hal_uart.o
                0x0000000008013264                UART_EndTransmit_IT
 .text.UART_Receive_IT
                0x0000000008013290       0x8c Thirdparty\STM32F0xx_HAL_Driver\Src\stm32f0xx_hal_uart.o
                0x0000000008013290                UART_Receive_IT
 .text.HAL_UARTEx_WakeupCallback
                0x000000000801331c        0x4 Thirdparty\STM32F0xx_HAL_Driver\Src\stm32f0xx_hal_uart_ex.o
                0x000000000801331c                HAL_UARTEx_WakeupCallback
 .text.HAL_UART_IRQHandler
                0x0000000008013320      0x108 Thirdparty\STM32F0xx_HAL_Driver\Src\stm32f0xx_hal_uart_ex.o
                0x0000000008013320                HAL_UART_IRQHandler
 .text.startup.main
                0x0000000008013428        0x8 User\main.o
                0x0000000008013428                main
 .text.UserTask
                0x0000000008013430        0x4 User\main.o
                0x0000000008013430                UserTask
 .text.atof     0x0000000008013434        0xa c:/st/stm32cubeide_1.5.1/stm32cubeide/plugins/com.st.stm32cube.ide.mcu.externaltools.gnu-tools-for-stm32.7-2018-q2-update.win32_1.5.0.202011040924/tools/bin/../lib/gcc/arm-none-eabi/7.3.1/../../../../arm-none-eabi/lib/thumb/v6-m\libc.a(lib_a-atof.o)
                0x0000000008013434                atof
 .text.atoi     0x000000000801343e        0xc c:/st/stm32cubeide_1.5.1/stm32cubeide/plugins/com.st.stm32cube.ide.mcu.externaltools.gnu-tools-for-stm32.7-2018-q2-update.win32_1.5.0.202011040924/tools/bin/../lib/gcc/arm-none-eabi/7.3.1/../../../../arm-none-eabi/lib/thumb/v6-m\libc.a(lib_a-atoi.o)
                0x000000000801343e                atoi
 .text.atol     0x000000000801344a        0xc c:/st/stm32cubeide_1.5.1/stm32cubeide/plugins/com.st.stm32cube.ide.mcu.externaltools.gnu-tools-for-stm32.7-2018-q2-update.win32_1.5.0.202011040924/tools/bin/../lib/gcc/arm-none-eabi/7.3.1/../../../../arm-none-eabi/lib/thumb/v6-m\libc.a(lib_a-atol.o)
                0x000000000801344a                atol
 *fill*         0x0000000008013456        0x2 
 .text.calloc   0x0000000008013458       0x14 c:/st/stm32cubeide_1.5.1/stm32cubeide/plugins/com.st.stm32cube.ide.mcu.externaltools.gnu-tools-for-stm32.7-2018-q2-update.win32_1.5.0.202011040924/tools/bin/../lib/gcc/arm-none-eabi/7.3.1/../../../../arm-none-eabi/lib/thumb/v6-m\libc.a(lib_a-calloc.o)
                0x0000000008013458                calloc
 .text._calloc_r
                0x000000000801346c       0x58 c:/st/stm32cubeide_1.5.1/stm32cubeide/plugins/com.st.stm32cube.ide.mcu.externaltools.gnu-tools-for-stm32.7-2018-q2-update.win32_1.5.0.202011040924/tools/bin/../lib/gcc/arm-none-eabi/7.3.1/../../../../arm-none-eabi/lib/thumb/v6-m\libc.a(lib_a-callocr.o)
                0x000000000801346c                _calloc_r
 .text.__libc_init_array
                0x00000000080134c4       0x48 c:/st/stm32cubeide_1.5.1/stm32cubeide/plugins/com.st.stm32cube.ide.mcu.externaltools.gnu-tools-for-stm32.7-2018-q2-update.win32_1.5.0.202011040924/tools/bin/../lib/gcc/arm-none-eabi/7.3.1/../../../../arm-none-eabi/lib/thumb/v6-m\libc.a(lib_a-init.o)
                0x00000000080134c4                __libc_init_array
 .text.__locale_ctype_ptr_l
                0x000000000801350c        0x6 c:/st/stm32cubeide_1.5.1/stm32cubeide/plugins/com.st.stm32cube.ide.mcu.externaltools.gnu-tools-for-stm32.7-2018-q2-update.win32_1.5.0.202011040924/tools/bin/../lib/gcc/arm-none-eabi/7.3.1/../../../../arm-none-eabi/lib/thumb/v6-m\libc.a(lib_a-locale.o)
                0x000000000801350c                __locale_ctype_ptr_l
 *fill*         0x0000000008013512        0x2 
 .text.__locale_ctype_ptr
                0x0000000008013514       0x1c c:/st/stm32cubeide_1.5.1/stm32cubeide/plugins/com.st.stm32cube.ide.mcu.externaltools.gnu-tools-for-stm32.7-2018-q2-update.win32_1.5.0.202011040924/tools/bin/../lib/gcc/arm-none-eabi/7.3.1/../../../../arm-none-eabi/lib/thumb/v6-m\libc.a(lib_a-locale.o)
                0x0000000008013514                __locale_ctype_ptr
 .text.malloc   0x0000000008013530       0x14 c:/st/stm32cubeide_1.5.1/stm32cubeide/plugins/com.st.stm32cube.ide.mcu.externaltools.gnu-tools-for-stm32.7-2018-q2-update.win32_1.5.0.202011040924/tools/bin/../lib/gcc/arm-none-eabi/7.3.1/../../../../arm-none-eabi/lib/thumb/v6-m\libc.a(lib_a-malloc.o)
                0x0000000008013530                malloc
 .text.free     0x0000000008013544       0x14 c:/st/stm32cubeide_1.5.1/stm32cubeide/plugins/com.st.stm32cube.ide.mcu.externaltools.gnu-tools-for-stm32.7-2018-q2-update.win32_1.5.0.202011040924/tools/bin/../lib/gcc/arm-none-eabi/7.3.1/../../../../arm-none-eabi/lib/thumb/v6-m\libc.a(lib_a-malloc.o)
                0x0000000008013544                free
 .text._malloc_r
                0x0000000008013558      0x430 c:/st/stm32cubeide_1.5.1/stm32cubeide/plugins/com.st.stm32cube.ide.mcu.externaltools.gnu-tools-for-stm32.7-2018-q2-update.win32_1.5.0.202011040924/tools/bin/../lib/gcc/arm-none-eabi/7.3.1/../../../../arm-none-eabi/lib/thumb/v6-m\libc.a(lib_a-mallocr.o)
                0x0000000008013558                _malloc_r
 .text.__ascii_mbtowc
                0x0000000008013988       0x24 c:/st/stm32cubeide_1.5.1/stm32cubeide/plugins/com.st.stm32cube.ide.mcu.externaltools.gnu-tools-for-stm32.7-2018-q2-update.win32_1.5.0.202011040924/tools/bin/../lib/gcc/arm-none-eabi/7.3.1/../../../../arm-none-eabi/lib/thumb/v6-m\libc.a(lib_a-mbtowc_r.o)
                0x0000000008013988                __ascii_mbtowc
 .text.memcmp   0x00000000080139ac       0x1e c:/st/stm32cubeide_1.5.1/stm32cubeide/plugins/com.st.stm32cube.ide.mcu.externaltools.gnu-tools-for-stm32.7-2018-q2-update.win32_1.5.0.202011040924/tools/bin/../lib/gcc/arm-none-eabi/7.3.1/../../../../arm-none-eabi/lib/thumb/v6-m\libc.a(lib_a-memcmp.o)
                0x00000000080139ac                memcmp
 .text.memcpy   0x00000000080139ca       0x12 c:/st/stm32cubeide_1.5.1/stm32cubeide/plugins/com.st.stm32cube.ide.mcu.externaltools.gnu-tools-for-stm32.7-2018-q2-update.win32_1.5.0.202011040924/tools/bin/../lib/gcc/arm-none-eabi/7.3.1/../../../../arm-none-eabi/lib/thumb/v6-m\libc.a(lib_a-memcpy-stub.o)
                0x00000000080139ca                memcpy
 .text.memset   0x00000000080139dc       0x10 c:/st/stm32cubeide_1.5.1/stm32cubeide/plugins/com.st.stm32cube.ide.mcu.externaltools.gnu-tools-for-stm32.7-2018-q2-update.win32_1.5.0.202011040924/tools/bin/../lib/gcc/arm-none-eabi/7.3.1/../../../../arm-none-eabi/lib/thumb/v6-m\libc.a(lib_a-memset.o)
                0x00000000080139dc                memset
 .text.__malloc_lock
                0x00000000080139ec       0x10 c:/st/stm32cubeide_1.5.1/stm32cubeide/plugins/com.st.stm32cube.ide.mcu.externaltools.gnu-tools-for-stm32.7-2018-q2-update.win32_1.5.0.202011040924/tools/bin/../lib/gcc/arm-none-eabi/7.3.1/../../../../arm-none-eabi/lib/thumb/v6-m\libc.a(lib_a-mlock.o)
                0x00000000080139ec                __malloc_lock
 .text.__malloc_unlock
                0x00000000080139fc       0x10 c:/st/stm32cubeide_1.5.1/stm32cubeide/plugins/com.st.stm32cube.ide.mcu.externaltools.gnu-tools-for-stm32.7-2018-q2-update.win32_1.5.0.202011040924/tools/bin/../lib/gcc/arm-none-eabi/7.3.1/../../../../arm-none-eabi/lib/thumb/v6-m\libc.a(lib_a-mlock.o)
                0x00000000080139fc                __malloc_unlock
 .text.rand     0x0000000008013a0c       0x34 c:/st/stm32cubeide_1.5.1/stm32cubeide/plugins/com.st.stm32cube.ide.mcu.externaltools.gnu-tools-for-stm32.7-2018-q2-update.win32_1.5.0.202011040924/tools/bin/../lib/gcc/arm-none-eabi/7.3.1/../../../../arm-none-eabi/lib/thumb/v6-m\libc.a(lib_a-rand.o)
                0x0000000008013a0c                rand
 .text.realloc  0x0000000008013a40       0x14 c:/st/stm32cubeide_1.5.1/stm32cubeide/plugins/com.st.stm32cube.ide.mcu.externaltools.gnu-tools-for-stm32.7-2018-q2-update.win32_1.5.0.202011040924/tools/bin/../lib/gcc/arm-none-eabi/7.3.1/../../../../arm-none-eabi/lib/thumb/v6-m\libc.a(lib_a-realloc.o)
                0x0000000008013a40                realloc
 .text._realloc_r
                0x0000000008013a54      0x358 c:/st/stm32cubeide_1.5.1/stm32cubeide/plugins/com.st.stm32cube.ide.mcu.externaltools.gnu-tools-for-stm32.7-2018-q2-update.win32_1.5.0.202011040924/tools/bin/../lib/gcc/arm-none-eabi/7.3.1/../../../../arm-none-eabi/lib/thumb/v6-m\libc.a(lib_a-reallocr.o)
                0x0000000008013a54                _realloc_r
 .text._sbrk_r  0x0000000008013dac       0x24 c:/st/stm32cubeide_1.5.1/stm32cubeide/plugins/com.st.stm32cube.ide.mcu.externaltools.gnu-tools-for-stm32.7-2018-q2-update.win32_1.5.0.202011040924/tools/bin/../lib/gcc/arm-none-eabi/7.3.1/../../../../arm-none-eabi/lib/thumb/v6-m\libc.a(lib_a-sbrkr.o)
                0x0000000008013dac                _sbrk_r
 .text.sprintf  0x0000000008013dd0       0x40 c:/st/stm32cubeide_1.5.1/stm32cubeide/plugins/com.st.stm32cube.ide.mcu.externaltools.gnu-tools-for-stm32.7-2018-q2-update.win32_1.5.0.202011040924/tools/bin/../lib/gcc/arm-none-eabi/7.3.1/../../../../arm-none-eabi/lib/thumb/v6-m\libc.a(lib_a-sprintf.o)
                0x0000000008013dd0                sprintf
 .text.strcat   0x0000000008013e10       0x1c c:/st/stm32cubeide_1.5.1/stm32cubeide/plugins/com.st.stm32cube.ide.mcu.externaltools.gnu-tools-for-stm32.7-2018-q2-update.win32_1.5.0.202011040924/tools/bin/../lib/gcc/arm-none-eabi/7.3.1/../../../../arm-none-eabi/lib/thumb/v6-m\libc.a(lib_a-strcat.o)
                0x0000000008013e10                strcat
 .text.strchr   0x0000000008013e2c       0x1c c:/st/stm32cubeide_1.5.1/stm32cubeide/plugins/com.st.stm32cube.ide.mcu.externaltools.gnu-tools-for-stm32.7-2018-q2-update.win32_1.5.0.202011040924/tools/bin/../lib/gcc/arm-none-eabi/7.3.1/../../../../arm-none-eabi/lib/thumb/v6-m\libc.a(lib_a-strchr.o)